﻿
> calendar@0.0.0 test:coverage
> vitest run --coverage


[1m[30m[46m RUN [49m[39m[22m [36mv4.1.6 [39m[90mC:/Users/ClaudioHig├│n/.gemini/antigravity/scratch/calendar[39m
      [2mCoverage enabled with [22m[33mv8[39m

 [32mÔ£ô[39m src/components/Fab/Fab.test.tsx [2m([22m[2m2 tests[22m[2m)[22m[32m 108[2mms[22m[39m
 [32mÔ£ô[39m src/components/ViewSelector/ViewSelector.test.tsx [2m([22m[2m3 tests[22m[2m)[22m[32m 217[2mms[22m[39m
 [32mÔ£ô[39m src/components/DayDetail/DayDetail.test.tsx [2m([22m[2m3 tests[22m[2m)[22m[32m 245[2mms[22m[39m
 [32mÔ£ô[39m src/components/WeekView/WeekView.test.tsx [2m([22m[2m4 tests[22m[2m)[22m[33m 359[2mms[22m[39m
 [32mÔ£ô[39m src/components/MonthView/MonthView.test.tsx [2m([22m[2m4 tests[22m[2m)[22m[33m 507[2mms[22m[39m
 [32mÔ£ô[39m src/components/EventForm/EventForm.test.tsx [2m([22m[2m6 tests[22m[2m)[22m[33m 536[2mms[22m[39m
 [32mÔ£ô[39m src/components/Calendar/Calendar.test.tsx [2m([22m[2m3 tests[22m[2m)[22m[33m 565[2mms[22m[39m
 [32mÔ£ô[39m src/components/YearView/YearView.test.tsx [2m([22m[2m4 tests[22m[2m)[22m[33m 1201[2mms[22m[39m
     [33m[2mÔ£ô[22m[39m renders 12 months [33m 834[2mms[22m[39m
 [31mÔØ»[39m src/App.test.tsx [2m([22m[2m4 tests[22m[2m | [22m[31m1 failed[39m[2m)[22m[33m 574[2mms[22m[39m
     [32mÔ£ô[39m renders the calendar view initially[32m 198[2mms[22m[39m
     [32mÔ£ô[39m navigates to day detail when a day is clicked[32m 96[2mms[22m[39m
     [32mÔ£ô[39m navigates back to calendar from day detail[32m 145[2mms[22m[39m
[31m     [31m├ù[31m keeps FAB visible in both views[39m[32m 127[2mms[22m[39m
node.exe : 
En C:\Program Files\nodejs\npm.ps1: 16 Carácter: 5
+     & "$basedir/node$exe"  "$basedir/node_modules/npm/bin/npm-cli.js" ...
+     ~~~~~~~~~~~~~~~~~~~~~~~~~~~~~~~~~~~~~~~~~~~~~~~~~~~~~~~~~~~~~~~~~
    + CategoryInfo          : NotSpecified: (:String) [], RemoteException
    + FullyQualifiedErrorId : NativeCommandError
 
[31mÔÄ»ÔÄ»ÔÄ»ÔÄ»ÔÄ»ÔÄ»ÔÄ»[39m[1m[41m Failed Tests 1 [49m[22m[31mÔÄ»ÔÄ»ÔÄ»ÔÄ»ÔÄ»ÔÄ»ÔÄ»[39m

[41m[1m FAIL [22m[49m src/App.test.tsx[2m > [22mApp[2m > [22mkeeps FAB visible in both views
[31m[1mTestingLibraryElementError[22m[39m: Unable to find an element by: [data-testid="fab-button"]

Ignored nodes: comments, script, style
[36m<body>[39m
  [36m<div>[39m
    [36m<div[39m
      [33mclass[39m=[32m"app"[39m
    [36m>[39m
      [36m<main[39m
        [33mclass[39m=[32m"app__content"[39m
      [36m>[39m
        [36m<div[39m
          [33mclass[39m=[32m"day-detail"[39m
          [33mdata-testid[39m=[32m"day-detail"[39m
        [36m>[39m
          [36m<header[39m
            [33mclass[39m=[32m"day-detail__header"[39m
          [36m>[39m
            [36m<button[39m
              [33maria-label[39m=[32m"Volver al calendario"[39m
              [33mclass[39m=[32m"day-detail__back-btn"[39m
            [36m>[39m
              [0mÔÇ╣[0m
            [36m</button>[39m
            [36m<h2[39m
              [33mclass[39m=[32m"day-detail__date "[39m
            [36m>[39m
              [0mviernes, 15 de mayo de 2026[0m
            [36m</h2>[39m
          [36m</header>[39m
          [36m<div[39m
            [33mclass[39m=[32m"day-detail__content"[39m
          [36m>[39m
            [36m<div[39m
              [33mclass[39m=[32m"day-detail__event-list"[39m
            [36m>[39m
              [36m<div[39m
                [33mclass[39m=[32m"day-detail__event-card "[39m
                [33mdata-testid[39m=[32m"event-card-1"[39m
              [36m>[39m
                [36m<div[39m
                  [33mclass[39m=[32m"day-detail__event-checkbox"[39m
                [36m>[39m
                  [36m<input[39m
                    [33maria-label[39m=[32m"Marcar como completado"[39m
                    [33mtype[39m=[32m"checkbox"[39m
                  [36m/>[39m
                [36m</div>[39m
                [36m<div[39m
                  [33mclass[39m=[32m"day-detail__event-time"[39m
                [36m>[39m
                  [36m<span[39m
                    [33mclass[39m=[32m"day-detail__time-start"[39m
                  [36m>[39m
                    [0m09:15[0m
                  [36m</span>[39m
                  [36m<span[39m
                    [33mclass[39m=[32m"day-detail__time-end"[39m
                  [36m>[39m
                    [0m11:30[0m
                  [36m</span>[39m
                [36m</div>[39m
                [36m<div[39m
                  [33mclass[39m=[32m"day-detail__event-info"[39m
                [36m>[39m
                  [36m<div[39m
                    [33mclass[39m=[32m"day-detail__event-indicator"[39m
                    [33mstyle[39m=[32m"background-color: rgb(124, 92, 252);"[39m
                  [36m/>[39m
                  [36m<div[39m
                    [33mclass[39m=[32m"day-detail__event-text"[39m
                  [36m>[39m
                    [36m<h3[39m
                      [33mclass[39m=[32m"day-detail__event-title"[39m
                    [36m>[39m
                      [0mDaily Standup[0m
                    [36m</h3>[39m
                    [36m<p[39m
                      [33mclass[39m=[32m"day-detail__event-description"[39m
                    [36m>[39m
                      [0mReuni├│n r├ípida de equipo[0m
                    [36m</p>[39m
                  [36m</div>[39m
                [36m</div>[39m
              [36m</div>[39m
              [36m<div[39m
                [33mclass[39m=[32m"day-detail__event-card "[39m
                [33mdata-testid[39m=[32m"event-card-2"[39m
              [36m>[39m
                [36m<div[39m
                  [33mclass[39m=[32m"day-detail__event-checkbox"[39m
                [36m>[39m
                  [36m<input[39m
                    [33maria-label[39m=[32m"Marcar como completado"[39m
                    [33mtype[39m=[32m"checkbox"[39m
                  [36m/>[39m
                [36m</div>[39m
                [36m<div[39m
                  [33mclass[39m=[32m"day-detail__event-time"[39m
                [36m>[39m
                  [36m<span[39m
                    [33mclass[39m=[32m"day-detail__time-start"[39m
                  [36m>[39m
                    [0m11:30[0m
                  [36m</span>[39m
                  [36m<span[39m
                    [33mclass[39m=[32m"day-detail__time-end"[39m
                  [36m>[39m
                    [0m12:30[0m
                  [36m</span>[39m
                [36m</div>[39m
                [36m<div[39m
                  [33mclass[39m=[32m"day-detail__event-info"[39m
                [36m>[39m
                  [36m<div[39m
                    [33mclass[39m=[32m"day-detail__event-indicator"[39m
                    [33mstyle[39m=[32m"background-color: rgb(74, 222, 128);"[39m
                  [36m/>[39m
                  [36m<div[39m
                    [33mclass[39m=[32m"day-detail__event-text"[39m
                  [36m>[39m
                    [36m<h3[39m
                      [33mclass[39m=[32m"day-detail__event-title"[39m
                    [36m>[39m
                      [0mClient Call[0m
                    [36m</h3>[39m
                    [36m<p[39m
                      [33mclass[39m=[32m"day-detail__event-description"[39m
                    [36m>[39m
                      [0mDiscutir nuevos requisitos[0m
                    [36m</p>[39m
                  [36m</div>[39m
                [36m</div>[39m
              [36m</div>[39m
              [36m<div[39m
                [33mclass[39m=[32m"day-detail__event-card "[39m
                [33mdata-testid[39m=[32m"event-card-3"[39m
              [36m>[39m
                [36m<div[39m
                  [33mclass[39m=[32m"day-detail__event-checkbox"[39m
                [36m>[39m
                  [36m<input[39m
                    [33maria-label[39m=[32m"Marcar como completado"[39m
                    [33mtype[39m=[32m"checkbox"[39m
                  [36m/>[39m
                [36m</div>[39m
                [36m<div[39m
                  [33mclass[39m=[32m"day-detail__event-time"[39m
                [36m>[39m
                  [36m<span[39m
                    [33mclass[39m=[32m"day-detail__time-start"[39m
                  [36m>[39m
                    [0m14:00[0m
                  [36m</span>[39m
                [36m</div>[39m
                [36m<div[39m
                  [33mclass[39m=[32m"day-detail__event-info"[39m
                [36m>[39m
                  [36m<div[39m
                    [33mclass[39m=[32m"day-detail__event-indicator"[39m
                    [33mstyle[39m=[32m"background-color: rgb(251, 191, 36);"[39m
                  [36m/>[39m
                  [36m<div[39m
                    [33mclass[39m=[32m"day-detail__event-text"[39m
                  [36m>[39m
                    [36m<h3[39m
                      [33mclass[39m=[32m"day-detail__event-title"[39m
                    [36m>[39m
                      [0mLunch[0m
                    [36m</h3>[39m
                  [36m</div>[39m
                [36m</div>[39m
              [36m</div>[39m
            [36m</div>[39m
          [36m</div>[39m
        [36m</div>[39m
      [36m</main>[39m
    [36m</div>[39m
  [36m</div>[39m
[36m</body>[39m
[90m [2mÔØ»[22m Object.getElementError node_modules/@testing-library/dom/dist/config.js:[2m37:19[22m[39m
[90m [2mÔØ»[22m node_modules/@testing-library/dom/dist/query-helpers.js:[2m76:38[22m[39m
[90m [2mÔØ»[22m node_modules/@testing-library/dom/dist/query-helpers.js:[2m52:17[22m[39m
[90m [2mÔØ»[22m node_modules/@testing-library/dom/dist/query-helpers.js:[2m95:19[22m[39m
[36m [2mÔØ»[22m src/App.test.tsx:[2m58:19[22m[39m
    [90m 56|[39m     })[33m;[39m
    [90m 57|[39m
    [90m 58|[39m     [34mexpect[39m(screen[33m.[39m[34mgetByTestId[39m([32m'fab-button'[39m))[33m.[39m[34m
toBeInTheDocument[39m()[33m;[39m
    [90m   |[39m                   [31m^[39m
    [90m 59|[39m   })[33m;[39m
    [90m 60|[39m })[33m;[39m

[31m[2mÔÄ»ÔÄ»ÔÄ»ÔÄ»ÔÄ»ÔÄ»ÔÄ»ÔÄ»ÔÄ»ÔÄ»ÔÄ»ÔÄ»ÔÄ»ÔÄ»ÔÄ»ÔÄ»ÔÄ»ÔÄ»ÔÄ»ÔÄ»ÔÄ»ÔÄ»ÔÄ»ÔÄ»[1/1]ÔÄ»[22m[39m

[31mÔÄ»ÔÄ»ÔÄ»ÔÄ»ÔÄ»ÔÄ»[39m[1m[41m Unhandled Errors [49m[22m[31mÔÄ»ÔÄ»ÔÄ»ÔÄ»ÔÄ»ÔÄ»[39m
[31m[1m
Vitest caught 2 unhandled errors during the test run.
This might cause false positive tests. Resolve unhandled errors to make sure your tests are not affected.[22m[39m

[31mÔÄ»ÔÄ»ÔÄ»ÔÄ»[39m[1m[41m Unhandled Rejection [49m[22m[31mÔÄ»ÔÄ»ÔÄ»ÔÄ»ÔÄ»[39m
[31m[1mBulkError[22m: events.bulkAdd(): 9 of 9 operations failed. Errors: ConstraintError: A mutation operation in 
the transaction failed because a constraint was not satisfied. For example, an object such as an object store or index 
already exists and a request attempted to create a new one.[39m
[31m[2mÔÄ»ÔÄ»ÔÄ»ÔÄ»ÔÄ»ÔÄ»ÔÄ»ÔÄ»ÔÄ»ÔÄ»ÔÄ»ÔÄ»ÔÄ»ÔÄ»ÔÄ»ÔÄ»ÔÄ»ÔÄ»ÔÄ»ÔÄ»ÔÄ»ÔÄ»ÔÄ»ÔÄ»ÔÄ»ÔÄ»ÔÄ»ÔÄ»ÔÄ»ÔÄ»[22m[39m
[31m[1mSerialized Error:[22m[39m [90m{ failures: [ { stack: 'ConstraintError: A mutation operation in the 
transaction failed because a constraint was not satisfied. For example, an object such as an object store or index 
already exists and a request attempted to create a new one.\n    at BinarySearchTree._put (file:///C:/Users/ClaudioHig%
C3%B3n/.gemini/antigravity/scratch/calendar/node_modules/fake-indexeddb/build/esm/lib/binarySearchTree.js:121:13)\n    
at BinarySearchTree._put (file:///C:/Users/ClaudioHig%C3%B3n/.gemini/antigravity/scratch/calendar/node_modules/fake-ind
exeddb/build/esm/lib/binarySearchTree.js:88:21)\n    at BinarySearchTree._put (file:///C:/Users/ClaudioHig%C3%B3n/.gemi
ni/antigravity/scratch/calendar/node_modules/fake-indexeddb/build/esm/lib/binarySearchTree.js:88:21)\n    at 
BinarySearchTree.put (file:///C:/Users/ClaudioHig%C3%B3n/.gemini/antigravity/scratch/calendar/node_modules/fake-indexed
db/build/esm/lib/binarySearchTree.js:82:17)\n    at RecordStore.put (file:///C:/Users/ClaudioHig%C3%B3n/.gemini/antigra
vity/scratch/calendar/node_modules/fake-indexeddb/build/esm/lib/RecordStore.js:20:25)\n    at ObjectStore.storeRecord (
file:///C:/Users/ClaudioHig%C3%B3n/.gemini/antigravity/scratch/calendar/node_modules/fake-indexeddb/build/esm/lib/Objec
tStore.js:149:41)\n    at FDBTransaction._start (file:///C:/Users/ClaudioHig%C3%B3n/.gemini/antigravity/scratch/calenda
r/node_modules/fake-indexeddb/build/esm/FDBTransaction.js:193:26)\n    at Immediate.<anonymous> (file:///C:/Users/Claud
ioHig%C3%B3n/.gemini/antigravity/scratch/calendar/node_modules/fake-indexeddb/build/esm/lib/Database.js:39:14)\n    at 
processImmediate (node:internal/timers:485:21)', constructor: 'Function<ConstraintError>', name: 'ConstraintError', 
message: 'A mutation operation in the transaction failed because a constraint was not satisfied. For example, an 
object such as an object store or index already exists and a request attempted to create a new one.', code: +0, 
INDEX_SIZE_ERR: 1, DOMSTRING_SIZE_ERR: 2, HIERARCHY_REQUEST_ERR: 3, WRONG_DOCUMENT_ERR: 4, INVALID_CHARACTER_ERR: 5, 
NO_DATA_ALLOWED_ERR: 6, NO_MODIFICATION_ALLOWED_ERR: 7, NOT_FOUND_ERR: 8, NOT_SUPPORTED_ERR: 9, INUSE_ATTRIBUTE_ERR: 
10, INVALID_STATE_ERR: 11, SYNTAX_ERR: 12, INVALID_MODIFICATION_ERR: 13, NAMESPACE_ERR: 14, INVALID_ACCESS_ERR: 15, 
VALIDATION_ERR: 16, TYPE_MISMATCH_ERR: 17, SECURITY_ERR: 18, NETWORK_ERR: 19, ABORT_ERR: 20, URL_MISMATCH_ERR: 21, 
QUOTA_EXCEEDED_ERR: 22, TIMEOUT_ERR: 23, INVALID_NODE_TYPE_ERR: 24, DATA_CLONE_ERR: 25, toString: 
'Function<toString>', __defineGetter__: 'Function<__defineGetter__>', __defineSetter__: 'Function<__defineSetter__>', 
hasOwnProperty: 'Function<hasOwnProperty>', __lookupGetter__: 'Function<__lookupGetter__>', __lookupSetter__: 
'Function<__lookupSetter__>', isPrototypeOf: 'Function<isPrototypeOf>', propertyIsEnumerable: 
'Function<propertyIsEnumerable>', valueOf: 'Function<valueOf>', __proto__: { constructor: 'Function<ConstraintError>', 
name: '<unserializable>', message: '<unserializable>', code: '<unserializable>', INDEX_SIZE_ERR: 1, 
DOMSTRING_SIZE_ERR: 2, HIERARCHY_REQUEST_ERR: 3, WRONG_DOCUMENT_ERR: 4, INVALID_CHARACTER_ERR: 5, NO_DATA_ALLOWED_ERR: 
6, NO_MODIFICATION_ALLOWED_ERR: 7, NOT_FOUND_ERR: 8, NOT_SUPPORTED_ERR: 9, INUSE_ATTRIBUTE_ERR: 10, INVALID_STATE_ERR: 
11, SYNTAX_ERR: 12, INVALID_MODIFICATION_ERR: 13, NAMESPACE_ERR: 14, INVALID_ACCESS_ERR: 15, VALIDATION_ERR: 16, 
TYPE_MISMATCH_ERR: 17, SECURITY_ERR: 18, NETWORK_ERR: 19, ABORT_ERR: 20, URL_MISMATCH_ERR: 21, QUOTA_EXCEEDED_ERR: 22, 
TIMEOUT_ERR: 23, INVALID_NODE_TYPE_ERR: 24, DATA_CLONE_ERR: 25, toString: 'Function<toString>', __defineGetter__: 
'Function<__defineGetter__>', __defineSetter__: 'Function<__defineSetter__>', hasOwnProperty: 
'Function<hasOwnProperty>', __lookupGetter__: 'Function<__lookupGetter__>', __lookupSetter__: 
'Function<__lookupSetter__>', isPrototypeOf: 'Function<isPrototypeOf>', propertyIsEnumerable: 
'Function<propertyIsEnumerable>', valueOf: 'Function<valueOf>', __proto__: { constructor: 'Function<DOMException>', 
name: '<unserializable>', message: '<unserializable>', code: '<unserializable>', INDEX_SIZE_ERR: 1, 
DOMSTRING_SIZE_ERR: 2, HIERARCHY_REQUEST_ERR: 3, WRONG_DOCUMENT_ERR: 4, INVALID_CHARACTER_ERR: 5, NO_DATA_ALLOWED_ERR: 
6, NO_MODIFICATION_ALLOWED_ERR: 7, NOT_FOUND_ERR: 8, NOT_SUPPORTED_ERR: 9, INUSE_ATTRIBUTE_ERR: 10, INVALID_STATE_ERR: 
11, SYNTAX_ERR: 12, INVALID_MODIFICATION_ERR: 13, NAMESPACE_ERR: 14, INVALID_ACCESS_ERR: 15, VALIDATION_ERR: 16, 
TYPE_MISMATCH_ERR: 17, SECURITY_ERR: 18, NETWORK_ERR: 19, ABORT_ERR: 20, URL_MISMATCH_ERR: 21, QUOTA_EXCEEDED_ERR: 22, 
TIMEOUT_ERR: 23, INVALID_NODE_TYPE_ERR: 24, DATA_CLONE_ERR: 25, toString: 'Function<toString>', __defineGetter__: 
'Function<__defineGetter__>', __defineSetter__: 'Function<__defineSetter__>', hasOwnProperty: 
'Function<hasOwnProperty>', __lookupGetter__: 'Function<__lookupGetter__>', __lookupSetter__: 
'Function<__lookupSetter__>', isPrototypeOf: 'Function<isPrototypeOf>', propertyIsEnumerable: 
'Function<propertyIsEnumerable>', valueOf: 'Function<valueOf>', __proto__: { constructor: 'Function<Error>', name: 
'Error', message: '', toString: 'Function<toString>', __defineGetter__: 'Function<__defineGetter__>', 
__defineSetter__: 'Function<__defineSetter__>', hasOwnProperty: 'Function<hasOwnProperty>', __lookupGetter__: 
'Function<__lookupGetter__>', __lookupSetter__: 'Function<__lookupSetter__>', isPrototypeOf: 
'Function<isPrototypeOf>', propertyIsEnumerable: 'Function<propertyIsEnumerable>', valueOf: 'Function<valueOf>', 
__proto__: { constructor: 'Function<Object>', __defineGetter__: 'Function<__defineGetter__>', __defineSetter__: 
'Function<__defineSetter__>', hasOwnProperty: 'Function<hasOwnProperty>', __lookupGetter__: 
'Function<__lookupGetter__>', __lookupSetter__: 'Function<__lookupSetter__>', isPrototypeOf: 
'Function<isPrototypeOf>', propertyIsEnumerable: 'Function<propertyIsEnumerable>', toString: 'Function<toString>', 
valueOf: 'Function<valueOf>', __proto__: null, toLocaleString: 'Function<toLocaleString>' }, toLocaleString: 
'Function<toLocaleString>' }, toLocaleString: 'Function<toLocaleString>' }, toLocaleString: 'Function<toLocaleString>' 
}, toLocaleString: 'Function<toLocaleString>' }, { stack: 'ConstraintError: A mutation operation in the transaction 
failed because a constraint was not satisfied. For example, an object such as an object store or index already exists 
and a request attempted to create a new one.\n    at BinarySearchTree._put (file:///C:/Users/ClaudioHig%C3%B3n/.gemini/
antigravity/scratch/calendar/node_modules/fake-indexeddb/build/esm/lib/binarySearchTree.js:121:13)\n    at 
BinarySearchTree._put (file:///C:/Users/ClaudioHig%C3%B3n/.gemini/antigravity/scratch/calendar/node_modules/fake-indexe
ddb/build/esm/lib/binarySearchTree.js:88:21)\n    at BinarySearchTree.put (file:///C:/Users/ClaudioHig%C3%B3n/.gemini/a
ntigravity/scratch/calendar/node_modules/fake-indexeddb/build/esm/lib/binarySearchTree.js:82:17)\n    at 
RecordStore.put (file:///C:/Users/ClaudioHig%C3%B3n/.gemini/antigravity/scratch/calendar/node_modules/fake-indexeddb/bu
ild/esm/lib/RecordStore.js:20:25)\n    at ObjectStore.storeRecord (file:///C:/Users/ClaudioHig%C3%B3n/.gemini/antigravi
ty/scratch/calendar/node_modules/fake-indexeddb/build/esm/lib/ObjectStore.js:149:41)\n    at FDBTransaction._start (fil
e:///C:/Users/ClaudioHig%C3%B3n/.gemini/antigravity/scratch/calendar/node_modules/fake-indexeddb/build/esm/FDBTransacti
on.js:193:26)\n    at processImmediate (node:internal/timers:485:21)', constructor: 'Function<ConstraintError>', name: 
'ConstraintError', message: 'A mutation operation in the transaction failed because a constraint was not satisfied. 
For example, an object such as an object store or index already exists and a request attempted to create a new one.', 
code: +0, INDEX_SIZE_ERR: 1, DOMSTRING_SIZE_ERR: 2, HIERARCHY_REQUEST_ERR: 3, WRONG_DOCUMENT_ERR: 4, 
INVALID_CHARACTER_ERR: 5, NO_DATA_ALLOWED_ERR: 6, NO_MODIFICATION_ALLOWED_ERR: 7, NOT_FOUND_ERR: 8, NOT_SUPPORTED_ERR: 
9, INUSE_ATTRIBUTE_ERR: 10, INVALID_STATE_ERR: 11, SYNTAX_ERR: 12, INVALID_MODIFICATION_ERR: 13, NAMESPACE_ERR: 14, 
INVALID_ACCESS_ERR: 15, VALIDATION_ERR: 16, TYPE_MISMATCH_ERR: 17, SECURITY_ERR: 18, NETWORK_ERR: 19, ABORT_ERR: 20, 
URL_MISMATCH_ERR: 21, QUOTA_EXCEEDED_ERR: 22, TIMEOUT_ERR: 23, INVALID_NODE_TYPE_ERR: 24, DATA_CLONE_ERR: 25, 
toString: 'Function<toString>', __defineGetter__: 'Function<__defineGetter__>', __defineSetter__: 
'Function<__defineSetter__>', hasOwnProperty: 'Function<hasOwnProperty>', __lookupGetter__: 
'Function<__lookupGetter__>', __lookupSetter__: 'Function<__lookupSetter__>', isPrototypeOf: 
'Function<isPrototypeOf>', propertyIsEnumerable: 'Function<propertyIsEnumerable>', valueOf: 'Function<valueOf>', 
__proto__: { constructor: 'Function<ConstraintError>', name: '<unserializable>', message: '<unserializable>', code: 
'<unserializable>', INDEX_SIZE_ERR: 1, DOMSTRING_SIZE_ERR: 2, HIERARCHY_REQUEST_ERR: 3, WRONG_DOCUMENT_ERR: 4, 
INVALID_CHARACTER_ERR: 5, NO_DATA_ALLOWED_ERR: 6, NO_MODIFICATION_ALLOWED_ERR: 7, NOT_FOUND_ERR: 8, NOT_SUPPORTED_ERR: 
9, INUSE_ATTRIBUTE_ERR: 10, INVALID_STATE_ERR: 11, SYNTAX_ERR: 12, INVALID_MODIFICATION_ERR: 13, NAMESPACE_ERR: 14, 
INVALID_ACCESS_ERR: 15, VALIDATION_ERR: 16, TYPE_MISMATCH_ERR: 17, SECURITY_ERR: 18, NETWORK_ERR: 19, ABORT_ERR: 20, 
URL_MISMATCH_ERR: 21, QUOTA_EXCEEDED_ERR: 22, TIMEOUT_ERR: 23, INVALID_NODE_TYPE_ERR: 24, DATA_CLONE_ERR: 25, 
toString: 'Function<toString>', __defineGetter__: 'Function<__defineGetter__>', __defineSetter__: 
'Function<__defineSetter__>', hasOwnProperty: 'Function<hasOwnProperty>', __lookupGetter__: 
'Function<__lookupGetter__>', __lookupSetter__: 'Function<__lookupSetter__>', isPrototypeOf: 
'Function<isPrototypeOf>', propertyIsEnumerable: 'Function<propertyIsEnumerable>', valueOf: 'Function<valueOf>', 
__proto__: { constructor: 'Function<DOMException>', name: '<unserializable>', message: '<unserializable>', code: 
'<unserializable>', INDEX_SIZE_ERR: 1, DOMSTRING_SIZE_ERR: 2, HIERARCHY_REQUEST_ERR: 3, WRONG_DOCUMENT_ERR: 4, 
INVALID_CHARACTER_ERR: 5, NO_DATA_ALLOWED_ERR: 6, NO_MODIFICATION_ALLOWED_ERR: 7, NOT_FOUND_ERR: 8, NOT_SUPPORTED_ERR: 
9, INUSE_ATTRIBUTE_ERR: 10, INVALID_STATE_ERR: 11, SYNTAX_ERR: 12, INVALID_MODIFICATION_ERR: 13, NAMESPACE_ERR: 14, 
INVALID_ACCESS_ERR: 15, VALIDATION_ERR: 16, TYPE_MISMATCH_ERR: 17, SECURITY_ERR: 18, NETWORK_ERR: 19, ABORT_ERR: 20, 
URL_MISMATCH_ERR: 21, QUOTA_EXCEEDED_ERR: 22, TIMEOUT_ERR: 23, INVALID_NODE_TYPE_ERR: 24, DATA_CLONE_ERR: 25, 
toString: 'Function<toString>', __defineGetter__: 'Function<__defineGetter__>', __defineSetter__: 
'Function<__defineSetter__>', hasOwnProperty: 'Function<hasOwnProperty>', __lookupGetter__: 
'Function<__lookupGetter__>', __lookupSetter__: 'Function<__lookupSetter__>', isPrototypeOf: 
'Function<isPrototypeOf>', propertyIsEnumerable: 'Function<propertyIsEnumerable>', valueOf: 'Function<valueOf>', 
__proto__: { constructor: 'Function<Error>', name: 'Error', message: '', toString: 'Function<toString>', 
__defineGetter__: 'Function<__defineGetter__>', __defineSetter__: 'Function<__defineSetter__>', hasOwnProperty: 
'Function<hasOwnProperty>', __lookupGetter__: 'Function<__lookupGetter__>', __lookupSetter__: 
'Function<__lookupSetter__>', isPrototypeOf: 'Function<isPrototypeOf>', propertyIsEnumerable: 
'Function<propertyIsEnumerable>', valueOf: 'Function<valueOf>', __proto__: { constructor: 'Function<Object>', 
__defineGetter__: 'Function<__defineGetter__>', __defineSetter__: 'Function<__defineSetter__>', hasOwnProperty: 
'Function<hasOwnProperty>', __lookupGetter__: 'Function<__lookupGetter__>', __lookupSetter__: 
'Function<__lookupSetter__>', isPrototypeOf: 'Function<isPrototypeOf>', propertyIsEnumerable: 
'Function<propertyIsEnumerable>', toString: 'Function<toString>', valueOf: 'Function<valueOf>', __proto__: null, 
toLocaleString: 'Function<toLocaleString>' }, toLocaleString: 'Function<toLocaleString>' }, toLocaleString: 
'Function<toLocaleString>' }, toLocaleString: 'Function<toLocaleString>' }, toLocaleString: 'Function<toLocaleString>' 
}, { stack: 'ConstraintError: A mutation operation in the transaction failed because a constraint was not satisfied. 
For example, an object such as an object store or index already exists and a request attempted to create a new one.\n  
  at BinarySearchTree._put (file:///C:/Users/ClaudioHig%C3%B3n/.gemini/antigravity/scratch/calendar/node_modules/fake-i
ndexeddb/build/esm/lib/binarySearchTree.js:121:13)\n    at BinarySearchTree._put (file:///C:/Users/ClaudioHig%C3%B3n/.g
emini/antigravity/scratch/calendar/node_modules/fake-indexeddb/build/esm/lib/binarySearchTree.js:102:21)\n    at 
BinarySearchTree._put (file:///C:/Users/ClaudioHig%C3%B3n/.gemini/antigravity/scratch/calendar/node_modules/fake-indexe
ddb/build/esm/lib/binarySearchTree.js:88:21)\n    at BinarySearchTree.put (file:///C:/Users/ClaudioHig%C3%B3n/.gemini/a
ntigravity/scratch/calendar/node_modules/fake-indexeddb/build/esm/lib/binarySearchTree.js:82:17)\n    at 
RecordStore.put (file:///C:/Users/ClaudioHig%C3%B3n/.gemini/antigravity/scratch/calendar/node_modules/fake-indexeddb/bu
ild/esm/lib/RecordStore.js:20:25)\n    at ObjectStore.storeRecord (file:///C:/Users/ClaudioHig%C3%B3n/.gemini/antigravi
ty/scratch/calendar/node_modules/fake-indexeddb/build/esm/lib/ObjectStore.js:149:41)\n    at FDBTransaction._start (fil
e:///C:/Users/ClaudioHig%C3%B3n/.gemini/antigravity/scratch/calendar/node_modules/fake-indexeddb/build/esm/FDBTransacti
on.js:193:26)\n    at processImmediate (node:internal/timers:485:21)', constructor: 'Function<ConstraintError>', name: 
'ConstraintError', message: 'A mutation operation in the transaction failed because a constraint was not satisfied. 
For example, an object such as an object store or index already exists and a request attempted to create a new one.', 
code: +0, INDEX_SIZE_ERR: 1, DOMSTRING_SIZE_ERR: 2, HIERARCHY_REQUEST_ERR: 3, WRONG_DOCUMENT_ERR: 4, 
INVALID_CHARACTER_ERR: 5, NO_DATA_ALLOWED_ERR: 6, NO_MODIFICATION_ALLOWED_ERR: 7, NOT_FOUND_ERR: 8, NOT_SUPPORTED_ERR: 
9, INUSE_ATTRIBUTE_ERR: 10, INVALID_STATE_ERR: 11, SYNTAX_ERR: 12, INVALID_MODIFICATION_ERR: 13, NAMESPACE_ERR: 14, 
INVALID_ACCESS_ERR: 15, VALIDATION_ERR: 16, TYPE_MISMATCH_ERR: 17, SECURITY_ERR: 18, NETWORK_ERR: 19, ABORT_ERR: 20, 
URL_MISMATCH_ERR: 21, QUOTA_EXCEEDED_ERR: 22, TIMEOUT_ERR: 23, INVALID_NODE_TYPE_ERR: 24, DATA_CLONE_ERR: 25, 
toString: 'Function<toString>', __defineGetter__: 'Function<__defineGetter__>', __defineSetter__: 
'Function<__defineSetter__>', hasOwnProperty: 'Function<hasOwnProperty>', __lookupGetter__: 
'Function<__lookupGetter__>', __lookupSetter__: 'Function<__lookupSetter__>', isPrototypeOf: 
'Function<isPrototypeOf>', propertyIsEnumerable: 'Function<propertyIsEnumerable>', valueOf: 'Function<valueOf>', 
__proto__: { constructor: 'Function<ConstraintError>', name: '<unserializable>', message: '<unserializable>', code: 
'<unserializable>', INDEX_SIZE_ERR: 1, DOMSTRING_SIZE_ERR: 2, HIERARCHY_REQUEST_ERR: 3, WRONG_DOCUMENT_ERR: 4, 
INVALID_CHARACTER_ERR: 5, NO_DATA_ALLOWED_ERR: 6, NO_MODIFICATION_ALLOWED_ERR: 7, NOT_FOUND_ERR: 8, NOT_SUPPORTED_ERR: 
9, INUSE_ATTRIBUTE_ERR: 10, INVALID_STATE_ERR: 11, SYNTAX_ERR: 12, INVALID_MODIFICATION_ERR: 13, NAMESPACE_ERR: 14, 
INVALID_ACCESS_ERR: 15, VALIDATION_ERR: 16, TYPE_MISMATCH_ERR: 17, SECURITY_ERR: 18, NETWORK_ERR: 19, ABORT_ERR: 20, 
URL_MISMATCH_ERR: 21, QUOTA_EXCEEDED_ERR: 22, TIMEOUT_ERR: 23, INVALID_NODE_TYPE_ERR: 24, DATA_CLONE_ERR: 25, 
toString: 'Function<toString>', __defineGetter__: 'Function<__defineGetter__>', __defineSetter__: 
'Function<__defineSetter__>', hasOwnProperty: 'Function<hasOwnProperty>', __lookupGetter__: 
'Function<__lookupGetter__>', __lookupSetter__: 'Function<__lookupSetter__>', isPrototypeOf: 
'Function<isPrototypeOf>', propertyIsEnumerable: 'Function<propertyIsEnumerable>', valueOf: 'Function<valueOf>', 
__proto__: { constructor: 'Function<DOMException>', name: '<unserializable>', message: '<unserializable>', code: 
'<unserializable>', INDEX_SIZE_ERR: 1, DOMSTRING_SIZE_ERR: 2, HIERARCHY_REQUEST_ERR: 3, WRONG_DOCUMENT_ERR: 4, 
INVALID_CHARACTER_ERR: 5, NO_DATA_ALLOWED_ERR: 6, NO_MODIFICATION_ALLOWED_ERR: 7, NOT_FOUND_ERR: 8, NOT_SUPPORTED_ERR: 
9, INUSE_ATTRIBUTE_ERR: 10, INVALID_STATE_ERR: 11, SYNTAX_ERR: 12, INVALID_MODIFICATION_ERR: 13, NAMESPACE_ERR: 14, 
INVALID_ACCESS_ERR: 15, VALIDATION_ERR: 16, TYPE_MISMATCH_ERR: 17, SECURITY_ERR: 18, NETWORK_ERR: 19, ABORT_ERR: 20, 
URL_MISMATCH_ERR: 21, QUOTA_EXCEEDED_ERR: 22, TIMEOUT_ERR: 23, INVALID_NODE_TYPE_ERR: 24, DATA_CLONE_ERR: 25, 
toString: 'Function<toString>', __defineGetter__: 'Function<__defineGetter__>', __defineSetter__: 
'Function<__defineSetter__>', hasOwnProperty: 'Function<hasOwnProperty>', __lookupGetter__: 
'Function<__lookupGetter__>', __lookupSetter__: 'Function<__lookupSetter__>', isPrototypeOf: 
'Function<isPrototypeOf>', propertyIsEnumerable: 'Function<propertyIsEnumerable>', valueOf: 'Function<valueOf>', 
__proto__: { constructor: 'Function<Error>', name: 'Error', message: '', toString: 'Function<toString>', 
__defineGetter__: 'Function<__defineGetter__>', __defineSetter__: 'Function<__defineSetter__>', hasOwnProperty: 
'Function<hasOwnProperty>', __lookupGetter__: 'Function<__lookupGetter__>', __lookupSetter__: 
'Function<__lookupSetter__>', isPrototypeOf: 'Function<isPrototypeOf>', propertyIsEnumerable: 
'Function<propertyIsEnumerable>', valueOf: 'Function<valueOf>', __proto__: { constructor: 'Function<Object>', 
__defineGetter__: 'Function<__defineGetter__>', __defineSetter__: 'Function<__defineSetter__>', hasOwnProperty: 
'Function<hasOwnProperty>', __lookupGetter__: 'Function<__lookupGetter__>', __lookupSetter__: 
'Function<__lookupSetter__>', isPrototypeOf: 'Function<isPrototypeOf>', propertyIsEnumerable: 
'Function<propertyIsEnumerable>', toString: 'Function<toString>', valueOf: 'Function<valueOf>', __proto__: null, 
toLocaleString: 'Function<toLocaleString>' }, toLocaleString: 'Function<toLocaleString>' }, toLocaleString: 
'Function<toLocaleString>' }, toLocaleString: 'Function<toLocaleString>' }, toLocaleString: 'Function<toLocaleString>' 
}, { stack: 'ConstraintError: A mutation operation in the transaction failed because a constraint was not satisfied. 
For example, an object such as an object store or index already exists and a request attempted to create a new one.\n  
  at BinarySearchTree._put (file:///C:/Users/ClaudioHig%C3%B3n/.gemini/antigravity/scratch/calendar/node_modules/fake-i
ndexeddb/build/esm/lib/binarySearchTree.js:121:13)\n    at BinarySearchTree.put (file:///C:/Users/ClaudioHig%C3%B3n/.ge
mini/antigravity/scratch/calendar/node_modules/fake-indexeddb/build/esm/lib/binarySearchTree.js:82:17)\n    at 
RecordStore.put (file:///C:/Users/ClaudioHig%C3%B3n/.gemini/antigravity/scratch/calendar/node_modules/fake-indexeddb/bu
ild/esm/lib/RecordStore.js:20:25)\n    at ObjectStore.storeRecord (file:///C:/Users/ClaudioHig%C3%B3n/.gemini/antigravi
ty/scratch/calendar/node_modules/fake-indexeddb/build/esm/lib/ObjectStore.js:149:41)\n    at FDBTransaction._start (fil
e:///C:/Users/ClaudioHig%C3%B3n/.gemini/antigravity/scratch/calendar/node_modules/fake-indexeddb/build/esm/FDBTransacti
on.js:193:26)\n    at processImmediate (node:internal/timers:485:21)', constructor: 'Function<ConstraintError>', name: 
'ConstraintError', message: 'A mutation operation in the transaction failed because a constraint was not satisfied. 
For example, an object such as an object store or index already exists and a request attempted to create a new one.', 
code: +0, INDEX_SIZE_ERR: 1, DOMSTRING_SIZE_ERR: 2, HIERARCHY_REQUEST_ERR: 3, WRONG_DOCUMENT_ERR: 4, 
INVALID_CHARACTER_ERR: 5, NO_DATA_ALLOWED_ERR: 6, NO_MODIFICATION_ALLOWED_ERR: 7, NOT_FOUND_ERR: 8, NOT_SUPPORTED_ERR: 
9, INUSE_ATTRIBUTE_ERR: 10, INVALID_STATE_ERR: 11, SYNTAX_ERR: 12, INVALID_MODIFICATION_ERR: 13, NAMESPACE_ERR: 14, 
INVALID_ACCESS_ERR: 15, VALIDATION_ERR: 16, TYPE_MISMATCH_ERR: 17, SECURITY_ERR: 18, NETWORK_ERR: 19, ABORT_ERR: 20, 
URL_MISMATCH_ERR: 21, QUOTA_EXCEEDED_ERR: 22, TIMEOUT_ERR: 23, INVALID_NODE_TYPE_ERR: 24, DATA_CLONE_ERR: 25, 
toString: 'Function<toString>', __defineGetter__: 'Function<__defineGetter__>', __defineSetter__: 
'Function<__defineSetter__>', hasOwnProperty: 'Function<hasOwnProperty>', __lookupGetter__: 
'Function<__lookupGetter__>', __lookupSetter__: 'Function<__lookupSetter__>', isPrototypeOf: 
'Function<isPrototypeOf>', propertyIsEnumerable: 'Function<propertyIsEnumerable>', valueOf: 'Function<valueOf>', 
__proto__: { constructor: 'Function<ConstraintError>', name: '<unserializable>', message: '<unserializable>', code: 
'<unserializable>', INDEX_SIZE_ERR: 1, DOMSTRING_SIZE_ERR: 2, HIERARCHY_REQUEST_ERR: 3, WRONG_DOCUMENT_ERR: 4, 
INVALID_CHARACTER_ERR: 5, NO_DATA_ALLOWED_ERR: 6, NO_MODIFICATION_ALLOWED_ERR: 7, NOT_FOUND_ERR: 8, NOT_SUPPORTED_ERR: 
9, INUSE_ATTRIBUTE_ERR: 10, INVALID_STATE_ERR: 11, SYNTAX_ERR: 12, INVALID_MODIFICATION_ERR: 13, NAMESPACE_ERR: 14, 
INVALID_ACCESS_ERR: 15, VALIDATION_ERR: 16, TYPE_MISMATCH_ERR: 17, SECURITY_ERR: 18, NETWORK_ERR: 19, ABORT_ERR: 20, 
URL_MISMATCH_ERR: 21, QUOTA_EXCEEDED_ERR: 22, TIMEOUT_ERR: 23, INVALID_NODE_TYPE_ERR: 24, DATA_CLONE_ERR: 25, 
toString: 'Function<toString>', __defineGetter__: 'Function<__defineGetter__>', __defineSetter__: 
'Function<__defineSetter__>', hasOwnProperty: 'Function<hasOwnProperty>', __lookupGetter__: 
'Function<__lookupGetter__>', __lookupSetter__: 'Function<__lookupSetter__>', isPrototypeOf: 
'Function<isPrototypeOf>', propertyIsEnumerable: 'Function<propertyIsEnumerable>', valueOf: 'Function<valueOf>', 
__proto__: { constructor: 'Function<DOMException>', name: '<unserializable>', message: '<unserializable>', code: 
'<unserializable>', INDEX_SIZE_ERR: 1, DOMSTRING_SIZE_ERR: 2, HIERARCHY_REQUEST_ERR: 3, WRONG_DOCUMENT_ERR: 4, 
INVALID_CHARACTER_ERR: 5, NO_DATA_ALLOWED_ERR: 6, NO_MODIFICATION_ALLOWED_ERR: 7, NOT_FOUND_ERR: 8, NOT_SUPPORTED_ERR: 
9, INUSE_ATTRIBUTE_ERR: 10, INVALID_STATE_ERR: 11, SYNTAX_ERR: 12, INVALID_MODIFICATION_ERR: 13, NAMESPACE_ERR: 14, 
INVALID_ACCESS_ERR: 15, VALIDATION_ERR: 16, TYPE_MISMATCH_ERR: 17, SECURITY_ERR: 18, NETWORK_ERR: 19, ABORT_ERR: 20, 
URL_MISMATCH_ERR: 21, QUOTA_EXCEEDED_ERR: 22, TIMEOUT_ERR: 23, INVALID_NODE_TYPE_ERR: 24, DATA_CLONE_ERR: 25, 
toString: 'Function<toString>', __defineGetter__: 'Function<__defineGetter__>', __defineSetter__: 
'Function<__defineSetter__>', hasOwnProperty: 'Function<hasOwnProperty>', __lookupGetter__: 
'Function<__lookupGetter__>', __lookupSetter__: 'Function<__lookupSetter__>', isPrototypeOf: 
'Function<isPrototypeOf>', propertyIsEnumerable: 'Function<propertyIsEnumerable>', valueOf: 'Function<valueOf>', 
__proto__: { constructor: 'Function<Error>', name: 'Error', message: '', toString: 'Function<toString>', 
__defineGetter__: 'Function<__defineGetter__>', __defineSetter__: 'Function<__defineSetter__>', hasOwnProperty: 
'Function<hasOwnProperty>', __lookupGetter__: 'Function<__lookupGetter__>', __lookupSetter__: 
'Function<__lookupSetter__>', isPrototypeOf: 'Function<isPrototypeOf>', propertyIsEnumerable: 
'Function<propertyIsEnumerable>', valueOf: 'Function<valueOf>', __proto__: { constructor: 'Function<Object>', 
__defineGetter__: 'Function<__defineGetter__>', __defineSetter__: 'Function<__defineSetter__>', hasOwnProperty: 
'Function<hasOwnProperty>', __lookupGetter__: 'Function<__lookupGetter__>', __lookupSetter__: 
'Function<__lookupSetter__>', isPrototypeOf: 'Function<isPrototypeOf>', propertyIsEnumerable: 
'Function<propertyIsEnumerable>', toString: 'Function<toString>', valueOf: 'Function<valueOf>', __proto__: null, 
toLocaleString: 'Function<toLocaleString>' }, toLocaleString: 'Function<toLocaleString>' }, toLocaleString: 
'Function<toLocaleString>' }, toLocaleString: 'Function<toLocaleString>' }, toLocaleString: 'Function<toLocaleString>' 
}, { stack: 'ConstraintError: A mutation operation in the transaction failed because a constraint was not satisfied. 
For example, an object such as an object store or index already exists and a request attempted to create a new one.\n  
  at BinarySearchTree._put (file:///C:/Users/ClaudioHig%C3%B3n/.gemini/antigravity/scratch/calendar/node_modules/fake-i
ndexeddb/build/esm/lib/binarySearchTree.js:121:13)\n    at BinarySearchTree._put (file:///C:/Users/ClaudioHig%C3%B3n/.g
emini/antigravity/scratch/calendar/node_modules/fake-indexeddb/build/esm/lib/binarySearchTree.js:88:21)\n    at 
BinarySearchTree._put (file:///C:/Users/ClaudioHig%C3%B3n/.gemini/antigravity/scratch/calendar/node_modules/fake-indexe
ddb/build/esm/lib/binarySearchTree.js:102:21)\n    at BinarySearchTree.put (file:///C:/Users/ClaudioHig%C3%B3n/.gemini/
antigravity/scratch/calendar/node_modules/fake-indexeddb/build/esm/lib/binarySearchTree.js:82:17)\n    at 
RecordStore.put (file:///C:/Users/ClaudioHig%C3%B3n/.gemini/antigravity/scratch/calendar/node_modules/fake-indexeddb/bu
ild/esm/lib/RecordStore.js:20:25)\n    at ObjectStore.storeRecord (file:///C:/Users/ClaudioHig%C3%B3n/.gemini/antigravi
ty/scratch/calendar/node_modules/fake-indexeddb/build/esm/lib/ObjectStore.js:149:41)\n    at FDBTransaction._start (fil
e:///C:/Users/ClaudioHig%C3%B3n/.gemini/antigravity/scratch/calendar/node_modules/fake-indexeddb/build/esm/FDBTransacti
on.js:193:26)\n    at processImmediate (node:internal/timers:485:21)', constructor: 'Function<ConstraintError>', name: 
'ConstraintError', message: 'A mutation operation in the transaction failed because a constraint was not satisfied. 
For example, an object such as an object store or index already exists and a request attempted to create a new one.', 
code: +0, INDEX_SIZE_ERR: 1, DOMSTRING_SIZE_ERR: 2, HIERARCHY_REQUEST_ERR: 3, WRONG_DOCUMENT_ERR: 4, 
INVALID_CHARACTER_ERR: 5, NO_DATA_ALLOWED_ERR: 6, NO_MODIFICATION_ALLOWED_ERR: 7, NOT_FOUND_ERR: 8, NOT_SUPPORTED_ERR: 
9, INUSE_ATTRIBUTE_ERR: 10, INVALID_STATE_ERR: 11, SYNTAX_ERR: 12, INVALID_MODIFICATION_ERR: 13, NAMESPACE_ERR: 14, 
INVALID_ACCESS_ERR: 15, VALIDATION_ERR: 16, TYPE_MISMATCH_ERR: 17, SECURITY_ERR: 18, NETWORK_ERR: 19, ABORT_ERR: 20, 
URL_MISMATCH_ERR: 21, QUOTA_EXCEEDED_ERR: 22, TIMEOUT_ERR: 23, INVALID_NODE_TYPE_ERR: 24, DATA_CLONE_ERR: 25, 
toString: 'Function<toString>', __defineGetter__: 'Function<__defineGetter__>', __defineSetter__: 
'Function<__defineSetter__>', hasOwnProperty: 'Function<hasOwnProperty>', __lookupGetter__: 
'Function<__lookupGetter__>', __lookupSetter__: 'Function<__lookupSetter__>', isPrototypeOf: 
'Function<isPrototypeOf>', propertyIsEnumerable: 'Function<propertyIsEnumerable>', valueOf: 'Function<valueOf>', 
__proto__: { constructor: 'Function<ConstraintError>', name: '<unserializable>', message: '<unserializable>', code: 
'<unserializable>', INDEX_SIZE_ERR: 1, DOMSTRING_SIZE_ERR: 2, HIERARCHY_REQUEST_ERR: 3, WRONG_DOCUMENT_ERR: 4, 
INVALID_CHARACTER_ERR: 5, NO_DATA_ALLOWED_ERR: 6, NO_MODIFICATION_ALLOWED_ERR: 7, NOT_FOUND_ERR: 8, NOT_SUPPORTED_ERR: 
9, INUSE_ATTRIBUTE_ERR: 10, INVALID_STATE_ERR: 11, SYNTAX_ERR: 12, INVALID_MODIFICATION_ERR: 13, NAMESPACE_ERR: 14, 
INVALID_ACCESS_ERR: 15, VALIDATION_ERR: 16, TYPE_MISMATCH_ERR: 17, SECURITY_ERR: 18, NETWORK_ERR: 19, ABORT_ERR: 20, 
URL_MISMATCH_ERR: 21, QUOTA_EXCEEDED_ERR: 22, TIMEOUT_ERR: 23, INVALID_NODE_TYPE_ERR: 24, DATA_CLONE_ERR: 25, 
toString: 'Function<toString>', __defineGetter__: 'Function<__defineGetter__>', __defineSetter__: 
'Function<__defineSetter__>', hasOwnProperty: 'Function<hasOwnProperty>', __lookupGetter__: 
'Function<__lookupGetter__>', __lookupSetter__: 'Function<__lookupSetter__>', isPrototypeOf: 
'Function<isPrototypeOf>', propertyIsEnumerable: 'Function<propertyIsEnumerable>', valueOf: 'Function<valueOf>', 
__proto__: { constructor: 'Function<DOMException>', name: '<unserializable>', message: '<unserializable>', code: 
'<unserializable>', INDEX_SIZE_ERR: 1, DOMSTRING_SIZE_ERR: 2, HIERARCHY_REQUEST_ERR: 3, WRONG_DOCUMENT_ERR: 4, 
INVALID_CHARACTER_ERR: 5, NO_DATA_ALLOWED_ERR: 6, NO_MODIFICATION_ALLOWED_ERR: 7, NOT_FOUND_ERR: 8, NOT_SUPPORTED_ERR: 
9, INUSE_ATTRIBUTE_ERR: 10, INVALID_STATE_ERR: 11, SYNTAX_ERR: 12, INVALID_MODIFICATION_ERR: 13, NAMESPACE_ERR: 14, 
INVALID_ACCESS_ERR: 15, VALIDATION_ERR: 16, TYPE_MISMATCH_ERR: 17, SECURITY_ERR: 18, NETWORK_ERR: 19, ABORT_ERR: 20, 
URL_MISMATCH_ERR: 21, QUOTA_EXCEEDED_ERR: 22, TIMEOUT_ERR: 23, INVALID_NODE_TYPE_ERR: 24, DATA_CLONE_ERR: 25, 
toString: 'Function<toString>', __defineGetter__: 'Function<__defineGetter__>', __defineSetter__: 
'Function<__defineSetter__>', hasOwnProperty: 'Function<hasOwnProperty>', __lookupGetter__: 
'Function<__lookupGetter__>', __lookupSetter__: 'Function<__lookupSetter__>', isPrototypeOf: 
'Function<isPrototypeOf>', propertyIsEnumerable: 'Function<propertyIsEnumerable>', valueOf: 'Function<valueOf>', 
__proto__: { constructor: 'Function<Error>', name: 'Error', message: '', toString: 'Function<toString>', 
__defineGetter__: 'Function<__defineGetter__>', __defineSetter__: 'Function<__defineSetter__>', hasOwnProperty: 
'Function<hasOwnProperty>', __lookupGetter__: 'Function<__lookupGetter__>', __lookupSetter__: 
'Function<__lookupSetter__>', isPrototypeOf: 'Function<isPrototypeOf>', propertyIsEnumerable: 
'Function<propertyIsEnumerable>', valueOf: 'Function<valueOf>', __proto__: { constructor: 'Function<Object>', 
__defineGetter__: 'Function<__defineGetter__>', __defineSetter__: 'Function<__defineSetter__>', hasOwnProperty: 
'Function<hasOwnProperty>', __lookupGetter__: 'Function<__lookupGetter__>', __lookupSetter__: 
'Function<__lookupSetter__>', isPrototypeOf: 'Function<isPrototypeOf>', propertyIsEnumerable: 
'Function<propertyIsEnumerable>', toString: 'Function<toString>', valueOf: 'Function<valueOf>', __proto__: null, 
toLocaleString: 'Function<toLocaleString>' }, toLocaleString: 'Function<toLocaleString>' }, toLocaleString: 
'Function<toLocaleString>' }, toLocaleString: 'Function<toLocaleString>' }, toLocaleString: 'Function<toLocaleString>' 
}, { stack: 'ConstraintError: A mutation operation in the transaction failed because a constraint was not satisfied. 
For example, an object such as an object store or index already exists and a request attempted to create a new one.\n  
  at BinarySearchTree._put (file:///C:/Users/ClaudioHig%C3%B3n/.gemini/antigravity/scratch/calendar/node_modules/fake-i
ndexeddb/build/esm/lib/binarySearchTree.js:121:13)\n    at BinarySearchTree._put (file:///C:/Users/ClaudioHig%C3%B3n/.g
emini/antigravity/scratch/calendar/node_modules/fake-indexeddb/build/esm/lib/binarySearchTree.js:102:21)\n    at 
BinarySearchTree.put (file:///C:/Users/ClaudioHig%C3%B3n/.gemini/antigravity/scratch/calendar/node_modules/fake-indexed
db/build/esm/lib/binarySearchTree.js:82:17)\n    at RecordStore.put (file:///C:/Users/ClaudioHig%C3%B3n/.gemini/antigra
vity/scratch/calendar/node_modules/fake-indexeddb/build/esm/lib/RecordStore.js:20:25)\n    at ObjectStore.storeRecord (
file:///C:/Users/ClaudioHig%C3%B3n/.gemini/antigravity/scratch/calendar/node_modules/fake-indexeddb/build/esm/lib/Objec
tStore.js:149:41)\n    at FDBTransaction._start (file:///C:/Users/ClaudioHig%C3%B3n/.gemini/antigravity/scratch/calenda
r/node_modules/fake-indexeddb/build/esm/FDBTransaction.js:193:26)\n    at processImmediate 
(node:internal/timers:485:21)', constructor: 'Function<ConstraintError>', name: 'ConstraintError', message: 'A 
mutation operation in the transaction failed because a constraint was not satisfied. For example, an object such as an 
object store or index already exists and a request attempted to create a new one.', code: +0, INDEX_SIZE_ERR: 1, 
DOMSTRING_SIZE_ERR: 2, HIERARCHY_REQUEST_ERR: 3, WRONG_DOCUMENT_ERR: 4, INVALID_CHARACTER_ERR: 5, NO_DATA_ALLOWED_ERR: 
6, NO_MODIFICATION_ALLOWED_ERR: 7, NOT_FOUND_ERR: 8, NOT_SUPPORTED_ERR: 9, INUSE_ATTRIBUTE_ERR: 10, INVALID_STATE_ERR: 
11, SYNTAX_ERR: 12, INVALID_MODIFICATION_ERR: 13, NAMESPACE_ERR: 14, INVALID_ACCESS_ERR: 15, VALIDATION_ERR: 16, 
TYPE_MISMATCH_ERR: 17, SECURITY_ERR: 18, NETWORK_ERR: 19, ABORT_ERR: 20, URL_MISMATCH_ERR: 21, QUOTA_EXCEEDED_ERR: 22, 
TIMEOUT_ERR: 23, INVALID_NODE_TYPE_ERR: 24, DATA_CLONE_ERR: 25, toString: 'Function<toString>', __defineGetter__: 
'Function<__defineGetter__>', __defineSetter__: 'Function<__defineSetter__>', hasOwnProperty: 
'Function<hasOwnProperty>', __lookupGetter__: 'Function<__lookupGetter__>', __lookupSetter__: 
'Function<__lookupSetter__>', isPrototypeOf: 'Function<isPrototypeOf>', propertyIsEnumerable: 
'Function<propertyIsEnumerable>', valueOf: 'Function<valueOf>', __proto__: { constructor: 'Function<ConstraintError>', 
name: '<unserializable>', message: '<unserializable>', code: '<unserializable>', INDEX_SIZE_ERR: 1, 
DOMSTRING_SIZE_ERR: 2, HIERARCHY_REQUEST_ERR: 3, WRONG_DOCUMENT_ERR: 4, INVALID_CHARACTER_ERR: 5, NO_DATA_ALLOWED_ERR: 
6, NO_MODIFICATION_ALLOWED_ERR: 7, NOT_FOUND_ERR: 8, NOT_SUPPORTED_ERR: 9, INUSE_ATTRIBUTE_ERR: 10, INVALID_STATE_ERR: 
11, SYNTAX_ERR: 12, INVALID_MODIFICATION_ERR: 13, NAMESPACE_ERR: 14, INVALID_ACCESS_ERR: 15, VALIDATION_ERR: 16, 
TYPE_MISMATCH_ERR: 17, SECURITY_ERR: 18, NETWORK_ERR: 19, ABORT_ERR: 20, URL_MISMATCH_ERR: 21, QUOTA_EXCEEDED_ERR: 22, 
TIMEOUT_ERR: 23, INVALID_NODE_TYPE_ERR: 24, DATA_CLONE_ERR: 25, toString: 'Function<toString>', __defineGetter__: 
'Function<__defineGetter__>', __defineSetter__: 'Function<__defineSetter__>', hasOwnProperty: 
'Function<hasOwnProperty>', __lookupGetter__: 'Function<__lookupGetter__>', __lookupSetter__: 
'Function<__lookupSetter__>', isPrototypeOf: 'Function<isPrototypeOf>', propertyIsEnumerable: 
'Function<propertyIsEnumerable>', valueOf: 'Function<valueOf>', __proto__: { constructor: 'Function<DOMException>', 
name: '<unserializable>', message: '<unserializable>', code: '<unserializable>', INDEX_SIZE_ERR: 1, 
DOMSTRING_SIZE_ERR: 2, HIERARCHY_REQUEST_ERR: 3, WRONG_DOCUMENT_ERR: 4, INVALID_CHARACTER_ERR: 5, NO_DATA_ALLOWED_ERR: 
6, NO_MODIFICATION_ALLOWED_ERR: 7, NOT_FOUND_ERR: 8, NOT_SUPPORTED_ERR: 9, INUSE_ATTRIBUTE_ERR: 10, INVALID_STATE_ERR: 
11, SYNTAX_ERR: 12, INVALID_MODIFICATION_ERR: 13, NAMESPACE_ERR: 14, INVALID_ACCESS_ERR: 15, VALIDATION_ERR: 16, 
TYPE_MISMATCH_ERR: 17, SECURITY_ERR: 18, NETWORK_ERR: 19, ABORT_ERR: 20, URL_MISMATCH_ERR: 21, QUOTA_EXCEEDED_ERR: 22, 
TIMEOUT_ERR: 23, INVALID_NODE_TYPE_ERR: 24, DATA_CLONE_ERR: 25, toString: 'Function<toString>', __defineGetter__: 
'Function<__defineGetter__>', __defineSetter__: 'Function<__defineSetter__>', hasOwnProperty: 
'Function<hasOwnProperty>', __lookupGetter__: 'Function<__lookupGetter__>', __lookupSetter__: 
'Function<__lookupSetter__>', isPrototypeOf: 'Function<isPrototypeOf>', propertyIsEnumerable: 
'Function<propertyIsEnumerable>', valueOf: 'Function<valueOf>', __proto__: { constructor: 'Function<Error>', name: 
'Error', message: '', toString: 'Function<toString>', __defineGetter__: 'Function<__defineGetter__>', 
__defineSetter__: 'Function<__defineSetter__>', hasOwnProperty: 'Function<hasOwnProperty>', __lookupGetter__: 
'Function<__lookupGetter__>', __lookupSetter__: 'Function<__lookupSetter__>', isPrototypeOf: 
'Function<isPrototypeOf>', propertyIsEnumerable: 'Function<propertyIsEnumerable>', valueOf: 'Function<valueOf>', 
__proto__: { constructor: 'Function<Object>', __defineGetter__: 'Function<__defineGetter__>', __defineSetter__: 
'Function<__defineSetter__>', hasOwnProperty: 'Function<hasOwnProperty>', __lookupGetter__: 
'Function<__lookupGetter__>', __lookupSetter__: 'Function<__lookupSetter__>', isPrototypeOf: 
'Function<isPrototypeOf>', propertyIsEnumerable: 'Function<propertyIsEnumerable>', toString: 'Function<toString>', 
valueOf: 'Function<valueOf>', __proto__: null, toLocaleString: 'Function<toLocaleString>' }, toLocaleString: 
'Function<toLocaleString>' }, toLocaleString: 'Function<toLocaleString>' }, toLocaleString: 'Function<toLocaleString>' 
}, toLocaleString: 'Function<toLocaleString>' }, { stack: 'ConstraintError: A mutation operation in the transaction 
failed because a constraint was not satisfied. For example, an object such as an object store or index already exists 
and a request attempted to create a new one.\n    at BinarySearchTree._put (file:///C:/Users/ClaudioHig%C3%B3n/.gemini/
antigravity/scratch/calendar/node_modules/fake-indexeddb/build/esm/lib/binarySearchTree.js:121:13)\n    at 
BinarySearchTree._put (file:///C:/Users/ClaudioHig%C3%B3n/.gemini/antigravity/scratch/calendar/node_modules/fake-indexe
ddb/build/esm/lib/binarySearchTree.js:88:21)\n    at BinarySearchTree._put (file:///C:/Users/ClaudioHig%C3%B3n/.gemini/
antigravity/scratch/calendar/node_modules/fake-indexeddb/build/esm/lib/binarySearchTree.js:102:21)\n    at 
BinarySearchTree._put (file:///C:/Users/ClaudioHig%C3%B3n/.gemini/antigravity/scratch/calendar/node_modules/fake-indexe
ddb/build/esm/lib/binarySearchTree.js:102:21)\n    at BinarySearchTree.put (file:///C:/Users/ClaudioHig%C3%B3n/.gemini/
antigravity/scratch/calendar/node_modules/fake-indexeddb/build/esm/lib/binarySearchTree.js:82:17)\n    at 
RecordStore.put (file:///C:/Users/ClaudioHig%C3%B3n/.gemini/antigravity/scratch/calendar/node_modules/fake-indexeddb/bu
ild/esm/lib/RecordStore.js:20:25)\n    at ObjectStore.storeRecord (file:///C:/Users/ClaudioHig%C3%B3n/.gemini/antigravi
ty/scratch/calendar/node_modules/fake-indexeddb/build/esm/lib/ObjectStore.js:149:41)\n    at FDBTransaction._start (fil
e:///C:/Users/ClaudioHig%C3%B3n/.gemini/antigravity/scratch/calendar/node_modules/fake-indexeddb/build/esm/FDBTransacti
on.js:193:26)\n    at processImmediate (node:internal/timers:485:21)', constructor: 'Function<ConstraintError>', name: 
'ConstraintError', message: 'A mutation operation in the transaction failed because a constraint was not satisfied. 
For example, an object such as an object store or index already exists and a request attempted to create a new one.', 
code: +0, INDEX_SIZE_ERR: 1, DOMSTRING_SIZE_ERR: 2, HIERARCHY_REQUEST_ERR: 3, WRONG_DOCUMENT_ERR: 4, 
INVALID_CHARACTER_ERR: 5, NO_DATA_ALLOWED_ERR: 6, NO_MODIFICATION_ALLOWED_ERR: 7, NOT_FOUND_ERR: 8, NOT_SUPPORTED_ERR: 
9, INUSE_ATTRIBUTE_ERR: 10, INVALID_STATE_ERR: 11, SYNTAX_ERR: 12, INVALID_MODIFICATION_ERR: 13, NAMESPACE_ERR: 14, 
INVALID_ACCESS_ERR: 15, VALIDATION_ERR: 16, TYPE_MISMATCH_ERR: 17, SECURITY_ERR: 18, NETWORK_ERR: 19, ABORT_ERR: 20, 
URL_MISMATCH_ERR: 21, QUOTA_EXCEEDED_ERR: 22, TIMEOUT_ERR: 23, INVALID_NODE_TYPE_ERR: 24, DATA_CLONE_ERR: 25, 
toString: 'Function<toString>', __defineGetter__: 'Function<__defineGetter__>', __defineSetter__: 
'Function<__defineSetter__>', hasOwnProperty: 'Function<hasOwnProperty>', __lookupGetter__: 
'Function<__lookupGetter__>', __lookupSetter__: 'Function<__lookupSetter__>', isPrototypeOf: 
'Function<isPrototypeOf>', propertyIsEnumerable: 'Function<propertyIsEnumerable>', valueOf: 'Function<valueOf>', 
__proto__: { constructor: 'Function<ConstraintError>', name: '<unserializable>', message: '<unserializable>', code: 
'<unserializable>', INDEX_SIZE_ERR: 1, DOMSTRING_SIZE_ERR: 2, HIERARCHY_REQUEST_ERR: 3, WRONG_DOCUMENT_ERR: 4, 
INVALID_CHARACTER_ERR: 5, NO_DATA_ALLOWED_ERR: 6, NO_MODIFICATION_ALLOWED_ERR: 7, NOT_FOUND_ERR: 8, NOT_SUPPORTED_ERR: 
9, INUSE_ATTRIBUTE_ERR: 10, INVALID_STATE_ERR: 11, SYNTAX_ERR: 12, INVALID_MODIFICATION_ERR: 13, NAMESPACE_ERR: 14, 
INVALID_ACCESS_ERR: 15, VALIDATION_ERR: 16, TYPE_MISMATCH_ERR: 17, SECURITY_ERR: 18, NETWORK_ERR: 19, ABORT_ERR: 20, 
URL_MISMATCH_ERR: 21, QUOTA_EXCEEDED_ERR: 22, TIMEOUT_ERR: 23, INVALID_NODE_TYPE_ERR: 24, DATA_CLONE_ERR: 25, 
toString: 'Function<toString>', __defineGetter__: 'Function<__defineGetter__>', __defineSetter__: 
'Function<__defineSetter__>', hasOwnProperty: 'Function<hasOwnProperty>', __lookupGetter__: 
'Function<__lookupGetter__>', __lookupSetter__: 'Function<__lookupSetter__>', isPrototypeOf: 
'Function<isPrototypeOf>', propertyIsEnumerable: 'Function<propertyIsEnumerable>', valueOf: 'Function<valueOf>', 
__proto__: { constructor: 'Function<DOMException>', name: '<unserializable>', message: '<unserializable>', code: 
'<unserializable>', INDEX_SIZE_ERR: 1, DOMSTRING_SIZE_ERR: 2, HIERARCHY_REQUEST_ERR: 3, WRONG_DOCUMENT_ERR: 4, 
INVALID_CHARACTER_ERR: 5, NO_DATA_ALLOWED_ERR: 6, NO_MODIFICATION_ALLOWED_ERR: 7, NOT_FOUND_ERR: 8, NOT_SUPPORTED_ERR: 
9, INUSE_ATTRIBUTE_ERR: 10, INVALID_STATE_ERR: 11, SYNTAX_ERR: 12, INVALID_MODIFICATION_ERR: 13, NAMESPACE_ERR: 14, 
INVALID_ACCESS_ERR: 15, VALIDATION_ERR: 16, TYPE_MISMATCH_ERR: 17, SECURITY_ERR: 18, NETWORK_ERR: 19, ABORT_ERR: 20, 
URL_MISMATCH_ERR: 21, QUOTA_EXCEEDED_ERR: 22, TIMEOUT_ERR: 23, INVALID_NODE_TYPE_ERR: 24, DATA_CLONE_ERR: 25, 
toString: 'Function<toString>', __defineGetter__: 'Function<__defineGetter__>', __defineSetter__: 
'Function<__defineSetter__>', hasOwnProperty: 'Function<hasOwnProperty>', __lookupGetter__: 
'Function<__lookupGetter__>', __lookupSetter__: 'Function<__lookupSetter__>', isPrototypeOf: 
'Function<isPrototypeOf>', propertyIsEnumerable: 'Function<propertyIsEnumerable>', valueOf: 'Function<valueOf>', 
__proto__: { constructor: 'Function<Error>', name: 'Error', message: '', toString: 'Function<toString>', 
__defineGetter__: 'Function<__defineGetter__>', __defineSetter__: 'Function<__defineSetter__>', hasOwnProperty: 
'Function<hasOwnProperty>', __lookupGetter__: 'Function<__lookupGetter__>', __lookupSetter__: 
'Function<__lookupSetter__>', isPrototypeOf: 'Function<isPrototypeOf>', propertyIsEnumerable: 
'Function<propertyIsEnumerable>', valueOf: 'Function<valueOf>', __proto__: { constructor: 'Function<Object>', 
__defineGetter__: 'Function<__defineGetter__>', __defineSetter__: 'Function<__defineSetter__>', hasOwnProperty: 
'Function<hasOwnProperty>', __lookupGetter__: 'Function<__lookupGetter__>', __lookupSetter__: 
'Function<__lookupSetter__>', isPrototypeOf: 'Function<isPrototypeOf>', propertyIsEnumerable: 
'Function<propertyIsEnumerable>', toString: 'Function<toString>', valueOf: 'Function<valueOf>', __proto__: null, 
toLocaleString: 'Function<toLocaleString>' }, toLocaleString: 'Function<toLocaleString>' }, toLocaleString: 
'Function<toLocaleString>' }, toLocaleString: 'Function<toLocaleString>' }, toLocaleString: 'Function<toLocaleString>' 
}, { stack: 'ConstraintError: A mutation operation in the transaction failed because a constraint was not satisfied. 
For example, an object such as an object store or index already exists and a request attempted to create a new one.\n  
  at BinarySearchTree._put (file:///C:/Users/ClaudioHig%C3%B3n/.gemini/antigravity/scratch/calendar/node_modules/fake-i
ndexeddb/build/esm/lib/binarySearchTree.js:121:13)\n    at BinarySearchTree._put (file:///C:/Users/ClaudioHig%C3%B3n/.g
emini/antigravity/scratch/calendar/node_modules/fake-indexeddb/build/esm/lib/binarySearchTree.js:102:21)\n    at 
BinarySearchTree._put (file:///C:/Users/ClaudioHig%C3%B3n/.gemini/antigravity/scratch/calendar/node_modules/fake-indexe
ddb/build/esm/lib/binarySearchTree.js:102:21)\n    at BinarySearchTree.put (file:///C:/Users/ClaudioHig%C3%B3n/.gemini/
antigravity/scratch/calendar/node_modules/fake-indexeddb/build/esm/lib/binarySearchTree.js:82:17)\n    at 
RecordStore.put (file:///C:/Users/ClaudioHig%C3%B3n/.gemini/antigravity/scratch/calendar/node_modules/fake-indexeddb/bu
ild/esm/lib/RecordStore.js:20:25)\n    at ObjectStore.storeRecord (file:///C:/Users/ClaudioHig%C3%B3n/.gemini/antigravi
ty/scratch/calendar/node_modules/fake-indexeddb/build/esm/lib/ObjectStore.js:149:41)\n    at FDBTransaction._start (fil
e:///C:/Users/ClaudioHig%C3%B3n/.gemini/antigravity/scratch/calendar/node_modules/fake-indexeddb/build/esm/FDBTransacti
on.js:193:26)\n    at processImmediate (node:internal/timers:485:21)', constructor: 'Function<ConstraintError>', name: 
'ConstraintError', message: 'A mutation operation in the transaction failed because a constraint was not satisfied. 
For example, an object such as an object store or index already exists and a request attempted to create a new one.', 
code: +0, INDEX_SIZE_ERR: 1, DOMSTRING_SIZE_ERR: 2, HIERARCHY_REQUEST_ERR: 3, WRONG_DOCUMENT_ERR: 4, 
INVALID_CHARACTER_ERR: 5, NO_DATA_ALLOWED_ERR: 6, NO_MODIFICATION_ALLOWED_ERR: 7, NOT_FOUND_ERR: 8, NOT_SUPPORTED_ERR: 
9, INUSE_ATTRIBUTE_ERR: 10, INVALID_STATE_ERR: 11, SYNTAX_ERR: 12, INVALID_MODIFICATION_ERR: 13, NAMESPACE_ERR: 14, 
INVALID_ACCESS_ERR: 15, VALIDATION_ERR: 16, TYPE_MISMATCH_ERR: 17, SECURITY_ERR: 18, NETWORK_ERR: 19, ABORT_ERR: 20, 
URL_MISMATCH_ERR: 21, QUOTA_EXCEEDED_ERR: 22, TIMEOUT_ERR: 23, INVALID_NODE_TYPE_ERR: 24, DATA_CLONE_ERR: 25, 
toString: 'Function<toString>', __defineGetter__: 'Function<__defineGetter__>', __defineSetter__: 
'Function<__defineSetter__>', hasOwnProperty: 'Function<hasOwnProperty>', __lookupGetter__: 
'Function<__lookupGetter__>', __lookupSetter__: 'Function<__lookupSetter__>', isPrototypeOf: 
'Function<isPrototypeOf>', propertyIsEnumerable: 'Function<propertyIsEnumerable>', valueOf: 'Function<valueOf>', 
__proto__: { constructor: 'Function<ConstraintError>', name: '<unserializable>', message: '<unserializable>', code: 
'<unserializable>', INDEX_SIZE_ERR: 1, DOMSTRING_SIZE_ERR: 2, HIERARCHY_REQUEST_ERR: 3, WRONG_DOCUMENT_ERR: 4, 
INVALID_CHARACTER_ERR: 5, NO_DATA_ALLOWED_ERR: 6, NO_MODIFICATION_ALLOWED_ERR: 7, NOT_FOUND_ERR: 8, NOT_SUPPORTED_ERR: 
9, INUSE_ATTRIBUTE_ERR: 10, INVALID_STATE_ERR: 11, SYNTAX_ERR: 12, INVALID_MODIFICATION_ERR: 13, NAMESPACE_ERR: 14, 
INVALID_ACCESS_ERR: 15, VALIDATION_ERR: 16, TYPE_MISMATCH_ERR: 17, SECURITY_ERR: 18, NETWORK_ERR: 19, ABORT_ERR: 20, 
URL_MISMATCH_ERR: 21, QUOTA_EXCEEDED_ERR: 22, TIMEOUT_ERR: 23, INVALID_NODE_TYPE_ERR: 24, DATA_CLONE_ERR: 25, 
toString: 'Function<toString>', __defineGetter__: 'Function<__defineGetter__>', __defineSetter__: 
'Function<__defineSetter__>', hasOwnProperty: 'Function<hasOwnProperty>', __lookupGetter__: 
'Function<__lookupGetter__>', __lookupSetter__: 'Function<__lookupSetter__>', isPrototypeOf: 
'Function<isPrototypeOf>', propertyIsEnumerable: 'Function<propertyIsEnumerable>', valueOf: 'Function<valueOf>', 
__proto__: { constructor: 'Function<DOMException>', name: '<unserializable>', message: '<unserializable>', code: 
'<unserializable>', INDEX_SIZE_ERR: 1, DOMSTRING_SIZE_ERR: 2, HIERARCHY_REQUEST_ERR: 3, WRONG_DOCUMENT_ERR: 4, 
INVALID_CHARACTER_ERR: 5, NO_DATA_ALLOWED_ERR: 6, NO_MODIFICATION_ALLOWED_ERR: 7, NOT_FOUND_ERR: 8, NOT_SUPPORTED_ERR: 
9, INUSE_ATTRIBUTE_ERR: 10, INVALID_STATE_ERR: 11, SYNTAX_ERR: 12, INVALID_MODIFICATION_ERR: 13, NAMESPACE_ERR: 14, 
INVALID_ACCESS_ERR: 15, VALIDATION_ERR: 16, TYPE_MISMATCH_ERR: 17, SECURITY_ERR: 18, NETWORK_ERR: 19, ABORT_ERR: 20, 
URL_MISMATCH_ERR: 21, QUOTA_EXCEEDED_ERR: 22, TIMEOUT_ERR: 23, INVALID_NODE_TYPE_ERR: 24, DATA_CLONE_ERR: 25, 
toString: 'Function<toString>', __defineGetter__: 'Function<__defineGetter__>', __defineSetter__: 
'Function<__defineSetter__>', hasOwnProperty: 'Function<hasOwnProperty>', __lookupGetter__: 
'Function<__lookupGetter__>', __lookupSetter__: 'Function<__lookupSetter__>', isPrototypeOf: 
'Function<isPrototypeOf>', propertyIsEnumerable: 'Function<propertyIsEnumerable>', valueOf: 'Function<valueOf>', 
__proto__: { constructor: 'Function<Error>', name: 'Error', message: '', toString: 'Function<toString>', 
__defineGetter__: 'Function<__defineGetter__>', __defineSetter__: 'Function<__defineSetter__>', hasOwnProperty: 
'Function<hasOwnProperty>', __lookupGetter__: 'Function<__lookupGetter__>', __lookupSetter__: 
'Function<__lookupSetter__>', isPrototypeOf: 'Function<isPrototypeOf>', propertyIsEnumerable: 
'Function<propertyIsEnumerable>', valueOf: 'Function<valueOf>', __proto__: { constructor: 'Function<Object>', 
__defineGetter__: 'Function<__defineGetter__>', __defineSetter__: 'Function<__defineSetter__>', hasOwnProperty: 
'Function<hasOwnProperty>', __lookupGetter__: 'Function<__lookupGetter__>', __lookupSetter__: 
'Function<__lookupSetter__>', isPrototypeOf: 'Function<isPrototypeOf>', propertyIsEnumerable: 
'Function<propertyIsEnumerable>', toString: 'Function<toString>', valueOf: 'Function<valueOf>', __proto__: null, 
toLocaleString: 'Function<toLocaleString>' }, toLocaleString: 'Function<toLocaleString>' }, toLocaleString: 
'Function<toLocaleString>' }, toLocaleString: 'Function<toLocaleString>' }, toLocaleString: 'Function<toLocaleString>' 
}, { stack: 'ConstraintError: A mutation operation in the transaction failed because a constraint was not satisfied. 
For example, an object such as an object store or index already exists and a request attempted to create a new one.\n  
  at BinarySearchTree._put (file:///C:/Users/ClaudioHig%C3%B3n/.gemini/antigravity/scratch/calendar/node_modules/fake-i
ndexeddb/build/esm/lib/binarySearchTree.js:121:13)\n    at BinarySearchTree._put (file:///C:/Users/ClaudioHig%C3%B3n/.g
emini/antigravity/scratch/calendar/node_modules/fake-indexeddb/build/esm/lib/binarySearchTree.js:102:21)\n    at 
BinarySearchTree._put (file:///C:/Users/ClaudioHig%C3%B3n/.gemini/antigravity/scratch/calendar/node_modules/fake-indexe
ddb/build/esm/lib/binarySearchTree.js:102:21)\n    at BinarySearchTree._put (file:///C:/Users/ClaudioHig%C3%B3n/.gemini
/antigravity/scratch/calendar/node_modules/fake-indexeddb/build/esm/lib/binarySearchTree.js:102:21)\n    at 
BinarySearchTree.put (file:///C:/Users/ClaudioHig%C3%B3n/.gemini/antigravity/scratch/calendar/node_modules/fake-indexed
db/build/esm/lib/binarySearchTree.js:82:17)\n    at RecordStore.put (file:///C:/Users/ClaudioHig%C3%B3n/.gemini/antigra
vity/scratch/calendar/node_modules/fake-indexeddb/build/esm/lib/RecordStore.js:20:25)\n    at ObjectStore.storeRecord (
file:///C:/Users/ClaudioHig%C3%B3n/.gemini/antigravity/scratch/calendar/node_modules/fake-indexeddb/build/esm/lib/Objec
tStore.js:149:41)\n    at FDBTransaction._start (file:///C:/Users/ClaudioHig%C3%B3n/.gemini/antigravity/scratch/calenda
r/node_modules/fake-indexeddb/build/esm/FDBTransaction.js:193:26)\n    at processImmediate 
(node:internal/timers:485:21)', constructor: 'Function<ConstraintError>', name: 'ConstraintError', message: 'A 
mutation operation in the transaction failed because a constraint was not satisfied. For example, an object such as an 
object store or index already exists and a request attempted to create a new one.', code: +0, INDEX_SIZE_ERR: 1, 
DOMSTRING_SIZE_ERR: 2, HIERARCHY_REQUEST_ERR: 3, WRONG_DOCUMENT_ERR: 4, INVALID_CHARACTER_ERR: 5, NO_DATA_ALLOWED_ERR: 
6, NO_MODIFICATION_ALLOWED_ERR: 7, NOT_FOUND_ERR: 8, NOT_SUPPORTED_ERR: 9, INUSE_ATTRIBUTE_ERR: 10, INVALID_STATE_ERR: 
11, SYNTAX_ERR: 12, INVALID_MODIFICATION_ERR: 13, NAMESPACE_ERR: 14, INVALID_ACCESS_ERR: 15, VALIDATION_ERR: 16, 
TYPE_MISMATCH_ERR: 17, SECURITY_ERR: 18, NETWORK_ERR: 19, ABORT_ERR: 20, URL_MISMATCH_ERR: 21, QUOTA_EXCEEDED_ERR: 22, 
TIMEOUT_ERR: 23, INVALID_NODE_TYPE_ERR: 24, DATA_CLONE_ERR: 25, toString: 'Function<toString>', __defineGetter__: 
'Function<__defineGetter__>', __defineSetter__: 'Function<__defineSetter__>', hasOwnProperty: 
'Function<hasOwnProperty>', __lookupGetter__: 'Function<__lookupGetter__>', __lookupSetter__: 
'Function<__lookupSetter__>', isPrototypeOf: 'Function<isPrototypeOf>', propertyIsEnumerable: 
'Function<propertyIsEnumerable>', valueOf: 'Function<valueOf>', __proto__: { constructor: 'Function<ConstraintError>', 
name: '<unserializable>', message: '<unserializable>', code: '<unserializable>', INDEX_SIZE_ERR: 1, 
DOMSTRING_SIZE_ERR: 2, HIERARCHY_REQUEST_ERR: 3, WRONG_DOCUMENT_ERR: 4, INVALID_CHARACTER_ERR: 5, NO_DATA_ALLOWED_ERR: 
6, NO_MODIFICATION_ALLOWED_ERR: 7, NOT_FOUND_ERR: 8, NOT_SUPPORTED_ERR: 9, INUSE_ATTRIBUTE_ERR: 10, INVALID_STATE_ERR: 
11, SYNTAX_ERR: 12, INVALID_MODIFICATION_ERR: 13, NAMESPACE_ERR: 14, INVALID_ACCESS_ERR: 15, VALIDATION_ERR: 16, 
TYPE_MISMATCH_ERR: 17, SECURITY_ERR: 18, NETWORK_ERR: 19, ABORT_ERR: 20, URL_MISMATCH_ERR: 21, QUOTA_EXCEEDED_ERR: 22, 
TIMEOUT_ERR: 23, INVALID_NODE_TYPE_ERR: 24, DATA_CLONE_ERR: 25, toString: 'Function<toString>', __defineGetter__: 
'Function<__defineGetter__>', __defineSetter__: 'Function<__defineSetter__>', hasOwnProperty: 
'Function<hasOwnProperty>', __lookupGetter__: 'Function<__lookupGetter__>', __lookupSetter__: 
'Function<__lookupSetter__>', isPrototypeOf: 'Function<isPrototypeOf>', propertyIsEnumerable: 
'Function<propertyIsEnumerable>', valueOf: 'Function<valueOf>', __proto__: { constructor: 'Function<DOMException>', 
name: '<unserializable>', message: '<unserializable>', code: '<unserializable>', INDEX_SIZE_ERR: 1, 
DOMSTRING_SIZE_ERR: 2, HIERARCHY_REQUEST_ERR: 3, WRONG_DOCUMENT_ERR: 4, INVALID_CHARACTER_ERR: 5, NO_DATA_ALLOWED_ERR: 
6, NO_MODIFICATION_ALLOWED_ERR: 7, NOT_FOUND_ERR: 8, NOT_SUPPORTED_ERR: 9, INUSE_ATTRIBUTE_ERR: 10, INVALID_STATE_ERR: 
11, SYNTAX_ERR: 12, INVALID_MODIFICATION_ERR: 13, NAMESPACE_ERR: 14, INVALID_ACCESS_ERR: 15, VALIDATION_ERR: 16, 
TYPE_MISMATCH_ERR: 17, SECURITY_ERR: 18, NETWORK_ERR: 19, ABORT_ERR: 20, URL_MISMATCH_ERR: 21, QUOTA_EXCEEDED_ERR: 22, 
TIMEOUT_ERR: 23, INVALID_NODE_TYPE_ERR: 24, DATA_CLONE_ERR: 25, toString: 'Function<toString>', __defineGetter__: 
'Function<__defineGetter__>', __defineSetter__: 'Function<__defineSetter__>', hasOwnProperty: 
'Function<hasOwnProperty>', __lookupGetter__: 'Function<__lookupGetter__>', __lookupSetter__: 
'Function<__lookupSetter__>', isPrototypeOf: 'Function<isPrototypeOf>', propertyIsEnumerable: 
'Function<propertyIsEnumerable>', valueOf: 'Function<valueOf>', __proto__: { constructor: 'Function<Error>', name: 
'Error', message: '', toString: 'Function<toString>', __defineGetter__: 'Function<__defineGetter__>', 
__defineSetter__: 'Function<__defineSetter__>', hasOwnProperty: 'Function<hasOwnProperty>', __lookupGetter__: 
'Function<__lookupGetter__>', __lookupSetter__: 'Function<__lookupSetter__>', isPrototypeOf: 
'Function<isPrototypeOf>', propertyIsEnumerable: 'Function<propertyIsEnumerable>', valueOf: 'Function<valueOf>', 
__proto__: { constructor: 'Function<Object>', __defineGetter__: 'Function<__defineGetter__>', __defineSetter__: 
'Function<__defineSetter__>', hasOwnProperty: 'Function<hasOwnProperty>', __lookupGetter__: 
'Function<__lookupGetter__>', __lookupSetter__: 'Function<__lookupSetter__>', isPrototypeOf: 
'Function<isPrototypeOf>', propertyIsEnumerable: 'Function<propertyIsEnumerable>', toString: 'Function<toString>', 
valueOf: 'Function<valueOf>', __proto__: null, toLocaleString: 'Function<toLocaleString>' }, toLocaleString: 
'Function<toLocaleString>' }, toLocaleString: 'Function<toLocaleString>' }, toLocaleString: 'Function<toLocaleString>' 
}, toLocaleString: 'Function<toLocaleString>' } ], failuresByPos: [ { stack: 'ConstraintError: A mutation operation in 
the transaction failed because a constraint was not satisfied. For example, an object such as an object store or index 
already exists and a request attempted to create a new one.\n    at BinarySearchTree._put (file:///C:/Users/ClaudioHig%
C3%B3n/.gemini/antigravity/scratch/calendar/node_modules/fake-indexeddb/build/esm/lib/binarySearchTree.js:121:13)\n    
at BinarySearchTree._put (file:///C:/Users/ClaudioHig%C3%B3n/.gemini/antigravity/scratch/calendar/node_modules/fake-ind
exeddb/build/esm/lib/binarySearchTree.js:88:21)\n    at BinarySearchTree._put (file:///C:/Users/ClaudioHig%C3%B3n/.gemi
ni/antigravity/scratch/calendar/node_modules/fake-indexeddb/build/esm/lib/binarySearchTree.js:88:21)\n    at 
BinarySearchTree.put (file:///C:/Users/ClaudioHig%C3%B3n/.gemini/antigravity/scratch/calendar/node_modules/fake-indexed
db/build/esm/lib/binarySearchTree.js:82:17)\n    at RecordStore.put (file:///C:/Users/ClaudioHig%C3%B3n/.gemini/antigra
vity/scratch/calendar/node_modules/fake-indexeddb/build/esm/lib/RecordStore.js:20:25)\n    at ObjectStore.storeRecord (
file:///C:/Users/ClaudioHig%C3%B3n/.gemini/antigravity/scratch/calendar/node_modules/fake-indexeddb/build/esm/lib/Objec
tStore.js:149:41)\n    at FDBTransaction._start (file:///C:/Users/ClaudioHig%C3%B3n/.gemini/antigravity/scratch/calenda
r/node_modules/fake-indexeddb/build/esm/FDBTransaction.js:193:26)\n    at Immediate.<anonymous> (file:///C:/Users/Claud
ioHig%C3%B3n/.gemini/antigravity/scratch/calendar/node_modules/fake-indexeddb/build/esm/lib/Database.js:39:14)\n    at 
processImmediate (node:internal/timers:485:21)', constructor: 'Function<ConstraintError>', name: 'ConstraintError', 
message: 'A mutation operation in the transaction failed because a constraint was not satisfied. For example, an 
object such as an object store or index already exists and a request attempted to create a new one.', code: +0, 
INDEX_SIZE_ERR: 1, DOMSTRING_SIZE_ERR: 2, HIERARCHY_REQUEST_ERR: 3, WRONG_DOCUMENT_ERR: 4, INVALID_CHARACTER_ERR: 5, 
NO_DATA_ALLOWED_ERR: 6, NO_MODIFICATION_ALLOWED_ERR: 7, NOT_FOUND_ERR: 8, NOT_SUPPORTED_ERR: 9, INUSE_ATTRIBUTE_ERR: 
10, INVALID_STATE_ERR: 11, SYNTAX_ERR: 12, INVALID_MODIFICATION_ERR: 13, NAMESPACE_ERR: 14, INVALID_ACCESS_ERR: 15, 
VALIDATION_ERR: 16, TYPE_MISMATCH_ERR: 17, SECURITY_ERR: 18, NETWORK_ERR: 19, ABORT_ERR: 20, URL_MISMATCH_ERR: 21, 
QUOTA_EXCEEDED_ERR: 22, TIMEOUT_ERR: 23, INVALID_NODE_TYPE_ERR: 24, DATA_CLONE_ERR: 25, toString: 
'Function<toString>', __defineGetter__: 'Function<__defineGetter__>', __defineSetter__: 'Function<__defineSetter__>', 
hasOwnProperty: 'Function<hasOwnProperty>', __lookupGetter__: 'Function<__lookupGetter__>', __lookupSetter__: 
'Function<__lookupSetter__>', isPrototypeOf: 'Function<isPrototypeOf>', propertyIsEnumerable: 
'Function<propertyIsEnumerable>', valueOf: 'Function<valueOf>', __proto__: { constructor: 'Function<ConstraintError>', 
name: '<unserializable>', message: '<unserializable>', code: '<unserializable>', INDEX_SIZE_ERR: 1, 
DOMSTRING_SIZE_ERR: 2, HIERARCHY_REQUEST_ERR: 3, WRONG_DOCUMENT_ERR: 4, INVALID_CHARACTER_ERR: 5, NO_DATA_ALLOWED_ERR: 
6, NO_MODIFICATION_ALLOWED_ERR: 7, NOT_FOUND_ERR: 8, NOT_SUPPORTED_ERR: 9, INUSE_ATTRIBUTE_ERR: 10, INVALID_STATE_ERR: 
11, SYNTAX_ERR: 12, INVALID_MODIFICATION_ERR: 13, NAMESPACE_ERR: 14, INVALID_ACCESS_ERR: 15, VALIDATION_ERR: 16, 
TYPE_MISMATCH_ERR: 17, SECURITY_ERR: 18, NETWORK_ERR: 19, ABORT_ERR: 20, URL_MISMATCH_ERR: 21, QUOTA_EXCEEDED_ERR: 22, 
TIMEOUT_ERR: 23, INVALID_NODE_TYPE_ERR: 24, DATA_CLONE_ERR: 25, toString: 'Function<toString>', __defineGetter__: 
'Function<__defineGetter__>', __defineSetter__: 'Function<__defineSetter__>', hasOwnProperty: 
'Function<hasOwnProperty>', __lookupGetter__: 'Function<__lookupGetter__>', __lookupSetter__: 
'Function<__lookupSetter__>', isPrototypeOf: 'Function<isPrototypeOf>', propertyIsEnumerable: 
'Function<propertyIsEnumerable>', valueOf: 'Function<valueOf>', __proto__: { constructor: 'Function<DOMException>', 
name: '<unserializable>', message: '<unserializable>', code: '<unserializable>', INDEX_SIZE_ERR: 1, 
DOMSTRING_SIZE_ERR: 2, HIERARCHY_REQUEST_ERR: 3, WRONG_DOCUMENT_ERR: 4, INVALID_CHARACTER_ERR: 5, NO_DATA_ALLOWED_ERR: 
6, NO_MODIFICATION_ALLOWED_ERR: 7, NOT_FOUND_ERR: 8, NOT_SUPPORTED_ERR: 9, INUSE_ATTRIBUTE_ERR: 10, INVALID_STATE_ERR: 
11, SYNTAX_ERR: 12, INVALID_MODIFICATION_ERR: 13, NAMESPACE_ERR: 14, INVALID_ACCESS_ERR: 15, VALIDATION_ERR: 16, 
TYPE_MISMATCH_ERR: 17, SECURITY_ERR: 18, NETWORK_ERR: 19, ABORT_ERR: 20, URL_MISMATCH_ERR: 21, QUOTA_EXCEEDED_ERR: 22, 
TIMEOUT_ERR: 23, INVALID_NODE_TYPE_ERR: 24, DATA_CLONE_ERR: 25, toString: 'Function<toString>', __defineGetter__: 
'Function<__defineGetter__>', __defineSetter__: 'Function<__defineSetter__>', hasOwnProperty: 
'Function<hasOwnProperty>', __lookupGetter__: 'Function<__lookupGetter__>', __lookupSetter__: 
'Function<__lookupSetter__>', isPrototypeOf: 'Function<isPrototypeOf>', propertyIsEnumerable: 
'Function<propertyIsEnumerable>', valueOf: 'Function<valueOf>', __proto__: { constructor: 'Function<Error>', name: 
'Error', message: '', toString: 'Function<toString>', __defineGetter__: 'Function<__defineGetter__>', 
__defineSetter__: 'Function<__defineSetter__>', hasOwnProperty: 'Function<hasOwnProperty>', __lookupGetter__: 
'Function<__lookupGetter__>', __lookupSetter__: 'Function<__lookupSetter__>', isPrototypeOf: 
'Function<isPrototypeOf>', propertyIsEnumerable: 'Function<propertyIsEnumerable>', valueOf: 'Function<valueOf>', 
__proto__: { constructor: 'Function<Object>', __defineGetter__: 'Function<__defineGetter__>', __defineSetter__: 
'Function<__defineSetter__>', hasOwnProperty: 'Function<hasOwnProperty>', __lookupGetter__: 
'Function<__lookupGetter__>', __lookupSetter__: 'Function<__lookupSetter__>', isPrototypeOf: 
'Function<isPrototypeOf>', propertyIsEnumerable: 'Function<propertyIsEnumerable>', toString: 'Function<toString>', 
valueOf: 'Function<valueOf>', __proto__: null, toLocaleString: 'Function<toLocaleString>' }, toLocaleString: 
'Function<toLocaleString>' }, toLocaleString: 'Function<toLocaleString>' }, toLocaleString: 'Function<toLocaleString>' 
}, toLocaleString: 'Function<toLocaleString>' }, { stack: 'ConstraintError: A mutation operation in the transaction 
failed because a constraint was not satisfied. For example, an object such as an object store or index already exists 
and a request attempted to create a new one.\n    at BinarySearchTree._put (file:///C:/Users/ClaudioHig%C3%B3n/.gemini/
antigravity/scratch/calendar/node_modules/fake-indexeddb/build/esm/lib/binarySearchTree.js:121:13)\n    at 
BinarySearchTree._put (file:///C:/Users/ClaudioHig%C3%B3n/.gemini/antigravity/scratch/calendar/node_modules/fake-indexe
ddb/build/esm/lib/binarySearchTree.js:88:21)\n    at BinarySearchTree.put (file:///C:/Users/ClaudioHig%C3%B3n/.gemini/a
ntigravity/scratch/calendar/node_modules/fake-indexeddb/build/esm/lib/binarySearchTree.js:82:17)\n    at 
RecordStore.put (file:///C:/Users/ClaudioHig%C3%B3n/.gemini/antigravity/scratch/calendar/node_modules/fake-indexeddb/bu
ild/esm/lib/RecordStore.js:20:25)\n    at ObjectStore.storeRecord (file:///C:/Users/ClaudioHig%C3%B3n/.gemini/antigravi
ty/scratch/calendar/node_modules/fake-indexeddb/build/esm/lib/ObjectStore.js:149:41)\n    at FDBTransaction._start (fil
e:///C:/Users/ClaudioHig%C3%B3n/.gemini/antigravity/scratch/calendar/node_modules/fake-indexeddb/build/esm/FDBTransacti
on.js:193:26)\n    at processImmediate (node:internal/timers:485:21)', constructor: 'Function<ConstraintError>', name: 
'ConstraintError', message: 'A mutation operation in the transaction failed because a constraint was not satisfied. 
For example, an object such as an object store or index already exists and a request attempted to create a new one.', 
code: +0, INDEX_SIZE_ERR: 1, DOMSTRING_SIZE_ERR: 2, HIERARCHY_REQUEST_ERR: 3, WRONG_DOCUMENT_ERR: 4, 
INVALID_CHARACTER_ERR: 5, NO_DATA_ALLOWED_ERR: 6, NO_MODIFICATION_ALLOWED_ERR: 7, NOT_FOUND_ERR: 8, NOT_SUPPORTED_ERR: 
9, INUSE_ATTRIBUTE_ERR: 10, INVALID_STATE_ERR: 11, SYNTAX_ERR: 12, INVALID_MODIFICATION_ERR: 13, NAMESPACE_ERR: 14, 
INVALID_ACCESS_ERR: 15, VALIDATION_ERR: 16, TYPE_MISMATCH_ERR: 17, SECURITY_ERR: 18, NETWORK_ERR: 19, ABORT_ERR: 20, 
URL_MISMATCH_ERR: 21, QUOTA_EXCEEDED_ERR: 22, TIMEOUT_ERR: 23, INVALID_NODE_TYPE_ERR: 24, DATA_CLONE_ERR: 25, 
toString: 'Function<toString>', __defineGetter__: 'Function<__defineGetter__>', __defineSetter__: 
'Function<__defineSetter__>', hasOwnProperty: 'Function<hasOwnProperty>', __lookupGetter__: 
'Function<__lookupGetter__>', __lookupSetter__: 'Function<__lookupSetter__>', isPrototypeOf: 
'Function<isPrototypeOf>', propertyIsEnumerable: 'Function<propertyIsEnumerable>', valueOf: 'Function<valueOf>', 
__proto__: { constructor: 'Function<ConstraintError>', name: '<unserializable>', message: '<unserializable>', code: 
'<unserializable>', INDEX_SIZE_ERR: 1, DOMSTRING_SIZE_ERR: 2, HIERARCHY_REQUEST_ERR: 3, WRONG_DOCUMENT_ERR: 4, 
INVALID_CHARACTER_ERR: 5, NO_DATA_ALLOWED_ERR: 6, NO_MODIFICATION_ALLOWED_ERR: 7, NOT_FOUND_ERR: 8, NOT_SUPPORTED_ERR: 
9, INUSE_ATTRIBUTE_ERR: 10, INVALID_STATE_ERR: 11, SYNTAX_ERR: 12, INVALID_MODIFICATION_ERR: 13, NAMESPACE_ERR: 14, 
INVALID_ACCESS_ERR: 15, VALIDATION_ERR: 16, TYPE_MISMATCH_ERR: 17, SECURITY_ERR: 18, NETWORK_ERR: 19, ABORT_ERR: 20, 
URL_MISMATCH_ERR: 21, QUOTA_EXCEEDED_ERR: 22, TIMEOUT_ERR: 23, INVALID_NODE_TYPE_ERR: 24, DATA_CLONE_ERR: 25, 
toString: 'Function<toString>', __defineGetter__: 'Function<__defineGetter__>', __defineSetter__: 
'Function<__defineSetter__>', hasOwnProperty: 'Function<hasOwnProperty>', __lookupGetter__: 
'Function<__lookupGetter__>', __lookupSetter__: 'Function<__lookupSetter__>', isPrototypeOf: 
'Function<isPrototypeOf>', propertyIsEnumerable: 'Function<propertyIsEnumerable>', valueOf: 'Function<valueOf>', 
__proto__: { constructor: 'Function<DOMException>', name: '<unserializable>', message: '<unserializable>', code: 
'<unserializable>', INDEX_SIZE_ERR: 1, DOMSTRING_SIZE_ERR: 2, HIERARCHY_REQUEST_ERR: 3, WRONG_DOCUMENT_ERR: 4, 
INVALID_CHARACTER_ERR: 5, NO_DATA_ALLOWED_ERR: 6, NO_MODIFICATION_ALLOWED_ERR: 7, NOT_FOUND_ERR: 8, NOT_SUPPORTED_ERR: 
9, INUSE_ATTRIBUTE_ERR: 10, INVALID_STATE_ERR: 11, SYNTAX_ERR: 12, INVALID_MODIFICATION_ERR: 13, NAMESPACE_ERR: 14, 
INVALID_ACCESS_ERR: 15, VALIDATION_ERR: 16, TYPE_MISMATCH_ERR: 17, SECURITY_ERR: 18, NETWORK_ERR: 19, ABORT_ERR: 20, 
URL_MISMATCH_ERR: 21, QUOTA_EXCEEDED_ERR: 22, TIMEOUT_ERR: 23, INVALID_NODE_TYPE_ERR: 24, DATA_CLONE_ERR: 25, 
toString: 'Function<toString>', __defineGetter__: 'Function<__defineGetter__>', __defineSetter__: 
'Function<__defineSetter__>', hasOwnProperty: 'Function<hasOwnProperty>', __lookupGetter__: 
'Function<__lookupGetter__>', __lookupSetter__: 'Function<__lookupSetter__>', isPrototypeOf: 
'Function<isPrototypeOf>', propertyIsEnumerable: 'Function<propertyIsEnumerable>', valueOf: 'Function<valueOf>', 
__proto__: { constructor: 'Function<Error>', name: 'Error', message: '', toString: 'Function<toString>', 
__defineGetter__: 'Function<__defineGetter__>', __defineSetter__: 'Function<__defineSetter__>', hasOwnProperty: 
'Function<hasOwnProperty>', __lookupGetter__: 'Function<__lookupGetter__>', __lookupSetter__: 
'Function<__lookupSetter__>', isPrototypeOf: 'Function<isPrototypeOf>', propertyIsEnumerable: 
'Function<propertyIsEnumerable>', valueOf: 'Function<valueOf>', __proto__: { constructor: 'Function<Object>', 
__defineGetter__: 'Function<__defineGetter__>', __defineSetter__: 'Function<__defineSetter__>', hasOwnProperty: 
'Function<hasOwnProperty>', __lookupGetter__: 'Function<__lookupGetter__>', __lookupSetter__: 
'Function<__lookupSetter__>', isPrototypeOf: 'Function<isPrototypeOf>', propertyIsEnumerable: 
'Function<propertyIsEnumerable>', toString: 'Function<toString>', valueOf: 'Function<valueOf>', __proto__: null, 
toLocaleString: 'Function<toLocaleString>' }, toLocaleString: 'Function<toLocaleString>' }, toLocaleString: 
'Function<toLocaleString>' }, toLocaleString: 'Function<toLocaleString>' }, toLocaleString: 'Function<toLocaleString>' 
}, { stack: 'ConstraintError: A mutation operation in the transaction failed because a constraint was not satisfied. 
For example, an object such as an object store or index already exists and a request attempted to create a new one.\n  
  at BinarySearchTree._put (file:///C:/Users/ClaudioHig%C3%B3n/.gemini/antigravity/scratch/calendar/node_modules/fake-i
ndexeddb/build/esm/lib/binarySearchTree.js:121:13)\n    at BinarySearchTree._put (file:///C:/Users/ClaudioHig%C3%B3n/.g
emini/antigravity/scratch/calendar/node_modules/fake-indexeddb/build/esm/lib/binarySearchTree.js:102:21)\n    at 
BinarySearchTree._put (file:///C:/Users/ClaudioHig%C3%B3n/.gemini/antigravity/scratch/calendar/node_modules/fake-indexe
ddb/build/esm/lib/binarySearchTree.js:88:21)\n    at BinarySearchTree.put (file:///C:/Users/ClaudioHig%C3%B3n/.gemini/a
ntigravity/scratch/calendar/node_modules/fake-indexeddb/build/esm/lib/binarySearchTree.js:82:17)\n    at 
RecordStore.put (file:///C:/Users/ClaudioHig%C3%B3n/.gemini/antigravity/scratch/calendar/node_modules/fake-indexeddb/bu
ild/esm/lib/RecordStore.js:20:25)\n    at ObjectStore.storeRecord (file:///C:/Users/ClaudioHig%C3%B3n/.gemini/antigravi
ty/scratch/calendar/node_modules/fake-indexeddb/build/esm/lib/ObjectStore.js:149:41)\n    at FDBTransaction._start (fil
e:///C:/Users/ClaudioHig%C3%B3n/.gemini/antigravity/scratch/calendar/node_modules/fake-indexeddb/build/esm/FDBTransacti
on.js:193:26)\n    at processImmediate (node:internal/timers:485:21)', constructor: 'Function<ConstraintError>', name: 
'ConstraintError', message: 'A mutation operation in the transaction failed because a constraint was not satisfied. 
For example, an object such as an object store or index already exists and a request attempted to create a new one.', 
code: +0, INDEX_SIZE_ERR: 1, DOMSTRING_SIZE_ERR: 2, HIERARCHY_REQUEST_ERR: 3, WRONG_DOCUMENT_ERR: 4, 
INVALID_CHARACTER_ERR: 5, NO_DATA_ALLOWED_ERR: 6, NO_MODIFICATION_ALLOWED_ERR: 7, NOT_FOUND_ERR: 8, NOT_SUPPORTED_ERR: 
9, INUSE_ATTRIBUTE_ERR: 10, INVALID_STATE_ERR: 11, SYNTAX_ERR: 12, INVALID_MODIFICATION_ERR: 13, NAMESPACE_ERR: 14, 
INVALID_ACCESS_ERR: 15, VALIDATION_ERR: 16, TYPE_MISMATCH_ERR: 17, SECURITY_ERR: 18, NETWORK_ERR: 19, ABORT_ERR: 20, 
URL_MISMATCH_ERR: 21, QUOTA_EXCEEDED_ERR: 22, TIMEOUT_ERR: 23, INVALID_NODE_TYPE_ERR: 24, DATA_CLONE_ERR: 25, 
toString: 'Function<toString>', __defineGetter__: 'Function<__defineGetter__>', __defineSetter__: 
'Function<__defineSetter__>', hasOwnProperty: 'Function<hasOwnProperty>', __lookupGetter__: 
'Function<__lookupGetter__>', __lookupSetter__: 'Function<__lookupSetter__>', isPrototypeOf: 
'Function<isPrototypeOf>', propertyIsEnumerable: 'Function<propertyIsEnumerable>', valueOf: 'Function<valueOf>', 
__proto__: { constructor: 'Function<ConstraintError>', name: '<unserializable>', message: '<unserializable>', code: 
'<unserializable>', INDEX_SIZE_ERR: 1, DOMSTRING_SIZE_ERR: 2, HIERARCHY_REQUEST_ERR: 3, WRONG_DOCUMENT_ERR: 4, 
INVALID_CHARACTER_ERR: 5, NO_DATA_ALLOWED_ERR: 6, NO_MODIFICATION_ALLOWED_ERR: 7, NOT_FOUND_ERR: 8, NOT_SUPPORTED_ERR: 
9, INUSE_ATTRIBUTE_ERR: 10, INVALID_STATE_ERR: 11, SYNTAX_ERR: 12, INVALID_MODIFICATION_ERR: 13, NAMESPACE_ERR: 14, 
INVALID_ACCESS_ERR: 15, VALIDATION_ERR: 16, TYPE_MISMATCH_ERR: 17, SECURITY_ERR: 18, NETWORK_ERR: 19, ABORT_ERR: 20, 
URL_MISMATCH_ERR: 21, QUOTA_EXCEEDED_ERR: 22, TIMEOUT_ERR: 23, INVALID_NODE_TYPE_ERR: 24, DATA_CLONE_ERR: 25, 
toString: 'Function<toString>', __defineGetter__: 'Function<__defineGetter__>', __defineSetter__: 
'Function<__defineSetter__>', hasOwnProperty: 'Function<hasOwnProperty>', __lookupGetter__: 
'Function<__lookupGetter__>', __lookupSetter__: 'Function<__lookupSetter__>', isPrototypeOf: 
'Function<isPrototypeOf>', propertyIsEnumerable: 'Function<propertyIsEnumerable>', valueOf: 'Function<valueOf>', 
__proto__: { constructor: 'Function<DOMException>', name: '<unserializable>', message: '<unserializable>', code: 
'<unserializable>', INDEX_SIZE_ERR: 1, DOMSTRING_SIZE_ERR: 2, HIERARCHY_REQUEST_ERR: 3, WRONG_DOCUMENT_ERR: 4, 
INVALID_CHARACTER_ERR: 5, NO_DATA_ALLOWED_ERR: 6, NO_MODIFICATION_ALLOWED_ERR: 7, NOT_FOUND_ERR: 8, NOT_SUPPORTED_ERR: 
9, INUSE_ATTRIBUTE_ERR: 10, INVALID_STATE_ERR: 11, SYNTAX_ERR: 12, INVALID_MODIFICATION_ERR: 13, NAMESPACE_ERR: 14, 
INVALID_ACCESS_ERR: 15, VALIDATION_ERR: 16, TYPE_MISMATCH_ERR: 17, SECURITY_ERR: 18, NETWORK_ERR: 19, ABORT_ERR: 20, 
URL_MISMATCH_ERR: 21, QUOTA_EXCEEDED_ERR: 22, TIMEOUT_ERR: 23, INVALID_NODE_TYPE_ERR: 24, DATA_CLONE_ERR: 25, 
toString: 'Function<toString>', __defineGetter__: 'Function<__defineGetter__>', __defineSetter__: 
'Function<__defineSetter__>', hasOwnProperty: 'Function<hasOwnProperty>', __lookupGetter__: 
'Function<__lookupGetter__>', __lookupSetter__: 'Function<__lookupSetter__>', isPrototypeOf: 
'Function<isPrototypeOf>', propertyIsEnumerable: 'Function<propertyIsEnumerable>', valueOf: 'Function<valueOf>', 
__proto__: { constructor: 'Function<Error>', name: 'Error', message: '', toString: 'Function<toString>', 
__defineGetter__: 'Function<__defineGetter__>', __defineSetter__: 'Function<__defineSetter__>', hasOwnProperty: 
'Function<hasOwnProperty>', __lookupGetter__: 'Function<__lookupGetter__>', __lookupSetter__: 
'Function<__lookupSetter__>', isPrototypeOf: 'Function<isPrototypeOf>', propertyIsEnumerable: 
'Function<propertyIsEnumerable>', valueOf: 'Function<valueOf>', __proto__: { constructor: 'Function<Object>', 
__defineGetter__: 'Function<__defineGetter__>', __defineSetter__: 'Function<__defineSetter__>', hasOwnProperty: 
'Function<hasOwnProperty>', __lookupGetter__: 'Function<__lookupGetter__>', __lookupSetter__: 
'Function<__lookupSetter__>', isPrototypeOf: 'Function<isPrototypeOf>', propertyIsEnumerable: 
'Function<propertyIsEnumerable>', toString: 'Function<toString>', valueOf: 'Function<valueOf>', __proto__: null, 
toLocaleString: 'Function<toLocaleString>' }, toLocaleString: 'Function<toLocaleString>' }, toLocaleString: 
'Function<toLocaleString>' }, toLocaleString: 'Function<toLocaleString>' }, toLocaleString: 'Function<toLocaleString>' 
}, { stack: 'ConstraintError: A mutation operation in the transaction failed because a constraint was not satisfied. 
For example, an object such as an object store or index already exists and a request attempted to create a new one.\n  
  at BinarySearchTree._put (file:///C:/Users/ClaudioHig%C3%B3n/.gemini/antigravity/scratch/calendar/node_modules/fake-i
ndexeddb/build/esm/lib/binarySearchTree.js:121:13)\n    at BinarySearchTree.put (file:///C:/Users/ClaudioHig%C3%B3n/.ge
mini/antigravity/scratch/calendar/node_modules/fake-indexeddb/build/esm/lib/binarySearchTree.js:82:17)\n    at 
RecordStore.put (file:///C:/Users/ClaudioHig%C3%B3n/.gemini/antigravity/scratch/calendar/node_modules/fake-indexeddb/bu
ild/esm/lib/RecordStore.js:20:25)\n    at ObjectStore.storeRecord (file:///C:/Users/ClaudioHig%C3%B3n/.gemini/antigravi
ty/scratch/calendar/node_modules/fake-indexeddb/build/esm/lib/ObjectStore.js:149:41)\n    at FDBTransaction._start (fil
e:///C:/Users/ClaudioHig%C3%B3n/.gemini/antigravity/scratch/calendar/node_modules/fake-indexeddb/build/esm/FDBTransacti
on.js:193:26)\n    at processImmediate (node:internal/timers:485:21)', constructor: 'Function<ConstraintError>', name: 
'ConstraintError', message: 'A mutation operation in the transaction failed because a constraint was not satisfied. 
For example, an object such as an object store or index already exists and a request attempted to create a new one.', 
code: +0, INDEX_SIZE_ERR: 1, DOMSTRING_SIZE_ERR: 2, HIERARCHY_REQUEST_ERR: 3, WRONG_DOCUMENT_ERR: 4, 
INVALID_CHARACTER_ERR: 5, NO_DATA_ALLOWED_ERR: 6, NO_MODIFICATION_ALLOWED_ERR: 7, NOT_FOUND_ERR: 8, NOT_SUPPORTED_ERR: 
9, INUSE_ATTRIBUTE_ERR: 10, INVALID_STATE_ERR: 11, SYNTAX_ERR: 12, INVALID_MODIFICATION_ERR: 13, NAMESPACE_ERR: 14, 
INVALID_ACCESS_ERR: 15, VALIDATION_ERR: 16, TYPE_MISMATCH_ERR: 17, SECURITY_ERR: 18, NETWORK_ERR: 19, ABORT_ERR: 20, 
URL_MISMATCH_ERR: 21, QUOTA_EXCEEDED_ERR: 22, TIMEOUT_ERR: 23, INVALID_NODE_TYPE_ERR: 24, DATA_CLONE_ERR: 25, 
toString: 'Function<toString>', __defineGetter__: 'Function<__defineGetter__>', __defineSetter__: 
'Function<__defineSetter__>', hasOwnProperty: 'Function<hasOwnProperty>', __lookupGetter__: 
'Function<__lookupGetter__>', __lookupSetter__: 'Function<__lookupSetter__>', isPrototypeOf: 
'Function<isPrototypeOf>', propertyIsEnumerable: 'Function<propertyIsEnumerable>', valueOf: 'Function<valueOf>', 
__proto__: { constructor: 'Function<ConstraintError>', name: '<unserializable>', message: '<unserializable>', code: 
'<unserializable>', INDEX_SIZE_ERR: 1, DOMSTRING_SIZE_ERR: 2, HIERARCHY_REQUEST_ERR: 3, WRONG_DOCUMENT_ERR: 4, 
INVALID_CHARACTER_ERR: 5, NO_DATA_ALLOWED_ERR: 6, NO_MODIFICATION_ALLOWED_ERR: 7, NOT_FOUND_ERR: 8, NOT_SUPPORTED_ERR: 
9, INUSE_ATTRIBUTE_ERR: 10, INVALID_STATE_ERR: 11, SYNTAX_ERR: 12, INVALID_MODIFICATION_ERR: 13, NAMESPACE_ERR: 14, 
INVALID_ACCESS_ERR: 15, VALIDATION_ERR: 16, TYPE_MISMATCH_ERR: 17, SECURITY_ERR: 18, NETWORK_ERR: 19, ABORT_ERR: 20, 
URL_MISMATCH_ERR: 21, QUOTA_EXCEEDED_ERR: 22, TIMEOUT_ERR: 23, INVALID_NODE_TYPE_ERR: 24, DATA_CLONE_ERR: 25, 
toString: 'Function<toString>', __defineGetter__: 'Function<__defineGetter__>', __defineSetter__: 
'Function<__defineSetter__>', hasOwnProperty: 'Function<hasOwnProperty>', __lookupGetter__: 
'Function<__lookupGetter__>', __lookupSetter__: 'Function<__lookupSetter__>', isPrototypeOf: 
'Function<isPrototypeOf>', propertyIsEnumerable: 'Function<propertyIsEnumerable>', valueOf: 'Function<valueOf>', 
__proto__: { constructor: 'Function<DOMException>', name: '<unserializable>', message: '<unserializable>', code: 
'<unserializable>', INDEX_SIZE_ERR: 1, DOMSTRING_SIZE_ERR: 2, HIERARCHY_REQUEST_ERR: 3, WRONG_DOCUMENT_ERR: 4, 
INVALID_CHARACTER_ERR: 5, NO_DATA_ALLOWED_ERR: 6, NO_MODIFICATION_ALLOWED_ERR: 7, NOT_FOUND_ERR: 8, NOT_SUPPORTED_ERR: 
9, INUSE_ATTRIBUTE_ERR: 10, INVALID_STATE_ERR: 11, SYNTAX_ERR: 12, INVALID_MODIFICATION_ERR: 13, NAMESPACE_ERR: 14, 
INVALID_ACCESS_ERR: 15, VALIDATION_ERR: 16, TYPE_MISMATCH_ERR: 17, SECURITY_ERR: 18, NETWORK_ERR: 19, ABORT_ERR: 20, 
URL_MISMATCH_ERR: 21, QUOTA_EXCEEDED_ERR: 22, TIMEOUT_ERR: 23, INVALID_NODE_TYPE_ERR: 24, DATA_CLONE_ERR: 25, 
toString: 'Function<toString>', __defineGetter__: 'Function<__defineGetter__>', __defineSetter__: 
'Function<__defineSetter__>', hasOwnProperty: 'Function<hasOwnProperty>', __lookupGetter__: 
'Function<__lookupGetter__>', __lookupSetter__: 'Function<__lookupSetter__>', isPrototypeOf: 
'Function<isPrototypeOf>', propertyIsEnumerable: 'Function<propertyIsEnumerable>', valueOf: 'Function<valueOf>', 
__proto__: { constructor: 'Function<Error>', name: 'Error', message: '', toString: 'Function<toString>', 
__defineGetter__: 'Function<__defineGetter__>', __defineSetter__: 'Function<__defineSetter__>', hasOwnProperty: 
'Function<hasOwnProperty>', __lookupGetter__: 'Function<__lookupGetter__>', __lookupSetter__: 
'Function<__lookupSetter__>', isPrototypeOf: 'Function<isPrototypeOf>', propertyIsEnumerable: 
'Function<propertyIsEnumerable>', valueOf: 'Function<valueOf>', __proto__: { constructor: 'Function<Object>', 
__defineGetter__: 'Function<__defineGetter__>', __defineSetter__: 'Function<__defineSetter__>', hasOwnProperty: 
'Function<hasOwnProperty>', __lookupGetter__: 'Function<__lookupGetter__>', __lookupSetter__: 
'Function<__lookupSetter__>', isPrototypeOf: 'Function<isPrototypeOf>', propertyIsEnumerable: 
'Function<propertyIsEnumerable>', toString: 'Function<toString>', valueOf: 'Function<valueOf>', __proto__: null, 
toLocaleString: 'Function<toLocaleString>' }, toLocaleString: 'Function<toLocaleString>' }, toLocaleString: 
'Function<toLocaleString>' }, toLocaleString: 'Function<toLocaleString>' }, toLocaleString: 'Function<toLocaleString>' 
}, { stack: 'ConstraintError: A mutation operation in the transaction failed because a constraint was not satisfied. 
For example, an object such as an object store or index already exists and a request attempted to create a new one.\n  
  at BinarySearchTree._put (file:///C:/Users/ClaudioHig%C3%B3n/.gemini/antigravity/scratch/calendar/node_modules/fake-i
ndexeddb/build/esm/lib/binarySearchTree.js:121:13)\n    at BinarySearchTree._put (file:///C:/Users/ClaudioHig%C3%B3n/.g
emini/antigravity/scratch/calendar/node_modules/fake-indexeddb/build/esm/lib/binarySearchTree.js:88:21)\n    at 
BinarySearchTree._put (file:///C:/Users/ClaudioHig%C3%B3n/.gemini/antigravity/scratch/calendar/node_modules/fake-indexe
ddb/build/esm/lib/binarySearchTree.js:102:21)\n    at BinarySearchTree.put (file:///C:/Users/ClaudioHig%C3%B3n/.gemini/
antigravity/scratch/calendar/node_modules/fake-indexeddb/build/esm/lib/binarySearchTree.js:82:17)\n    at 
RecordStore.put (file:///C:/Users/ClaudioHig%C3%B3n/.gemini/antigravity/scratch/calendar/node_modules/fake-indexeddb/bu
ild/esm/lib/RecordStore.js:20:25)\n    at ObjectStore.storeRecord (file:///C:/Users/ClaudioHig%C3%B3n/.gemini/antigravi
ty/scratch/calendar/node_modules/fake-indexeddb/build/esm/lib/ObjectStore.js:149:41)\n    at FDBTransaction._start (fil
e:///C:/Users/ClaudioHig%C3%B3n/.gemini/antigravity/scratch/calendar/node_modules/fake-indexeddb/build/esm/FDBTransacti
on.js:193:26)\n    at processImmediate (node:internal/timers:485:21)', constructor: 'Function<ConstraintError>', name: 
'ConstraintError', message: 'A mutation operation in the transaction failed because a constraint was not satisfied. 
For example, an object such as an object store or index already exists and a request attempted to create a new one.', 
code: +0, INDEX_SIZE_ERR: 1, DOMSTRING_SIZE_ERR: 2, HIERARCHY_REQUEST_ERR: 3, WRONG_DOCUMENT_ERR: 4, 
INVALID_CHARACTER_ERR: 5, NO_DATA_ALLOWED_ERR: 6, NO_MODIFICATION_ALLOWED_ERR: 7, NOT_FOUND_ERR: 8, NOT_SUPPORTED_ERR: 
9, INUSE_ATTRIBUTE_ERR: 10, INVALID_STATE_ERR: 11, SYNTAX_ERR: 12, INVALID_MODIFICATION_ERR: 13, NAMESPACE_ERR: 14, 
INVALID_ACCESS_ERR: 15, VALIDATION_ERR: 16, TYPE_MISMATCH_ERR: 17, SECURITY_ERR: 18, NETWORK_ERR: 19, ABORT_ERR: 20, 
URL_MISMATCH_ERR: 21, QUOTA_EXCEEDED_ERR: 22, TIMEOUT_ERR: 23, INVALID_NODE_TYPE_ERR: 24, DATA_CLONE_ERR: 25, 
toString: 'Function<toString>', __defineGetter__: 'Function<__defineGetter__>', __defineSetter__: 
'Function<__defineSetter__>', hasOwnProperty: 'Function<hasOwnProperty>', __lookupGetter__: 
'Function<__lookupGetter__>', __lookupSetter__: 'Function<__lookupSetter__>', isPrototypeOf: 
'Function<isPrototypeOf>', propertyIsEnumerable: 'Function<propertyIsEnumerable>', valueOf: 'Function<valueOf>', 
__proto__: { constructor: 'Function<ConstraintError>', name: '<unserializable>', message: '<unserializable>', code: 
'<unserializable>', INDEX_SIZE_ERR: 1, DOMSTRING_SIZE_ERR: 2, HIERARCHY_REQUEST_ERR: 3, WRONG_DOCUMENT_ERR: 4, 
INVALID_CHARACTER_ERR: 5, NO_DATA_ALLOWED_ERR: 6, NO_MODIFICATION_ALLOWED_ERR: 7, NOT_FOUND_ERR: 8, NOT_SUPPORTED_ERR: 
9, INUSE_ATTRIBUTE_ERR: 10, INVALID_STATE_ERR: 11, SYNTAX_ERR: 12, INVALID_MODIFICATION_ERR: 13, NAMESPACE_ERR: 14, 
INVALID_ACCESS_ERR: 15, VALIDATION_ERR: 16, TYPE_MISMATCH_ERR: 17, SECURITY_ERR: 18, NETWORK_ERR: 19, ABORT_ERR: 20, 
URL_MISMATCH_ERR: 21, QUOTA_EXCEEDED_ERR: 22, TIMEOUT_ERR: 23, INVALID_NODE_TYPE_ERR: 24, DATA_CLONE_ERR: 25, 
toString: 'Function<toString>', __defineGetter__: 'Function<__defineGetter__>', __defineSetter__: 
'Function<__defineSetter__>', hasOwnProperty: 'Function<hasOwnProperty>', __lookupGetter__: 
'Function<__lookupGetter__>', __lookupSetter__: 'Function<__lookupSetter__>', isPrototypeOf: 
'Function<isPrototypeOf>', propertyIsEnumerable: 'Function<propertyIsEnumerable>', valueOf: 'Function<valueOf>', 
__proto__: { constructor: 'Function<DOMException>', name: '<unserializable>', message: '<unserializable>', code: 
'<unserializable>', INDEX_SIZE_ERR: 1, DOMSTRING_SIZE_ERR: 2, HIERARCHY_REQUEST_ERR: 3, WRONG_DOCUMENT_ERR: 4, 
INVALID_CHARACTER_ERR: 5, NO_DATA_ALLOWED_ERR: 6, NO_MODIFICATION_ALLOWED_ERR: 7, NOT_FOUND_ERR: 8, NOT_SUPPORTED_ERR: 
9, INUSE_ATTRIBUTE_ERR: 10, INVALID_STATE_ERR: 11, SYNTAX_ERR: 12, INVALID_MODIFICATION_ERR: 13, NAMESPACE_ERR: 14, 
INVALID_ACCESS_ERR: 15, VALIDATION_ERR: 16, TYPE_MISMATCH_ERR: 17, SECURITY_ERR: 18, NETWORK_ERR: 19, ABORT_ERR: 20, 
URL_MISMATCH_ERR: 21, QUOTA_EXCEEDED_ERR: 22, TIMEOUT_ERR: 23, INVALID_NODE_TYPE_ERR: 24, DATA_CLONE_ERR: 25, 
toString: 'Function<toString>', __defineGetter__: 'Function<__defineGetter__>', __defineSetter__: 
'Function<__defineSetter__>', hasOwnProperty: 'Function<hasOwnProperty>', __lookupGetter__: 
'Function<__lookupGetter__>', __lookupSetter__: 'Function<__lookupSetter__>', isPrototypeOf: 
'Function<isPrototypeOf>', propertyIsEnumerable: 'Function<propertyIsEnumerable>', valueOf: 'Function<valueOf>', 
__proto__: { constructor: 'Function<Error>', name: 'Error', message: '', toString: 'Function<toString>', 
__defineGetter__: 'Function<__defineGetter__>', __defineSetter__: 'Function<__defineSetter__>', hasOwnProperty: 
'Function<hasOwnProperty>', __lookupGetter__: 'Function<__lookupGetter__>', __lookupSetter__: 
'Function<__lookupSetter__>', isPrototypeOf: 'Function<isPrototypeOf>', propertyIsEnumerable: 
'Function<propertyIsEnumerable>', valueOf: 'Function<valueOf>', __proto__: { constructor: 'Function<Object>', 
__defineGetter__: 'Function<__defineGetter__>', __defineSetter__: 'Function<__defineSetter__>', hasOwnProperty: 
'Function<hasOwnProperty>', __lookupGetter__: 'Function<__lookupGetter__>', __lookupSetter__: 
'Function<__lookupSetter__>', isPrototypeOf: 'Function<isPrototypeOf>', propertyIsEnumerable: 
'Function<propertyIsEnumerable>', toString: 'Function<toString>', valueOf: 'Function<valueOf>', __proto__: null, 
toLocaleString: 'Function<toLocaleString>' }, toLocaleString: 'Function<toLocaleString>' }, toLocaleString: 
'Function<toLocaleString>' }, toLocaleString: 'Function<toLocaleString>' }, toLocaleString: 'Function<toLocaleString>' 
}, { stack: 'ConstraintError: A mutation operation in the transaction failed because a constraint was not satisfied. 
For example, an object such as an object store or index already exists and a request attempted to create a new one.\n  
  at BinarySearchTree._put (file:///C:/Users/ClaudioHig%C3%B3n/.gemini/antigravity/scratch/calendar/node_modules/fake-i
ndexeddb/build/esm/lib/binarySearchTree.js:121:13)\n    at BinarySearchTree._put (file:///C:/Users/ClaudioHig%C3%B3n/.g
emini/antigravity/scratch/calendar/node_modules/fake-indexeddb/build/esm/lib/binarySearchTree.js:102:21)\n    at 
BinarySearchTree.put (file:///C:/Users/ClaudioHig%C3%B3n/.gemini/antigravity/scratch/calendar/node_modules/fake-indexed
db/build/esm/lib/binarySearchTree.js:82:17)\n    at RecordStore.put (file:///C:/Users/ClaudioHig%C3%B3n/.gemini/antigra
vity/scratch/calendar/node_modules/fake-indexeddb/build/esm/lib/RecordStore.js:20:25)\n    at ObjectStore.storeRecord (
file:///C:/Users/ClaudioHig%C3%B3n/.gemini/antigravity/scratch/calendar/node_modules/fake-indexeddb/build/esm/lib/Objec
tStore.js:149:41)\n    at FDBTransaction._start (file:///C:/Users/ClaudioHig%C3%B3n/.gemini/antigravity/scratch/calenda
r/node_modules/fake-indexeddb/build/esm/FDBTransaction.js:193:26)\n    at processImmediate 
(node:internal/timers:485:21)', constructor: 'Function<ConstraintError>', name: 'ConstraintError', message: 'A 
mutation operation in the transaction failed because a constraint was not satisfied. For example, an object such as an 
object store or index already exists and a request attempted to create a new one.', code: +0, INDEX_SIZE_ERR: 1, 
DOMSTRING_SIZE_ERR: 2, HIERARCHY_REQUEST_ERR: 3, WRONG_DOCUMENT_ERR: 4, INVALID_CHARACTER_ERR: 5, NO_DATA_ALLOWED_ERR: 
6, NO_MODIFICATION_ALLOWED_ERR: 7, NOT_FOUND_ERR: 8, NOT_SUPPORTED_ERR: 9, INUSE_ATTRIBUTE_ERR: 10, INVALID_STATE_ERR: 
11, SYNTAX_ERR: 12, INVALID_MODIFICATION_ERR: 13, NAMESPACE_ERR: 14, INVALID_ACCESS_ERR: 15, VALIDATION_ERR: 16, 
TYPE_MISMATCH_ERR: 17, SECURITY_ERR: 18, NETWORK_ERR: 19, ABORT_ERR: 20, URL_MISMATCH_ERR: 21, QUOTA_EXCEEDED_ERR: 22, 
TIMEOUT_ERR: 23, INVALID_NODE_TYPE_ERR: 24, DATA_CLONE_ERR: 25, toString: 'Function<toString>', __defineGetter__: 
'Function<__defineGetter__>', __defineSetter__: 'Function<__defineSetter__>', hasOwnProperty: 
'Function<hasOwnProperty>', __lookupGetter__: 'Function<__lookupGetter__>', __lookupSetter__: 
'Function<__lookupSetter__>', isPrototypeOf: 'Function<isPrototypeOf>', propertyIsEnumerable: 
'Function<propertyIsEnumerable>', valueOf: 'Function<valueOf>', __proto__: { constructor: 'Function<ConstraintError>', 
name: '<unserializable>', message: '<unserializable>', code: '<unserializable>', INDEX_SIZE_ERR: 1, 
DOMSTRING_SIZE_ERR: 2, HIERARCHY_REQUEST_ERR: 3, WRONG_DOCUMENT_ERR: 4, INVALID_CHARACTER_ERR: 5, NO_DATA_ALLOWED_ERR: 
6, NO_MODIFICATION_ALLOWED_ERR: 7, NOT_FOUND_ERR: 8, NOT_SUPPORTED_ERR: 9, INUSE_ATTRIBUTE_ERR: 10, INVALID_STATE_ERR: 
11, SYNTAX_ERR: 12, INVALID_MODIFICATION_ERR: 13, NAMESPACE_ERR: 14, INVALID_ACCESS_ERR: 15, VALIDATION_ERR: 16, 
TYPE_MISMATCH_ERR: 17, SECURITY_ERR: 18, NETWORK_ERR: 19, ABORT_ERR: 20, URL_MISMATCH_ERR: 21, QUOTA_EXCEEDED_ERR: 22, 
TIMEOUT_ERR: 23, INVALID_NODE_TYPE_ERR: 24, DATA_CLONE_ERR: 25, toString: 'Function<toString>', __defineGetter__: 
'Function<__defineGetter__>', __defineSetter__: 'Function<__defineSetter__>', hasOwnProperty: 
'Function<hasOwnProperty>', __lookupGetter__: 'Function<__lookupGetter__>', __lookupSetter__: 
'Function<__lookupSetter__>', isPrototypeOf: 'Function<isPrototypeOf>', propertyIsEnumerable: 
'Function<propertyIsEnumerable>', valueOf: 'Function<valueOf>', __proto__: { constructor: 'Function<DOMException>', 
name: '<unserializable>', message: '<unserializable>', code: '<unserializable>', INDEX_SIZE_ERR: 1, 
DOMSTRING_SIZE_ERR: 2, HIERARCHY_REQUEST_ERR: 3, WRONG_DOCUMENT_ERR: 4, INVALID_CHARACTER_ERR: 5, NO_DATA_ALLOWED_ERR: 
6, NO_MODIFICATION_ALLOWED_ERR: 7, NOT_FOUND_ERR: 8, NOT_SUPPORTED_ERR: 9, INUSE_ATTRIBUTE_ERR: 10, INVALID_STATE_ERR: 
11, SYNTAX_ERR: 12, INVALID_MODIFICATION_ERR: 13, NAMESPACE_ERR: 14, INVALID_ACCESS_ERR: 15, VALIDATION_ERR: 16, 
TYPE_MISMATCH_ERR: 17, SECURITY_ERR: 18, NETWORK_ERR: 19, ABORT_ERR: 20, URL_MISMATCH_ERR: 21, QUOTA_EXCEEDED_ERR: 22, 
TIMEOUT_ERR: 23, INVALID_NODE_TYPE_ERR: 24, DATA_CLONE_ERR: 25, toString: 'Function<toString>', __defineGetter__: 
'Function<__defineGetter__>', __defineSetter__: 'Function<__defineSetter__>', hasOwnProperty: 
'Function<hasOwnProperty>', __lookupGetter__: 'Function<__lookupGetter__>', __lookupSetter__: 
'Function<__lookupSetter__>', isPrototypeOf: 'Function<isPrototypeOf>', propertyIsEnumerable: 
'Function<propertyIsEnumerable>', valueOf: 'Function<valueOf>', __proto__: { constructor: 'Function<Error>', name: 
'Error', message: '', toString: 'Function<toString>', __defineGetter__: 'Function<__defineGetter__>', 
__defineSetter__: 'Function<__defineSetter__>', hasOwnProperty: 'Function<hasOwnProperty>', __lookupGetter__: 
'Function<__lookupGetter__>', __lookupSetter__: 'Function<__lookupSetter__>', isPrototypeOf: 
'Function<isPrototypeOf>', propertyIsEnumerable: 'Function<propertyIsEnumerable>', valueOf: 'Function<valueOf>', 
__proto__: { constructor: 'Function<Object>', __defineGetter__: 'Function<__defineGetter__>', __defineSetter__: 
'Function<__defineSetter__>', hasOwnProperty: 'Function<hasOwnProperty>', __lookupGetter__: 
'Function<__lookupGetter__>', __lookupSetter__: 'Function<__lookupSetter__>', isPrototypeOf: 
'Function<isPrototypeOf>', propertyIsEnumerable: 'Function<propertyIsEnumerable>', toString: 'Function<toString>', 
valueOf: 'Function<valueOf>', __proto__: null, toLocaleString: 'Function<toLocaleString>' }, toLocaleString: 
'Function<toLocaleString>' }, toLocaleString: 'Function<toLocaleString>' }, toLocaleString: 'Function<toLocaleString>' 
}, toLocaleString: 'Function<toLocaleString>' }, { stack: 'ConstraintError: A mutation operation in the transaction 
failed because a constraint was not satisfied. For example, an object such as an object store or index already exists 
and a request attempted to create a new one.\n    at BinarySearchTree._put (file:///C:/Users/ClaudioHig%C3%B3n/.gemini/
antigravity/scratch/calendar/node_modules/fake-indexeddb/build/esm/lib/binarySearchTree.js:121:13)\n    at 
BinarySearchTree._put (file:///C:/Users/ClaudioHig%C3%B3n/.gemini/antigravity/scratch/calendar/node_modules/fake-indexe
ddb/build/esm/lib/binarySearchTree.js:88:21)\n    at BinarySearchTree._put (file:///C:/Users/ClaudioHig%C3%B3n/.gemini/
antigravity/scratch/calendar/node_modules/fake-indexeddb/build/esm/lib/binarySearchTree.js:102:21)\n    at 
BinarySearchTree._put (file:///C:/Users/ClaudioHig%C3%B3n/.gemini/antigravity/scratch/calendar/node_modules/fake-indexe
ddb/build/esm/lib/binarySearchTree.js:102:21)\n    at BinarySearchTree.put (file:///C:/Users/ClaudioHig%C3%B3n/.gemini/
antigravity/scratch/calendar/node_modules/fake-indexeddb/build/esm/lib/binarySearchTree.js:82:17)\n    at 
RecordStore.put (file:///C:/Users/ClaudioHig%C3%B3n/.gemini/antigravity/scratch/calendar/node_modules/fake-indexeddb/bu
ild/esm/lib/RecordStore.js:20:25)\n    at ObjectStore.storeRecord (file:///C:/Users/ClaudioHig%C3%B3n/.gemini/antigravi
ty/scratch/calendar/node_modules/fake-indexeddb/build/esm/lib/ObjectStore.js:149:41)\n    at FDBTransaction._start (fil
e:///C:/Users/ClaudioHig%C3%B3n/.gemini/antigravity/scratch/calendar/node_modules/fake-indexeddb/build/esm/FDBTransacti
on.js:193:26)\n    at processImmediate (node:internal/timers:485:21)', constructor: 'Function<ConstraintError>', name: 
'ConstraintError', message: 'A mutation operation in the transaction failed because a constraint was not satisfied. 
For example, an object such as an object store or index already exists and a request attempted to create a new one.', 
code: +0, INDEX_SIZE_ERR: 1, DOMSTRING_SIZE_ERR: 2, HIERARCHY_REQUEST_ERR: 3, WRONG_DOCUMENT_ERR: 4, 
INVALID_CHARACTER_ERR: 5, NO_DATA_ALLOWED_ERR: 6, NO_MODIFICATION_ALLOWED_ERR: 7, NOT_FOUND_ERR: 8, NOT_SUPPORTED_ERR: 
9, INUSE_ATTRIBUTE_ERR: 10, INVALID_STATE_ERR: 11, SYNTAX_ERR: 12, INVALID_MODIFICATION_ERR: 13, NAMESPACE_ERR: 14, 
INVALID_ACCESS_ERR: 15, VALIDATION_ERR: 16, TYPE_MISMATCH_ERR: 17, SECURITY_ERR: 18, NETWORK_ERR: 19, ABORT_ERR: 20, 
URL_MISMATCH_ERR: 21, QUOTA_EXCEEDED_ERR: 22, TIMEOUT_ERR: 23, INVALID_NODE_TYPE_ERR: 24, DATA_CLONE_ERR: 25, 
toString: 'Function<toString>', __defineGetter__: 'Function<__defineGetter__>', __defineSetter__: 
'Function<__defineSetter__>', hasOwnProperty: 'Function<hasOwnProperty>', __lookupGetter__: 
'Function<__lookupGetter__>', __lookupSetter__: 'Function<__lookupSetter__>', isPrototypeOf: 
'Function<isPrototypeOf>', propertyIsEnumerable: 'Function<propertyIsEnumerable>', valueOf: 'Function<valueOf>', 
__proto__: { constructor: 'Function<ConstraintError>', name: '<unserializable>', message: '<unserializable>', code: 
'<unserializable>', INDEX_SIZE_ERR: 1, DOMSTRING_SIZE_ERR: 2, HIERARCHY_REQUEST_ERR: 3, WRONG_DOCUMENT_ERR: 4, 
INVALID_CHARACTER_ERR: 5, NO_DATA_ALLOWED_ERR: 6, NO_MODIFICATION_ALLOWED_ERR: 7, NOT_FOUND_ERR: 8, NOT_SUPPORTED_ERR: 
9, INUSE_ATTRIBUTE_ERR: 10, INVALID_STATE_ERR: 11, SYNTAX_ERR: 12, INVALID_MODIFICATION_ERR: 13, NAMESPACE_ERR: 14, 
INVALID_ACCESS_ERR: 15, VALIDATION_ERR: 16, TYPE_MISMATCH_ERR: 17, SECURITY_ERR: 18, NETWORK_ERR: 19, ABORT_ERR: 20, 
URL_MISMATCH_ERR: 21, QUOTA_EXCEEDED_ERR: 22, TIMEOUT_ERR: 23, INVALID_NODE_TYPE_ERR: 24, DATA_CLONE_ERR: 25, 
toString: 'Function<toString>', __defineGetter__: 'Function<__defineGetter__>', __defineSetter__: 
'Function<__defineSetter__>', hasOwnProperty: 'Function<hasOwnProperty>', __lookupGetter__: 
'Function<__lookupGetter__>', __lookupSetter__: 'Function<__lookupSetter__>', isPrototypeOf: 
'Function<isPrototypeOf>', propertyIsEnumerable: 'Function<propertyIsEnumerable>', valueOf: 'Function<valueOf>', 
__proto__: { constructor: 'Function<DOMException>', name: '<unserializable>', message: '<unserializable>', code: 
'<unserializable>', INDEX_SIZE_ERR: 1, DOMSTRING_SIZE_ERR: 2, HIERARCHY_REQUEST_ERR: 3, WRONG_DOCUMENT_ERR: 4, 
INVALID_CHARACTER_ERR: 5, NO_DATA_ALLOWED_ERR: 6, NO_MODIFICATION_ALLOWED_ERR: 7, NOT_FOUND_ERR: 8, NOT_SUPPORTED_ERR: 
9, INUSE_ATTRIBUTE_ERR: 10, INVALID_STATE_ERR: 11, SYNTAX_ERR: 12, INVALID_MODIFICATION_ERR: 13, NAMESPACE_ERR: 14, 
INVALID_ACCESS_ERR: 15, VALIDATION_ERR: 16, TYPE_MISMATCH_ERR: 17, SECURITY_ERR: 18, NETWORK_ERR: 19, ABORT_ERR: 20, 
URL_MISMATCH_ERR: 21, QUOTA_EXCEEDED_ERR: 22, TIMEOUT_ERR: 23, INVALID_NODE_TYPE_ERR: 24, DATA_CLONE_ERR: 25, 
toString: 'Function<toString>', __defineGetter__: 'Function<__defineGetter__>', __defineSetter__: 
'Function<__defineSetter__>', hasOwnProperty: 'Function<hasOwnProperty>', __lookupGetter__: 
'Function<__lookupGetter__>', __lookupSetter__: 'Function<__lookupSetter__>', isPrototypeOf: 
'Function<isPrototypeOf>', propertyIsEnumerable: 'Function<propertyIsEnumerable>', valueOf: 'Function<valueOf>', 
__proto__: { constructor: 'Function<Error>', name: 'Error', message: '', toString: 'Function<toString>', 
__defineGetter__: 'Function<__defineGetter__>', __defineSetter__: 'Function<__defineSetter__>', hasOwnProperty: 
'Function<hasOwnProperty>', __lookupGetter__: 'Function<__lookupGetter__>', __lookupSetter__: 
'Function<__lookupSetter__>', isPrototypeOf: 'Function<isPrototypeOf>', propertyIsEnumerable: 
'Function<propertyIsEnumerable>', valueOf: 'Function<valueOf>', __proto__: { constructor: 'Function<Object>', 
__defineGetter__: 'Function<__defineGetter__>', __defineSetter__: 'Function<__defineSetter__>', hasOwnProperty: 
'Function<hasOwnProperty>', __lookupGetter__: 'Function<__lookupGetter__>', __lookupSetter__: 
'Function<__lookupSetter__>', isPrototypeOf: 'Function<isPrototypeOf>', propertyIsEnumerable: 
'Function<propertyIsEnumerable>', toString: 'Function<toString>', valueOf: 'Function<valueOf>', __proto__: null, 
toLocaleString: 'Function<toLocaleString>' }, toLocaleString: 'Function<toLocaleString>' }, toLocaleString: 
'Function<toLocaleString>' }, toLocaleString: 'Function<toLocaleString>' }, toLocaleString: 'Function<toLocaleString>' 
}, { stack: 'ConstraintError: A mutation operation in the transaction failed because a constraint was not satisfied. 
For example, an object such as an object store or index already exists and a request attempted to create a new one.\n  
  at BinarySearchTree._put (file:///C:/Users/ClaudioHig%C3%B3n/.gemini/antigravity/scratch/calendar/node_modules/fake-i
ndexeddb/build/esm/lib/binarySearchTree.js:121:13)\n    at BinarySearchTree._put (file:///C:/Users/ClaudioHig%C3%B3n/.g
emini/antigravity/scratch/calendar/node_modules/fake-indexeddb/build/esm/lib/binarySearchTree.js:102:21)\n    at 
BinarySearchTree._put (file:///C:/Users/ClaudioHig%C3%B3n/.gemini/antigravity/scratch/calendar/node_modules/fake-indexe
ddb/build/esm/lib/binarySearchTree.js:102:21)\n    at BinarySearchTree.put (file:///C:/Users/ClaudioHig%C3%B3n/.gemini/
antigravity/scratch/calendar/node_modules/fake-indexeddb/build/esm/lib/binarySearchTree.js:82:17)\n    at 
RecordStore.put (file:///C:/Users/ClaudioHig%C3%B3n/.gemini/antigravity/scratch/calendar/node_modules/fake-indexeddb/bu
ild/esm/lib/RecordStore.js:20:25)\n    at ObjectStore.storeRecord (file:///C:/Users/ClaudioHig%C3%B3n/.gemini/antigravi
ty/scratch/calendar/node_modules/fake-indexeddb/build/esm/lib/ObjectStore.js:149:41)\n    at FDBTransaction._start (fil
e:///C:/Users/ClaudioHig%C3%B3n/.gemini/antigravity/scratch/calendar/node_modules/fake-indexeddb/build/esm/FDBTransacti
on.js:193:26)\n    at processImmediate (node:internal/timers:485:21)', constructor: 'Function<ConstraintError>', name: 
'ConstraintError', message: 'A mutation operation in the transaction failed because a constraint was not satisfied. 
For example, an object such as an object store or index already exists and a request attempted to create a new one.', 
code: +0, INDEX_SIZE_ERR: 1, DOMSTRING_SIZE_ERR: 2, HIERARCHY_REQUEST_ERR: 3, WRONG_DOCUMENT_ERR: 4, 
INVALID_CHARACTER_ERR: 5, NO_DATA_ALLOWED_ERR: 6, NO_MODIFICATION_ALLOWED_ERR: 7, NOT_FOUND_ERR: 8, NOT_SUPPORTED_ERR: 
9, INUSE_ATTRIBUTE_ERR: 10, INVALID_STATE_ERR: 11, SYNTAX_ERR: 12, INVALID_MODIFICATION_ERR: 13, NAMESPACE_ERR: 14, 
INVALID_ACCESS_ERR: 15, VALIDATION_ERR: 16, TYPE_MISMATCH_ERR: 17, SECURITY_ERR: 18, NETWORK_ERR: 19, ABORT_ERR: 20, 
URL_MISMATCH_ERR: 21, QUOTA_EXCEEDED_ERR: 22, TIMEOUT_ERR: 23, INVALID_NODE_TYPE_ERR: 24, DATA_CLONE_ERR: 25, 
toString: 'Function<toString>', __defineGetter__: 'Function<__defineGetter__>', __defineSetter__: 
'Function<__defineSetter__>', hasOwnProperty: 'Function<hasOwnProperty>', __lookupGetter__: 
'Function<__lookupGetter__>', __lookupSetter__: 'Function<__lookupSetter__>', isPrototypeOf: 
'Function<isPrototypeOf>', propertyIsEnumerable: 'Function<propertyIsEnumerable>', valueOf: 'Function<valueOf>', 
__proto__: { constructor: 'Function<ConstraintError>', name: '<unserializable>', message: '<unserializable>', code: 
'<unserializable>', INDEX_SIZE_ERR: 1, DOMSTRING_SIZE_ERR: 2, HIERARCHY_REQUEST_ERR: 3, WRONG_DOCUMENT_ERR: 4, 
INVALID_CHARACTER_ERR: 5, NO_DATA_ALLOWED_ERR: 6, NO_MODIFICATION_ALLOWED_ERR: 7, NOT_FOUND_ERR: 8, NOT_SUPPORTED_ERR: 
9, INUSE_ATTRIBUTE_ERR: 10, INVALID_STATE_ERR: 11, SYNTAX_ERR: 12, INVALID_MODIFICATION_ERR: 13, NAMESPACE_ERR: 14, 
INVALID_ACCESS_ERR: 15, VALIDATION_ERR: 16, TYPE_MISMATCH_ERR: 17, SECURITY_ERR: 18, NETWORK_ERR: 19, ABORT_ERR: 20, 
URL_MISMATCH_ERR: 21, QUOTA_EXCEEDED_ERR: 22, TIMEOUT_ERR: 23, INVALID_NODE_TYPE_ERR: 24, DATA_CLONE_ERR: 25, 
toString: 'Function<toString>', __defineGetter__: 'Function<__defineGetter__>', __defineSetter__: 
'Function<__defineSetter__>', hasOwnProperty: 'Function<hasOwnProperty>', __lookupGetter__: 
'Function<__lookupGetter__>', __lookupSetter__: 'Function<__lookupSetter__>', isPrototypeOf: 
'Function<isPrototypeOf>', propertyIsEnumerable: 'Function<propertyIsEnumerable>', valueOf: 'Function<valueOf>', 
__proto__: { constructor: 'Function<DOMException>', name: '<unserializable>', message: '<unserializable>', code: 
'<unserializable>', INDEX_SIZE_ERR: 1, DOMSTRING_SIZE_ERR: 2, HIERARCHY_REQUEST_ERR: 3, WRONG_DOCUMENT_ERR: 4, 
INVALID_CHARACTER_ERR: 5, NO_DATA_ALLOWED_ERR: 6, NO_MODIFICATION_ALLOWED_ERR: 7, NOT_FOUND_ERR: 8, NOT_SUPPORTED_ERR: 
9, INUSE_ATTRIBUTE_ERR: 10, INVALID_STATE_ERR: 11, SYNTAX_ERR: 12, INVALID_MODIFICATION_ERR: 13, NAMESPACE_ERR: 14, 
INVALID_ACCESS_ERR: 15, VALIDATION_ERR: 16, TYPE_MISMATCH_ERR: 17, SECURITY_ERR: 18, NETWORK_ERR: 19, ABORT_ERR: 20, 
URL_MISMATCH_ERR: 21, QUOTA_EXCEEDED_ERR: 22, TIMEOUT_ERR: 23, INVALID_NODE_TYPE_ERR: 24, DATA_CLONE_ERR: 25, 
toString: 'Function<toString>', __defineGetter__: 'Function<__defineGetter__>', __defineSetter__: 
'Function<__defineSetter__>', hasOwnProperty: 'Function<hasOwnProperty>', __lookupGetter__: 
'Function<__lookupGetter__>', __lookupSetter__: 'Function<__lookupSetter__>', isPrototypeOf: 
'Function<isPrototypeOf>', propertyIsEnumerable: 'Function<propertyIsEnumerable>', valueOf: 'Function<valueOf>', 
__proto__: { constructor: 'Function<Error>', name: 'Error', message: '', toString: 'Function<toString>', 
__defineGetter__: 'Function<__defineGetter__>', __defineSetter__: 'Function<__defineSetter__>', hasOwnProperty: 
'Function<hasOwnProperty>', __lookupGetter__: 'Function<__lookupGetter__>', __lookupSetter__: 
'Function<__lookupSetter__>', isPrototypeOf: 'Function<isPrototypeOf>', propertyIsEnumerable: 
'Function<propertyIsEnumerable>', valueOf: 'Function<valueOf>', __proto__: { constructor: 'Function<Object>', 
__defineGetter__: 'Function<__defineGetter__>', __defineSetter__: 'Function<__defineSetter__>', hasOwnProperty: 
'Function<hasOwnProperty>', __lookupGetter__: 'Function<__lookupGetter__>', __lookupSetter__: 
'Function<__lookupSetter__>', isPrototypeOf: 'Function<isPrototypeOf>', propertyIsEnumerable: 
'Function<propertyIsEnumerable>', toString: 'Function<toString>', valueOf: 'Function<valueOf>', __proto__: null, 
toLocaleString: 'Function<toLocaleString>' }, toLocaleString: 'Function<toLocaleString>' }, toLocaleString: 
'Function<toLocaleString>' }, toLocaleString: 'Function<toLocaleString>' }, toLocaleString: 'Function<toLocaleString>' 
}, { stack: 'ConstraintError: A mutation operation in the transaction failed because a constraint was not satisfied. 
For example, an object such as an object store or index already exists and a request attempted to create a new one.\n  
  at BinarySearchTree._put (file:///C:/Users/ClaudioHig%C3%B3n/.gemini/antigravity/scratch/calendar/node_modules/fake-i
ndexeddb/build/esm/lib/binarySearchTree.js:121:13)\n    at BinarySearchTree._put (file:///C:/Users/ClaudioHig%C3%B3n/.g
emini/antigravity/scratch/calendar/node_modules/fake-indexeddb/build/esm/lib/binarySearchTree.js:102:21)\n    at 
BinarySearchTree._put (file:///C:/Users/ClaudioHig%C3%B3n/.gemini/antigravity/scratch/calendar/node_modules/fake-indexe
ddb/build/esm/lib/binarySearchTree.js:102:21)\n    at BinarySearchTree._put (file:///C:/Users/ClaudioHig%C3%B3n/.gemini
/antigravity/scratch/calendar/node_modules/fake-indexeddb/build/esm/lib/binarySearchTree.js:102:21)\n    at 
BinarySearchTree.put (file:///C:/Users/ClaudioHig%C3%B3n/.gemini/antigravity/scratch/calendar/node_modules/fake-indexed
db/build/esm/lib/binarySearchTree.js:82:17)\n    at RecordStore.put (file:///C:/Users/ClaudioHig%C3%B3n/.gemini/antigra
vity/scratch/calendar/node_modules/fake-indexeddb/build/esm/lib/RecordStore.js:20:25)\n    at ObjectStore.storeRecord (
file:///C:/Users/ClaudioHig%C3%B3n/.gemini/antigravity/scratch/calendar/node_modules/fake-indexeddb/build/esm/lib/Objec
tStore.js:149:41)\n    at FDBTransaction._start (file:///C:/Users/ClaudioHig%C3%B3n/.gemini/antigravity/scratch/calenda
r/node_modules/fake-indexeddb/build/esm/FDBTransaction.js:193:26)\n    at processImmediate 
(node:internal/timers:485:21)', constructor: 'Function<ConstraintError>', name: 'ConstraintError', message: 'A 
mutation operation in the transaction failed because a constraint was not satisfied. For example, an object such as an 
object store or index already exists and a request attempted to create a new one.', code: +0, INDEX_SIZE_ERR: 1, 
DOMSTRING_SIZE_ERR: 2, HIERARCHY_REQUEST_ERR: 3, WRONG_DOCUMENT_ERR: 4, INVALID_CHARACTER_ERR: 5, NO_DATA_ALLOWED_ERR: 
6, NO_MODIFICATION_ALLOWED_ERR: 7, NOT_FOUND_ERR: 8, NOT_SUPPORTED_ERR: 9, INUSE_ATTRIBUTE_ERR: 10, INVALID_STATE_ERR: 
11, SYNTAX_ERR: 12, INVALID_MODIFICATION_ERR: 13, NAMESPACE_ERR: 14, INVALID_ACCESS_ERR: 15, VALIDATION_ERR: 16, 
TYPE_MISMATCH_ERR: 17, SECURITY_ERR: 18, NETWORK_ERR: 19, ABORT_ERR: 20, URL_MISMATCH_ERR: 21, QUOTA_EXCEEDED_ERR: 22, 
TIMEOUT_ERR: 23, INVALID_NODE_TYPE_ERR: 24, DATA_CLONE_ERR: 25, toString: 'Function<toString>', __defineGetter__: 
'Function<__defineGetter__>', __defineSetter__: 'Function<__defineSetter__>', hasOwnProperty: 
'Function<hasOwnProperty>', __lookupGetter__: 'Function<__lookupGetter__>', __lookupSetter__: 
'Function<__lookupSetter__>', isPrototypeOf: 'Function<isPrototypeOf>', propertyIsEnumerable: 
'Function<propertyIsEnumerable>', valueOf: 'Function<valueOf>', __proto__: { constructor: 'Function<ConstraintError>', 
name: '<unserializable>', message: '<unserializable>', code: '<unserializable>', INDEX_SIZE_ERR: 1, 
DOMSTRING_SIZE_ERR: 2, HIERARCHY_REQUEST_ERR: 3, WRONG_DOCUMENT_ERR: 4, INVALID_CHARACTER_ERR: 5, NO_DATA_ALLOWED_ERR: 
6, NO_MODIFICATION_ALLOWED_ERR: 7, NOT_FOUND_ERR: 8, NOT_SUPPORTED_ERR: 9, INUSE_ATTRIBUTE_ERR: 10, INVALID_STATE_ERR: 
11, SYNTAX_ERR: 12, INVALID_MODIFICATION_ERR: 13, NAMESPACE_ERR: 14, INVALID_ACCESS_ERR: 15, VALIDATION_ERR: 16, 
TYPE_MISMATCH_ERR: 17, SECURITY_ERR: 18, NETWORK_ERR: 19, ABORT_ERR: 20, URL_MISMATCH_ERR: 21, QUOTA_EXCEEDED_ERR: 22, 
TIMEOUT_ERR: 23, INVALID_NODE_TYPE_ERR: 24, DATA_CLONE_ERR: 25, toString: 'Function<toString>', __defineGetter__: 
'Function<__defineGetter__>', __defineSetter__: 'Function<__defineSetter__>', hasOwnProperty: 
'Function<hasOwnProperty>', __lookupGetter__: 'Function<__lookupGetter__>', __lookupSetter__: 
'Function<__lookupSetter__>', isPrototypeOf: 'Function<isPrototypeOf>', propertyIsEnumerable: 
'Function<propertyIsEnumerable>', valueOf: 'Function<valueOf>', __proto__: { constructor: 'Function<DOMException>', 
name: '<unserializable>', message: '<unserializable>', code: '<unserializable>', INDEX_SIZE_ERR: 1, 
DOMSTRING_SIZE_ERR: 2, HIERARCHY_REQUEST_ERR: 3, WRONG_DOCUMENT_ERR: 4, INVALID_CHARACTER_ERR: 5, NO_DATA_ALLOWED_ERR: 
6, NO_MODIFICATION_ALLOWED_ERR: 7, NOT_FOUND_ERR: 8, NOT_SUPPORTED_ERR: 9, INUSE_ATTRIBUTE_ERR: 10, INVALID_STATE_ERR: 
11, SYNTAX_ERR: 12, INVALID_MODIFICATION_ERR: 13, NAMESPACE_ERR: 14, INVALID_ACCESS_ERR: 15, VALIDATION_ERR: 16, 
TYPE_MISMATCH_ERR: 17, SECURITY_ERR: 18, NETWORK_ERR: 19, ABORT_ERR: 20, URL_MISMATCH_ERR: 21, QUOTA_EXCEEDED_ERR: 22, 
TIMEOUT_ERR: 23, INVALID_NODE_TYPE_ERR: 24, DATA_CLONE_ERR: 25, toString: 'Function<toString>', __defineGetter__: 
'Function<__defineGetter__>', __defineSetter__: 'Function<__defineSetter__>', hasOwnProperty: 
'Function<hasOwnProperty>', __lookupGetter__: 'Function<__lookupGetter__>', __lookupSetter__: 
'Function<__lookupSetter__>', isPrototypeOf: 'Function<isPrototypeOf>', propertyIsEnumerable: 
'Function<propertyIsEnumerable>', valueOf: 'Function<valueOf>', __proto__: { constructor: 'Function<Error>', name: 
'Error', message: '', toString: 'Function<toString>', __defineGetter__: 'Function<__defineGetter__>', 
__defineSetter__: 'Function<__defineSetter__>', hasOwnProperty: 'Function<hasOwnProperty>', __lookupGetter__: 
'Function<__lookupGetter__>', __lookupSetter__: 'Function<__lookupSetter__>', isPrototypeOf: 
'Function<isPrototypeOf>', propertyIsEnumerable: 'Function<propertyIsEnumerable>', valueOf: 'Function<valueOf>', 
__proto__: { constructor: 'Function<Object>', __defineGetter__: 'Function<__defineGetter__>', __defineSetter__: 
'Function<__defineSetter__>', hasOwnProperty: 'Function<hasOwnProperty>', __lookupGetter__: 
'Function<__lookupGetter__>', __lookupSetter__: 'Function<__lookupSetter__>', isPrototypeOf: 
'Function<isPrototypeOf>', propertyIsEnumerable: 'Function<propertyIsEnumerable>', toString: 'Function<toString>', 
valueOf: 'Function<valueOf>', __proto__: null, toLocaleString: 'Function<toLocaleString>' }, toLocaleString: 
'Function<toLocaleString>' }, toLocaleString: 'Function<toLocaleString>' }, toLocaleString: 'Function<toLocaleString>' 
}, toLocaleString: 'Function<toLocaleString>' } ] }[39m
[31mThis error originated in "[1msrc/App.test.tsx[22m" test file. It doesn't mean the error was thrown inside the 
file itself, but while it was running.[39m

[31mÔÄ»ÔÄ»ÔÄ»ÔÄ»[39m[1m[41m Unhandled Rejection [49m[22m[31mÔÄ»ÔÄ»ÔÄ»ÔÄ»ÔÄ»[39m
[31m[1mBulkError[22m: events.bulkAdd(): 9 of 9 operations failed. Errors: ConstraintError: A mutation operation in 
the transaction failed because a constraint was not satisfied. For example, an object such as an object store or index 
already exists and a request attempted to create a new one.[39m
[31m[2mÔÄ»ÔÄ»ÔÄ»ÔÄ»ÔÄ»ÔÄ»ÔÄ»ÔÄ»ÔÄ»ÔÄ»ÔÄ»ÔÄ»ÔÄ»ÔÄ»ÔÄ»ÔÄ»ÔÄ»ÔÄ»ÔÄ»ÔÄ»ÔÄ»ÔÄ»ÔÄ»ÔÄ»ÔÄ»ÔÄ»ÔÄ»ÔÄ»ÔÄ»ÔÄ»[22m[39m
[31m[1mSerialized Error:[22m[39m [90m{ failures: [ { stack: 'ConstraintError: A mutation operation in the 
transaction failed because a constraint was not satisfied. For example, an object such as an object store or index 
already exists and a request attempted to create a new one.\n    at BinarySearchTree._put (file:///C:/Users/ClaudioHig%
C3%B3n/.gemini/antigravity/scratch/calendar/node_modules/fake-indexeddb/build/esm/lib/binarySearchTree.js:121:13)\n    
at BinarySearchTree._put (file:///C:/Users/ClaudioHig%C3%B3n/.gemini/antigravity/scratch/calendar/node_modules/fake-ind
exeddb/build/esm/lib/binarySearchTree.js:88:21)\n    at BinarySearchTree._put (file:///C:/Users/ClaudioHig%C3%B3n/.gemi
ni/antigravity/scratch/calendar/node_modules/fake-indexeddb/build/esm/lib/binarySearchTree.js:88:21)\n    at 
BinarySearchTree.put (file:///C:/Users/ClaudioHig%C3%B3n/.gemini/antigravity/scratch/calendar/node_modules/fake-indexed
db/build/esm/lib/binarySearchTree.js:82:17)\n    at RecordStore.put (file:///C:/Users/ClaudioHig%C3%B3n/.gemini/antigra
vity/scratch/calendar/node_modules/fake-indexeddb/build/esm/lib/RecordStore.js:20:25)\n    at ObjectStore.storeRecord (
file:///C:/Users/ClaudioHig%C3%B3n/.gemini/antigravity/scratch/calendar/node_modules/fake-indexeddb/build/esm/lib/Objec
tStore.js:149:41)\n    at FDBTransaction._start (file:///C:/Users/ClaudioHig%C3%B3n/.gemini/antigravity/scratch/calenda
r/node_modules/fake-indexeddb/build/esm/FDBTransaction.js:193:26)\n    at Immediate.<anonymous> (file:///C:/Users/Claud
ioHig%C3%B3n/.gemini/antigravity/scratch/calendar/node_modules/fake-indexeddb/build/esm/lib/Database.js:39:14)\n    at 
processImmediate (node:internal/timers:485:21)', constructor: 'Function<ConstraintError>', name: 'ConstraintError', 
message: 'A mutation operation in the transaction failed because a constraint was not satisfied. For example, an 
object such as an object store or index already exists and a request attempted to create a new one.', code: +0, 
INDEX_SIZE_ERR: 1, DOMSTRING_SIZE_ERR: 2, HIERARCHY_REQUEST_ERR: 3, WRONG_DOCUMENT_ERR: 4, INVALID_CHARACTER_ERR: 5, 
NO_DATA_ALLOWED_ERR: 6, NO_MODIFICATION_ALLOWED_ERR: 7, NOT_FOUND_ERR: 8, NOT_SUPPORTED_ERR: 9, INUSE_ATTRIBUTE_ERR: 
10, INVALID_STATE_ERR: 11, SYNTAX_ERR: 12, INVALID_MODIFICATION_ERR: 13, NAMESPACE_ERR: 14, INVALID_ACCESS_ERR: 15, 
VALIDATION_ERR: 16, TYPE_MISMATCH_ERR: 17, SECURITY_ERR: 18, NETWORK_ERR: 19, ABORT_ERR: 20, URL_MISMATCH_ERR: 21, 
QUOTA_EXCEEDED_ERR: 22, TIMEOUT_ERR: 23, INVALID_NODE_TYPE_ERR: 24, DATA_CLONE_ERR: 25, toString: 
'Function<toString>', __defineGetter__: 'Function<__defineGetter__>', __defineSetter__: 'Function<__defineSetter__>', 
hasOwnProperty: 'Function<hasOwnProperty>', __lookupGetter__: 'Function<__lookupGetter__>', __lookupSetter__: 
'Function<__lookupSetter__>', isPrototypeOf: 'Function<isPrototypeOf>', propertyIsEnumerable: 
'Function<propertyIsEnumerable>', valueOf: 'Function<valueOf>', __proto__: { constructor: 'Function<ConstraintError>', 
name: '<unserializable>', message: '<unserializable>', code: '<unserializable>', INDEX_SIZE_ERR: 1, 
DOMSTRING_SIZE_ERR: 2, HIERARCHY_REQUEST_ERR: 3, WRONG_DOCUMENT_ERR: 4, INVALID_CHARACTER_ERR: 5, NO_DATA_ALLOWED_ERR: 
6, NO_MODIFICATION_ALLOWED_ERR: 7, NOT_FOUND_ERR: 8, NOT_SUPPORTED_ERR: 9, INUSE_ATTRIBUTE_ERR: 10, INVALID_STATE_ERR: 
11, SYNTAX_ERR: 12, INVALID_MODIFICATION_ERR: 13, NAMESPACE_ERR: 14, INVALID_ACCESS_ERR: 15, VALIDATION_ERR: 16, 
TYPE_MISMATCH_ERR: 17, SECURITY_ERR: 18, NETWORK_ERR: 19, ABORT_ERR: 20, URL_MISMATCH_ERR: 21, QUOTA_EXCEEDED_ERR: 22, 
TIMEOUT_ERR: 23, INVALID_NODE_TYPE_ERR: 24, DATA_CLONE_ERR: 25, toString: 'Function<toString>', __defineGetter__: 
'Function<__defineGetter__>', __defineSetter__: 'Function<__defineSetter__>', hasOwnProperty: 
'Function<hasOwnProperty>', __lookupGetter__: 'Function<__lookupGetter__>', __lookupSetter__: 
'Function<__lookupSetter__>', isPrototypeOf: 'Function<isPrototypeOf>', propertyIsEnumerable: 
'Function<propertyIsEnumerable>', valueOf: 'Function<valueOf>', __proto__: { constructor: 'Function<DOMException>', 
name: '<unserializable>', message: '<unserializable>', code: '<unserializable>', INDEX_SIZE_ERR: 1, 
DOMSTRING_SIZE_ERR: 2, HIERARCHY_REQUEST_ERR: 3, WRONG_DOCUMENT_ERR: 4, INVALID_CHARACTER_ERR: 5, NO_DATA_ALLOWED_ERR: 
6, NO_MODIFICATION_ALLOWED_ERR: 7, NOT_FOUND_ERR: 8, NOT_SUPPORTED_ERR: 9, INUSE_ATTRIBUTE_ERR: 10, INVALID_STATE_ERR: 
11, SYNTAX_ERR: 12, INVALID_MODIFICATION_ERR: 13, NAMESPACE_ERR: 14, INVALID_ACCESS_ERR: 15, VALIDATION_ERR: 16, 
TYPE_MISMATCH_ERR: 17, SECURITY_ERR: 18, NETWORK_ERR: 19, ABORT_ERR: 20, URL_MISMATCH_ERR: 21, QUOTA_EXCEEDED_ERR: 22, 
TIMEOUT_ERR: 23, INVALID_NODE_TYPE_ERR: 24, DATA_CLONE_ERR: 25, toString: 'Function<toString>', __defineGetter__: 
'Function<__defineGetter__>', __defineSetter__: 'Function<__defineSetter__>', hasOwnProperty: 
'Function<hasOwnProperty>', __lookupGetter__: 'Function<__lookupGetter__>', __lookupSetter__: 
'Function<__lookupSetter__>', isPrototypeOf: 'Function<isPrototypeOf>', propertyIsEnumerable: 
'Function<propertyIsEnumerable>', valueOf: 'Function<valueOf>', __proto__: { constructor: 'Function<Error>', name: 
'Error', message: '', toString: 'Function<toString>', __defineGetter__: 'Function<__defineGetter__>', 
__defineSetter__: 'Function<__defineSetter__>', hasOwnProperty: 'Function<hasOwnProperty>', __lookupGetter__: 
'Function<__lookupGetter__>', __lookupSetter__: 'Function<__lookupSetter__>', isPrototypeOf: 
'Function<isPrototypeOf>', propertyIsEnumerable: 'Function<propertyIsEnumerable>', valueOf: 'Function<valueOf>', 
__proto__: { constructor: 'Function<Object>', __defineGetter__: 'Function<__defineGetter__>', __defineSetter__: 
'Function<__defineSetter__>', hasOwnProperty: 'Function<hasOwnProperty>', __lookupGetter__: 
'Function<__lookupGetter__>', __lookupSetter__: 'Function<__lookupSetter__>', isPrototypeOf: 
'Function<isPrototypeOf>', propertyIsEnumerable: 'Function<propertyIsEnumerable>', toString: 'Function<toString>', 
valueOf: 'Function<valueOf>', __proto__: null, toLocaleString: 'Function<toLocaleString>' }, toLocaleString: 
'Function<toLocaleString>' }, toLocaleString: 'Function<toLocaleString>' }, toLocaleString: 'Function<toLocaleString>' 
}, toLocaleString: 'Function<toLocaleString>' }, { stack: 'ConstraintError: A mutation operation in the transaction 
failed because a constraint was not satisfied. For example, an object such as an object store or index already exists 
and a request attempted to create a new one.\n    at BinarySearchTree._put (file:///C:/Users/ClaudioHig%C3%B3n/.gemini/
antigravity/scratch/calendar/node_modules/fake-indexeddb/build/esm/lib/binarySearchTree.js:121:13)\n    at 
BinarySearchTree._put (file:///C:/Users/ClaudioHig%C3%B3n/.gemini/antigravity/scratch/calendar/node_modules/fake-indexe
ddb/build/esm/lib/binarySearchTree.js:88:21)\n    at BinarySearchTree.put (file:///C:/Users/ClaudioHig%C3%B3n/.gemini/a
ntigravity/scratch/calendar/node_modules/fake-indexeddb/build/esm/lib/binarySearchTree.js:82:17)\n    at 
RecordStore.put (file:///C:/Users/ClaudioHig%C3%B3n/.gemini/antigravity/scratch/calendar/node_modules/fake-indexeddb/bu
ild/esm/lib/RecordStore.js:20:25)\n    at ObjectStore.storeRecord (file:///C:/Users/ClaudioHig%C3%B3n/.gemini/antigravi
ty/scratch/calendar/node_modules/fake-indexeddb/build/esm/lib/ObjectStore.js:149:41)\n    at FDBTransaction._start (fil
e:///C:/Users/ClaudioHig%C3%B3n/.gemini/antigravity/scratch/calendar/node_modules/fake-indexeddb/build/esm/FDBTransacti
on.js:193:26)\n    at processImmediate (node:internal/timers:485:21)', constructor: 'Function<ConstraintError>', name: 
'ConstraintError', message: 'A mutation operation in the transaction failed because a constraint was not satisfied. 
For example, an object such as an object store or index already exists and a request attempted to create a new one.', 
code: +0, INDEX_SIZE_ERR: 1, DOMSTRING_SIZE_ERR: 2, HIERARCHY_REQUEST_ERR: 3, WRONG_DOCUMENT_ERR: 4, 
INVALID_CHARACTER_ERR: 5, NO_DATA_ALLOWED_ERR: 6, NO_MODIFICATION_ALLOWED_ERR: 7, NOT_FOUND_ERR: 8, NOT_SUPPORTED_ERR: 
9, INUSE_ATTRIBUTE_ERR: 10, INVALID_STATE_ERR: 11, SYNTAX_ERR: 12, INVALID_MODIFICATION_ERR: 13, NAMESPACE_ERR: 14, 
INVALID_ACCESS_ERR: 15, VALIDATION_ERR: 16, TYPE_MISMATCH_ERR: 17, SECURITY_ERR: 18, NETWORK_ERR: 19, ABORT_ERR: 20, 
URL_MISMATCH_ERR: 21, QUOTA_EXCEEDED_ERR: 22, TIMEOUT_ERR: 23, INVALID_NODE_TYPE_ERR: 24, DATA_CLONE_ERR: 25, 
toString: 'Function<toString>', __defineGetter__: 'Function<__defineGetter__>', __defineSetter__: 
'Function<__defineSetter__>', hasOwnProperty: 'Function<hasOwnProperty>', __lookupGetter__: 
'Function<__lookupGetter__>', __lookupSetter__: 'Function<__lookupSetter__>', isPrototypeOf: 
'Function<isPrototypeOf>', propertyIsEnumerable: 'Function<propertyIsEnumerable>', valueOf: 'Function<valueOf>', 
__proto__: { constructor: 'Function<ConstraintError>', name: '<unserializable>', message: '<unserializable>', code: 
'<unserializable>', INDEX_SIZE_ERR: 1, DOMSTRING_SIZE_ERR: 2, HIERARCHY_REQUEST_ERR: 3, WRONG_DOCUMENT_ERR: 4, 
INVALID_CHARACTER_ERR: 5, NO_DATA_ALLOWED_ERR: 6, NO_MODIFICATION_ALLOWED_ERR: 7, NOT_FOUND_ERR: 8, NOT_SUPPORTED_ERR: 
9, INUSE_ATTRIBUTE_ERR: 10, INVALID_STATE_ERR: 11, SYNTAX_ERR: 12, INVALID_MODIFICATION_ERR: 13, NAMESPACE_ERR: 14, 
INVALID_ACCESS_ERR: 15, VALIDATION_ERR: 16, TYPE_MISMATCH_ERR: 17, SECURITY_ERR: 18, NETWORK_ERR: 19, ABORT_ERR: 20, 
URL_MISMATCH_ERR: 21, QUOTA_EXCEEDED_ERR: 22, TIMEOUT_ERR: 23, INVALID_NODE_TYPE_ERR: 24, DATA_CLONE_ERR: 25, 
toString: 'Function<toString>', __defineGetter__: 'Function<__defineGetter__>', __defineSetter__: 
'Function<__defineSetter__>', hasOwnProperty: 'Function<hasOwnProperty>', __lookupGetter__: 
'Function<__lookupGetter__>', __lookupSetter__: 'Function<__lookupSetter__>', isPrototypeOf: 
'Function<isPrototypeOf>', propertyIsEnumerable: 'Function<propertyIsEnumerable>', valueOf: 'Function<valueOf>', 
__proto__: { constructor: 'Function<DOMException>', name: '<unserializable>', message: '<unserializable>', code: 
'<unserializable>', INDEX_SIZE_ERR: 1, DOMSTRING_SIZE_ERR: 2, HIERARCHY_REQUEST_ERR: 3, WRONG_DOCUMENT_ERR: 4, 
INVALID_CHARACTER_ERR: 5, NO_DATA_ALLOWED_ERR: 6, NO_MODIFICATION_ALLOWED_ERR: 7, NOT_FOUND_ERR: 8, NOT_SUPPORTED_ERR: 
9, INUSE_ATTRIBUTE_ERR: 10, INVALID_STATE_ERR: 11, SYNTAX_ERR: 12, INVALID_MODIFICATION_ERR: 13, NAMESPACE_ERR: 14, 
INVALID_ACCESS_ERR: 15, VALIDATION_ERR: 16, TYPE_MISMATCH_ERR: 17, SECURITY_ERR: 18, NETWORK_ERR: 19, ABORT_ERR: 20, 
URL_MISMATCH_ERR: 21, QUOTA_EXCEEDED_ERR: 22, TIMEOUT_ERR: 23, INVALID_NODE_TYPE_ERR: 24, DATA_CLONE_ERR: 25, 
toString: 'Function<toString>', __defineGetter__: 'Function<__defineGetter__>', __defineSetter__: 
'Function<__defineSetter__>', hasOwnProperty: 'Function<hasOwnProperty>', __lookupGetter__: 
'Function<__lookupGetter__>', __lookupSetter__: 'Function<__lookupSetter__>', isPrototypeOf: 
'Function<isPrototypeOf>', propertyIsEnumerable: 'Function<propertyIsEnumerable>', valueOf: 'Function<valueOf>', 
__proto__: { constructor: 'Function<Error>', name: 'Error', message: '', toString: 'Function<toString>', 
__defineGetter__: 'Function<__defineGetter__>', __defineSetter__: 'Function<__defineSetter__>', hasOwnProperty: 
'Function<hasOwnProperty>', __lookupGetter__: 'Function<__lookupGetter__>', __lookupSetter__: 
'Function<__lookupSetter__>', isPrototypeOf: 'Function<isPrototypeOf>', propertyIsEnumerable: 
'Function<propertyIsEnumerable>', valueOf: 'Function<valueOf>', __proto__: { constructor: 'Function<Object>', 
__defineGetter__: 'Function<__defineGetter__>', __defineSetter__: 'Function<__defineSetter__>', hasOwnProperty: 
'Function<hasOwnProperty>', __lookupGetter__: 'Function<__lookupGetter__>', __lookupSetter__: 
'Function<__lookupSetter__>', isPrototypeOf: 'Function<isPrototypeOf>', propertyIsEnumerable: 
'Function<propertyIsEnumerable>', toString: 'Function<toString>', valueOf: 'Function<valueOf>', __proto__: null, 
toLocaleString: 'Function<toLocaleString>' }, toLocaleString: 'Function<toLocaleString>' }, toLocaleString: 
'Function<toLocaleString>' }, toLocaleString: 'Function<toLocaleString>' }, toLocaleString: 'Function<toLocaleString>' 
}, { stack: 'ConstraintError: A mutation operation in the transaction failed because a constraint was not satisfied. 
For example, an object such as an object store or index already exists and a request attempted to create a new one.\n  
  at BinarySearchTree._put (file:///C:/Users/ClaudioHig%C3%B3n/.gemini/antigravity/scratch/calendar/node_modules/fake-i
ndexeddb/build/esm/lib/binarySearchTree.js:121:13)\n    at BinarySearchTree._put (file:///C:/Users/ClaudioHig%C3%B3n/.g
emini/antigravity/scratch/calendar/node_modules/fake-indexeddb/build/esm/lib/binarySearchTree.js:102:21)\n    at 
BinarySearchTree._put (file:///C:/Users/ClaudioHig%C3%B3n/.gemini/antigravity/scratch/calendar/node_modules/fake-indexe
ddb/build/esm/lib/binarySearchTree.js:88:21)\n    at BinarySearchTree.put (file:///C:/Users/ClaudioHig%C3%B3n/.gemini/a
ntigravity/scratch/calendar/node_modules/fake-indexeddb/build/esm/lib/binarySearchTree.js:82:17)\n    at 
RecordStore.put (file:///C:/Users/ClaudioHig%C3%B3n/.gemini/antigravity/scratch/calendar/node_modules/fake-indexeddb/bu
ild/esm/lib/RecordStore.js:20:25)\n    at ObjectStore.storeRecord (file:///C:/Users/ClaudioHig%C3%B3n/.gemini/antigravi
ty/scratch/calendar/node_modules/fake-indexeddb/build/esm/lib/ObjectStore.js:149:41)\n    at FDBTransaction._start (fil
e:///C:/Users/ClaudioHig%C3%B3n/.gemini/antigravity/scratch/calendar/node_modules/fake-indexeddb/build/esm/FDBTransacti
on.js:193:26)\n    at processImmediate (node:internal/timers:485:21)', constructor: 'Function<ConstraintError>', name: 
'ConstraintError', message: 'A mutation operation in the transaction failed because a constraint was not satisfied. 
For example, an object such as an object store or index already exists and a request attempted to create a new one.', 
code: +0, INDEX_SIZE_ERR: 1, DOMSTRING_SIZE_ERR: 2, HIERARCHY_REQUEST_ERR: 3, WRONG_DOCUMENT_ERR: 4, 
INVALID_CHARACTER_ERR: 5, NO_DATA_ALLOWED_ERR: 6, NO_MODIFICATION_ALLOWED_ERR: 7, NOT_FOUND_ERR: 8, NOT_SUPPORTED_ERR: 
9, INUSE_ATTRIBUTE_ERR: 10, INVALID_STATE_ERR: 11, SYNTAX_ERR: 12, INVALID_MODIFICATION_ERR: 13, NAMESPACE_ERR: 14, 
INVALID_ACCESS_ERR: 15, VALIDATION_ERR: 16, TYPE_MISMATCH_ERR: 17, SECURITY_ERR: 18, NETWORK_ERR: 19, ABORT_ERR: 20, 
URL_MISMATCH_ERR: 21, QUOTA_EXCEEDED_ERR: 22, TIMEOUT_ERR: 23, INVALID_NODE_TYPE_ERR: 24, DATA_CLONE_ERR: 25, 
toString: 'Function<toString>', __defineGetter__: 'Function<__defineGetter__>', __defineSetter__: 
'Function<__defineSetter__>', hasOwnProperty: 'Function<hasOwnProperty>', __lookupGetter__: 
'Function<__lookupGetter__>', __lookupSetter__: 'Function<__lookupSetter__>', isPrototypeOf: 
'Function<isPrototypeOf>', propertyIsEnumerable: 'Function<propertyIsEnumerable>', valueOf: 'Function<valueOf>', 
__proto__: { constructor: 'Function<ConstraintError>', name: '<unserializable>', message: '<unserializable>', code: 
'<unserializable>', INDEX_SIZE_ERR: 1, DOMSTRING_SIZE_ERR: 2, HIERARCHY_REQUEST_ERR: 3, WRONG_DOCUMENT_ERR: 4, 
INVALID_CHARACTER_ERR: 5, NO_DATA_ALLOWED_ERR: 6, NO_MODIFICATION_ALLOWED_ERR: 7, NOT_FOUND_ERR: 8, NOT_SUPPORTED_ERR: 
9, INUSE_ATTRIBUTE_ERR: 10, INVALID_STATE_ERR: 11, SYNTAX_ERR: 12, INVALID_MODIFICATION_ERR: 13, NAMESPACE_ERR: 14, 
INVALID_ACCESS_ERR: 15, VALIDATION_ERR: 16, TYPE_MISMATCH_ERR: 17, SECURITY_ERR: 18, NETWORK_ERR: 19, ABORT_ERR: 20, 
URL_MISMATCH_ERR: 21, QUOTA_EXCEEDED_ERR: 22, TIMEOUT_ERR: 23, INVALID_NODE_TYPE_ERR: 24, DATA_CLONE_ERR: 25, 
toString: 'Function<toString>', __defineGetter__: 'Function<__defineGetter__>', __defineSetter__: 
'Function<__defineSetter__>', hasOwnProperty: 'Function<hasOwnProperty>', __lookupGetter__: 
'Function<__lookupGetter__>', __lookupSetter__: 'Function<__lookupSetter__>', isPrototypeOf: 
'Function<isPrototypeOf>', propertyIsEnumerable: 'Function<propertyIsEnumerable>', valueOf: 'Function<valueOf>', 
__proto__: { constructor: 'Function<DOMException>', name: '<unserializable>', message: '<unserializable>', code: 
'<unserializable>', INDEX_SIZE_ERR: 1, DOMSTRING_SIZE_ERR: 2, HIERARCHY_REQUEST_ERR: 3, WRONG_DOCUMENT_ERR: 4, 
INVALID_CHARACTER_ERR: 5, NO_DATA_ALLOWED_ERR: 6, NO_MODIFICATION_ALLOWED_ERR: 7, NOT_FOUND_ERR: 8, NOT_SUPPORTED_ERR: 
9, INUSE_ATTRIBUTE_ERR: 10, INVALID_STATE_ERR: 11, SYNTAX_ERR: 12, INVALID_MODIFICATION_ERR: 13, NAMESPACE_ERR: 14, 
INVALID_ACCESS_ERR: 15, VALIDATION_ERR: 16, TYPE_MISMATCH_ERR: 17, SECURITY_ERR: 18, NETWORK_ERR: 19, ABORT_ERR: 20, 
URL_MISMATCH_ERR: 21, QUOTA_EXCEEDED_ERR: 22, TIMEOUT_ERR: 23, INVALID_NODE_TYPE_ERR: 24, DATA_CLONE_ERR: 25, 
toString: 'Function<toString>', __defineGetter__: 'Function<__defineGetter__>', __defineSetter__: 
'Function<__defineSetter__>', hasOwnProperty: 'Function<hasOwnProperty>', __lookupGetter__: 
'Function<__lookupGetter__>', __lookupSetter__: 'Function<__lookupSetter__>', isPrototypeOf: 
'Function<isPrototypeOf>', propertyIsEnumerable: 'Function<propertyIsEnumerable>', valueOf: 'Function<valueOf>', 
__proto__: { constructor: 'Function<Error>', name: 'Error', message: '', toString: 'Function<toString>', 
__defineGetter__: 'Function<__defineGetter__>', __defineSetter__: 'Function<__defineSetter__>', hasOwnProperty: 
'Function<hasOwnProperty>', __lookupGetter__: 'Function<__lookupGetter__>', __lookupSetter__: 
'Function<__lookupSetter__>', isPrototypeOf: 'Function<isPrototypeOf>', propertyIsEnumerable: 
'Function<propertyIsEnumerable>', valueOf: 'Function<valueOf>', __proto__: { constructor: 'Function<Object>', 
__defineGetter__: 'Function<__defineGetter__>', __defineSetter__: 'Function<__defineSetter__>', hasOwnProperty: 
'Function<hasOwnProperty>', __lookupGetter__: 'Function<__lookupGetter__>', __lookupSetter__: 
'Function<__lookupSetter__>', isPrototypeOf: 'Function<isPrototypeOf>', propertyIsEnumerable: 
'Function<propertyIsEnumerable>', toString: 'Function<toString>', valueOf: 'Function<valueOf>', __proto__: null, 
toLocaleString: 'Function<toLocaleString>' }, toLocaleString: 'Function<toLocaleString>' }, toLocaleString: 
'Function<toLocaleString>' }, toLocaleString: 'Function<toLocaleString>' }, toLocaleString: 'Function<toLocaleString>' 
}, { stack: 'ConstraintError: A mutation operation in the transaction failed because a constraint was not satisfied. 
For example, an object such as an object store or index already exists and a request attempted to create a new one.\n  
  at BinarySearchTree._put (file:///C:/Users/ClaudioHig%C3%B3n/.gemini/antigravity/scratch/calendar/node_modules/fake-i
ndexeddb/build/esm/lib/binarySearchTree.js:121:13)\n    at BinarySearchTree.put (file:///C:/Users/ClaudioHig%C3%B3n/.ge
mini/antigravity/scratch/calendar/node_modules/fake-indexeddb/build/esm/lib/binarySearchTree.js:82:17)\n    at 
RecordStore.put (file:///C:/Users/ClaudioHig%C3%B3n/.gemini/antigravity/scratch/calendar/node_modules/fake-indexeddb/bu
ild/esm/lib/RecordStore.js:20:25)\n    at ObjectStore.storeRecord (file:///C:/Users/ClaudioHig%C3%B3n/.gemini/antigravi
ty/scratch/calendar/node_modules/fake-indexeddb/build/esm/lib/ObjectStore.js:149:41)\n    at FDBTransaction._start (fil
e:///C:/Users/ClaudioHig%C3%B3n/.gemini/antigravity/scratch/calendar/node_modules/fake-indexeddb/build/esm/FDBTransacti
on.js:193:26)\n    at processImmediate (node:internal/timers:485:21)', constructor: 'Function<ConstraintError>', name: 
'ConstraintError', message: 'A mutation operation in the transaction failed because a constraint was not satisfied. 
For example, an object such as an object store or index already exists and a request attempted to create a new one.', 
code: +0, INDEX_SIZE_ERR: 1, DOMSTRING_SIZE_ERR: 2, HIERARCHY_REQUEST_ERR: 3, WRONG_DOCUMENT_ERR: 4, 
INVALID_CHARACTER_ERR: 5, NO_DATA_ALLOWED_ERR: 6, NO_MODIFICATION_ALLOWED_ERR: 7, NOT_FOUND_ERR: 8, NOT_SUPPORTED_ERR: 
9, INUSE_ATTRIBUTE_ERR: 10, INVALID_STATE_ERR: 11, SYNTAX_ERR: 12, INVALID_MODIFICATION_ERR: 13, NAMESPACE_ERR: 14, 
INVALID_ACCESS_ERR: 15, VALIDATION_ERR: 16, TYPE_MISMATCH_ERR: 17, SECURITY_ERR: 18, NETWORK_ERR: 19, ABORT_ERR: 20, 
URL_MISMATCH_ERR: 21, QUOTA_EXCEEDED_ERR: 22, TIMEOUT_ERR: 23, INVALID_NODE_TYPE_ERR: 24, DATA_CLONE_ERR: 25, 
toString: 'Function<toString>', __defineGetter__: 'Function<__defineGetter__>', __defineSetter__: 
'Function<__defineSetter__>', hasOwnProperty: 'Function<hasOwnProperty>', __lookupGetter__: 
'Function<__lookupGetter__>', __lookupSetter__: 'Function<__lookupSetter__>', isPrototypeOf: 
'Function<isPrototypeOf>', propertyIsEnumerable: 'Function<propertyIsEnumerable>', valueOf: 'Function<valueOf>', 
__proto__: { constructor: 'Function<ConstraintError>', name: '<unserializable>', message: '<unserializable>', code: 
'<unserializable>', INDEX_SIZE_ERR: 1, DOMSTRING_SIZE_ERR: 2, HIERARCHY_REQUEST_ERR: 3, WRONG_DOCUMENT_ERR: 4, 
INVALID_CHARACTER_ERR: 5, NO_DATA_ALLOWED_ERR: 6, NO_MODIFICATION_ALLOWED_ERR: 7, NOT_FOUND_ERR: 8, NOT_SUPPORTED_ERR: 
9, INUSE_ATTRIBUTE_ERR: 10, INVALID_STATE_ERR: 11, SYNTAX_ERR: 12, INVALID_MODIFICATION_ERR: 13, NAMESPACE_ERR: 14, 
INVALID_ACCESS_ERR: 15, VALIDATION_ERR: 16, TYPE_MISMATCH_ERR: 17, SECURITY_ERR: 18, NETWORK_ERR: 19, ABORT_ERR: 20, 
URL_MISMATCH_ERR: 21, QUOTA_EXCEEDED_ERR: 22, TIMEOUT_ERR: 23, INVALID_NODE_TYPE_ERR: 24, DATA_CLONE_ERR: 25, 
toString: 'Function<toString>', __defineGetter__: 'Function<__defineGetter__>', __defineSetter__: 
'Function<__defineSetter__>', hasOwnProperty: 'Function<hasOwnProperty>', __lookupGetter__: 
'Function<__lookupGetter__>', __lookupSetter__: 'Function<__lookupSetter__>', isPrototypeOf: 
'Function<isPrototypeOf>', propertyIsEnumerable: 'Function<propertyIsEnumerable>', valueOf: 'Function<valueOf>', 
__proto__: { constructor: 'Function<DOMException>', name: '<unserializable>', message: '<unserializable>', code: 
'<unserializable>', INDEX_SIZE_ERR: 1, DOMSTRING_SIZE_ERR: 2, HIERARCHY_REQUEST_ERR: 3, WRONG_DOCUMENT_ERR: 4, 
INVALID_CHARACTER_ERR: 5, NO_DATA_ALLOWED_ERR: 6, NO_MODIFICATION_ALLOWED_ERR: 7, NOT_FOUND_ERR: 8, NOT_SUPPORTED_ERR: 
9, INUSE_ATTRIBUTE_ERR: 10, INVALID_STATE_ERR: 11, SYNTAX_ERR: 12, INVALID_MODIFICATION_ERR: 13, NAMESPACE_ERR: 14, 
INVALID_ACCESS_ERR: 15, VALIDATION_ERR: 16, TYPE_MISMATCH_ERR: 17, SECURITY_ERR: 18, NETWORK_ERR: 19, ABORT_ERR: 20, 
URL_MISMATCH_ERR: 21, QUOTA_EXCEEDED_ERR: 22, TIMEOUT_ERR: 23, INVALID_NODE_TYPE_ERR: 24, DATA_CLONE_ERR: 25, 
toString: 'Function<toString>', __defineGetter__: 'Function<__defineGetter__>', __defineSetter__: 
'Function<__defineSetter__>', hasOwnProperty: 'Function<hasOwnProperty>', __lookupGetter__: 
'Function<__lookupGetter__>', __lookupSetter__: 'Function<__lookupSetter__>', isPrototypeOf: 
'Function<isPrototypeOf>', propertyIsEnumerable: 'Function<propertyIsEnumerable>', valueOf: 'Function<valueOf>', 
__proto__: { constructor: 'Function<Error>', name: 'Error', message: '', toString: 'Function<toString>', 
__defineGetter__: 'Function<__defineGetter__>', __defineSetter__: 'Function<__defineSetter__>', hasOwnProperty: 
'Function<hasOwnProperty>', __lookupGetter__: 'Function<__lookupGetter__>', __lookupSetter__: 
'Function<__lookupSetter__>', isPrototypeOf: 'Function<isPrototypeOf>', propertyIsEnumerable: 
'Function<propertyIsEnumerable>', valueOf: 'Function<valueOf>', __proto__: { constructor: 'Function<Object>', 
__defineGetter__: 'Function<__defineGetter__>', __defineSetter__: 'Function<__defineSetter__>', hasOwnProperty: 
'Function<hasOwnProperty>', __lookupGetter__: 'Function<__lookupGetter__>', __lookupSetter__: 
'Function<__lookupSetter__>', isPrototypeOf: 'Function<isPrototypeOf>', propertyIsEnumerable: 
'Function<propertyIsEnumerable>', toString: 'Function<toString>', valueOf: 'Function<valueOf>', __proto__: null, 
toLocaleString: 'Function<toLocaleString>' }, toLocaleString: 'Function<toLocaleString>' }, toLocaleString: 
'Function<toLocaleString>' }, toLocaleString: 'Function<toLocaleString>' }, toLocaleString: 'Function<toLocaleString>' 
}, { stack: 'ConstraintError: A mutation operation in the transaction failed because a constraint was not satisfied. 
For example, an object such as an object store or index already exists and a request attempted to create a new one.\n  
  at BinarySearchTree._put (file:///C:/Users/ClaudioHig%C3%B3n/.gemini/antigravity/scratch/calendar/node_modules/fake-i
ndexeddb/build/esm/lib/binarySearchTree.js:121:13)\n    at BinarySearchTree._put (file:///C:/Users/ClaudioHig%C3%B3n/.g
emini/antigravity/scratch/calendar/node_modules/fake-indexeddb/build/esm/lib/binarySearchTree.js:88:21)\n    at 
BinarySearchTree._put (file:///C:/Users/ClaudioHig%C3%B3n/.gemini/antigravity/scratch/calendar/node_modules/fake-indexe
ddb/build/esm/lib/binarySearchTree.js:102:21)\n    at BinarySearchTree.put (file:///C:/Users/ClaudioHig%C3%B3n/.gemini/
antigravity/scratch/calendar/node_modules/fake-indexeddb/build/esm/lib/binarySearchTree.js:82:17)\n    at 
RecordStore.put (file:///C:/Users/ClaudioHig%C3%B3n/.gemini/antigravity/scratch/calendar/node_modules/fake-indexeddb/bu
ild/esm/lib/RecordStore.js:20:25)\n    at ObjectStore.storeRecord (file:///C:/Users/ClaudioHig%C3%B3n/.gemini/antigravi
ty/scratch/calendar/node_modules/fake-indexeddb/build/esm/lib/ObjectStore.js:149:41)\n    at FDBTransaction._start (fil
e:///C:/Users/ClaudioHig%C3%B3n/.gemini/antigravity/scratch/calendar/node_modules/fake-indexeddb/build/esm/FDBTransacti
on.js:193:26)\n    at processImmediate (node:internal/timers:485:21)', constructor: 'Function<ConstraintError>', name: 
'ConstraintError', message: 'A mutation operation in the transaction failed because a constraint was not satisfied. 
For example, an object such as an object store or index already exists and a request attempted to create a new one.', 
code: +0, INDEX_SIZE_ERR: 1, DOMSTRING_SIZE_ERR: 2, HIERARCHY_REQUEST_ERR: 3, WRONG_DOCUMENT_ERR: 4, 
INVALID_CHARACTER_ERR: 5, NO_DATA_ALLOWED_ERR: 6, NO_MODIFICATION_ALLOWED_ERR: 7, NOT_FOUND_ERR: 8, NOT_SUPPORTED_ERR: 
9, INUSE_ATTRIBUTE_ERR: 10, INVALID_STATE_ERR: 11, SYNTAX_ERR: 12, INVALID_MODIFICATION_ERR: 13, NAMESPACE_ERR: 14, 
INVALID_ACCESS_ERR: 15, VALIDATION_ERR: 16, TYPE_MISMATCH_ERR: 17, SECURITY_ERR: 18, NETWORK_ERR: 19, ABORT_ERR: 20, 
URL_MISMATCH_ERR: 21, QUOTA_EXCEEDED_ERR: 22, TIMEOUT_ERR: 23, INVALID_NODE_TYPE_ERR: 24, DATA_CLONE_ERR: 25, 
toString: 'Function<toString>', __defineGetter__: 'Function<__defineGetter__>', __defineSetter__: 
'Function<__defineSetter__>', hasOwnProperty: 'Function<hasOwnProperty>', __lookupGetter__: 
'Function<__lookupGetter__>', __lookupSetter__: 'Function<__lookupSetter__>', isPrototypeOf: 
'Function<isPrototypeOf>', propertyIsEnumerable: 'Function<propertyIsEnumerable>', valueOf: 'Function<valueOf>', 
__proto__: { constructor: 'Function<ConstraintError>', name: '<unserializable>', message: '<unserializable>', code: 
'<unserializable>', INDEX_SIZE_ERR: 1, DOMSTRING_SIZE_ERR: 2, HIERARCHY_REQUEST_ERR: 3, WRONG_DOCUMENT_ERR: 4, 
INVALID_CHARACTER_ERR: 5, NO_DATA_ALLOWED_ERR: 6, NO_MODIFICATION_ALLOWED_ERR: 7, NOT_FOUND_ERR: 8, NOT_SUPPORTED_ERR: 
9, INUSE_ATTRIBUTE_ERR: 10, INVALID_STATE_ERR: 11, SYNTAX_ERR: 12, INVALID_MODIFICATION_ERR: 13, NAMESPACE_ERR: 14, 
INVALID_ACCESS_ERR: 15, VALIDATION_ERR: 16, TYPE_MISMATCH_ERR: 17, SECURITY_ERR: 18, NETWORK_ERR: 19, ABORT_ERR: 20, 
URL_MISMATCH_ERR: 21, QUOTA_EXCEEDED_ERR: 22, TIMEOUT_ERR: 23, INVALID_NODE_TYPE_ERR: 24, DATA_CLONE_ERR: 25, 
toString: 'Function<toString>', __defineGetter__: 'Function<__defineGetter__>', __defineSetter__: 
'Function<__defineSetter__>', hasOwnProperty: 'Function<hasOwnProperty>', __lookupGetter__: 
'Function<__lookupGetter__>', __lookupSetter__: 'Function<__lookupSetter__>', isPrototypeOf: 
'Function<isPrototypeOf>', propertyIsEnumerable: 'Function<propertyIsEnumerable>', valueOf: 'Function<valueOf>', 
__proto__: { constructor: 'Function<DOMException>', name: '<unserializable>', message: '<unserializable>', code: 
'<unserializable>', INDEX_SIZE_ERR: 1, DOMSTRING_SIZE_ERR: 2, HIERARCHY_REQUEST_ERR: 3, WRONG_DOCUMENT_ERR: 4, 
INVALID_CHARACTER_ERR: 5, NO_DATA_ALLOWED_ERR: 6, NO_MODIFICATION_ALLOWED_ERR: 7, NOT_FOUND_ERR: 8, NOT_SUPPORTED_ERR: 
9, INUSE_ATTRIBUTE_ERR: 10, INVALID_STATE_ERR: 11, SYNTAX_ERR: 12, INVALID_MODIFICATION_ERR: 13, NAMESPACE_ERR: 14, 
INVALID_ACCESS_ERR: 15, VALIDATION_ERR: 16, TYPE_MISMATCH_ERR: 17, SECURITY_ERR: 18, NETWORK_ERR: 19, ABORT_ERR: 20, 
URL_MISMATCH_ERR: 21, QUOTA_EXCEEDED_ERR: 22, TIMEOUT_ERR: 23, INVALID_NODE_TYPE_ERR: 24, DATA_CLONE_ERR: 25, 
toString: 'Function<toString>', __defineGetter__: 'Function<__defineGetter__>', __defineSetter__: 
'Function<__defineSetter__>', hasOwnProperty: 'Function<hasOwnProperty>', __lookupGetter__: 
'Function<__lookupGetter__>', __lookupSetter__: 'Function<__lookupSetter__>', isPrototypeOf: 
'Function<isPrototypeOf>', propertyIsEnumerable: 'Function<propertyIsEnumerable>', valueOf: 'Function<valueOf>', 
__proto__: { constructor: 'Function<Error>', name: 'Error', message: '', toString: 'Function<toString>', 
__defineGetter__: 'Function<__defineGetter__>', __defineSetter__: 'Function<__defineSetter__>', hasOwnProperty: 
'Function<hasOwnProperty>', __lookupGetter__: 'Function<__lookupGetter__>', __lookupSetter__: 
'Function<__lookupSetter__>', isPrototypeOf: 'Function<isPrototypeOf>', propertyIsEnumerable: 
'Function<propertyIsEnumerable>', valueOf: 'Function<valueOf>', __proto__: { constructor: 'Function<Object>', 
__defineGetter__: 'Function<__defineGetter__>', __defineSetter__: 'Function<__defineSetter__>', hasOwnProperty: 
'Function<hasOwnProperty>', __lookupGetter__: 'Function<__lookupGetter__>', __lookupSetter__: 
'Function<__lookupSetter__>', isPrototypeOf: 'Function<isPrototypeOf>', propertyIsEnumerable: 
'Function<propertyIsEnumerable>', toString: 'Function<toString>', valueOf: 'Function<valueOf>', __proto__: null, 
toLocaleString: 'Function<toLocaleString>' }, toLocaleString: 'Function<toLocaleString>' }, toLocaleString: 
'Function<toLocaleString>' }, toLocaleString: 'Function<toLocaleString>' }, toLocaleString: 'Function<toLocaleString>' 
}, { stack: 'ConstraintError: A mutation operation in the transaction failed because a constraint was not satisfied. 
For example, an object such as an object store or index already exists and a request attempted to create a new one.\n  
  at BinarySearchTree._put (file:///C:/Users/ClaudioHig%C3%B3n/.gemini/antigravity/scratch/calendar/node_modules/fake-i
ndexeddb/build/esm/lib/binarySearchTree.js:121:13)\n    at BinarySearchTree._put (file:///C:/Users/ClaudioHig%C3%B3n/.g
emini/antigravity/scratch/calendar/node_modules/fake-indexeddb/build/esm/lib/binarySearchTree.js:102:21)\n    at 
BinarySearchTree.put (file:///C:/Users/ClaudioHig%C3%B3n/.gemini/antigravity/scratch/calendar/node_modules/fake-indexed
db/build/esm/lib/binarySearchTree.js:82:17)\n    at RecordStore.put (file:///C:/Users/ClaudioHig%C3%B3n/.gemini/antigra
vity/scratch/calendar/node_modules/fake-indexeddb/build/esm/lib/RecordStore.js:20:25)\n    at ObjectStore.storeRecord (
file:///C:/Users/ClaudioHig%C3%B3n/.gemini/antigravity/scratch/calendar/node_modules/fake-indexeddb/build/esm/lib/Objec
tStore.js:149:41)\n    at FDBTransaction._start (file:///C:/Users/ClaudioHig%C3%B3n/.gemini/antigravity/scratch/calenda
r/node_modules/fake-indexeddb/build/esm/FDBTransaction.js:193:26)\n    at processImmediate 
(node:internal/timers:485:21)', constructor: 'Function<ConstraintError>', name: 'ConstraintError', message: 'A 
mutation operation in the transaction failed because a constraint was not satisfied. For example, an object such as an 
object store or index already exists and a request attempted to create a new one.', code: +0, INDEX_SIZE_ERR: 1, 
DOMSTRING_SIZE_ERR: 2, HIERARCHY_REQUEST_ERR: 3, WRONG_DOCUMENT_ERR: 4, INVALID_CHARACTER_ERR: 5, NO_DATA_ALLOWED_ERR: 
6, NO_MODIFICATION_ALLOWED_ERR: 7, NOT_FOUND_ERR: 8, NOT_SUPPORTED_ERR: 9, INUSE_ATTRIBUTE_ERR: 10, INVALID_STATE_ERR: 
11, SYNTAX_ERR: 12, INVALID_MODIFICATION_ERR: 13, NAMESPACE_ERR: 14, INVALID_ACCESS_ERR: 15, VALIDATION_ERR: 16, 
TYPE_MISMATCH_ERR: 17, SECURITY_ERR: 18, NETWORK_ERR: 19, ABORT_ERR: 20, URL_MISMATCH_ERR: 21, QUOTA_EXCEEDED_ERR: 22, 
TIMEOUT_ERR: 23, INVALID_NODE_TYPE_ERR: 24, DATA_CLONE_ERR: 25, toString: 'Function<toString>', __defineGetter__: 
'Function<__defineGetter__>', __defineSetter__: 'Function<__defineSetter__>', hasOwnProperty: 
'Function<hasOwnProperty>', __lookupGetter__: 'Function<__lookupGetter__>', __lookupSetter__: 
'Function<__lookupSetter__>', isPrototypeOf: 'Function<isPrototypeOf>', propertyIsEnumerable: 
'Function<propertyIsEnumerable>', valueOf: 'Function<valueOf>', __proto__: { constructor: 'Function<ConstraintError>', 
name: '<unserializable>', message: '<unserializable>', code: '<unserializable>', INDEX_SIZE_ERR: 1, 
DOMSTRING_SIZE_ERR: 2, HIERARCHY_REQUEST_ERR: 3, WRONG_DOCUMENT_ERR: 4, INVALID_CHARACTER_ERR: 5, NO_DATA_ALLOWED_ERR: 
6, NO_MODIFICATION_ALLOWED_ERR: 7, NOT_FOUND_ERR: 8, NOT_SUPPORTED_ERR: 9, INUSE_ATTRIBUTE_ERR: 10, INVALID_STATE_ERR: 
11, SYNTAX_ERR: 12, INVALID_MODIFICATION_ERR: 13, NAMESPACE_ERR: 14, INVALID_ACCESS_ERR: 15, VALIDATION_ERR: 16, 
TYPE_MISMATCH_ERR: 17, SECURITY_ERR: 18, NETWORK_ERR: 19, ABORT_ERR: 20, URL_MISMATCH_ERR: 21, QUOTA_EXCEEDED_ERR: 22, 
TIMEOUT_ERR: 23, INVALID_NODE_TYPE_ERR: 24, DATA_CLONE_ERR: 25, toString: 'Function<toString>', __defineGetter__: 
'Function<__defineGetter__>', __defineSetter__: 'Function<__defineSetter__>', hasOwnProperty: 
'Function<hasOwnProperty>', __lookupGetter__: 'Function<__lookupGetter__>', __lookupSetter__: 
'Function<__lookupSetter__>', isPrototypeOf: 'Function<isPrototypeOf>', propertyIsEnumerable: 
'Function<propertyIsEnumerable>', valueOf: 'Function<valueOf>', __proto__: { constructor: 'Function<DOMException>', 
name: '<unserializable>', message: '<unserializable>', code: '<unserializable>', INDEX_SIZE_ERR: 1, 
DOMSTRING_SIZE_ERR: 2, HIERARCHY_REQUEST_ERR: 3, WRONG_DOCUMENT_ERR: 4, INVALID_CHARACTER_ERR: 5, NO_DATA_ALLOWED_ERR: 
6, NO_MODIFICATION_ALLOWED_ERR: 7, NOT_FOUND_ERR: 8, NOT_SUPPORTED_ERR: 9, INUSE_ATTRIBUTE_ERR: 10, INVALID_STATE_ERR: 
11, SYNTAX_ERR: 12, INVALID_MODIFICATION_ERR: 13, NAMESPACE_ERR: 14, INVALID_ACCESS_ERR: 15, VALIDATION_ERR: 16, 
TYPE_MISMATCH_ERR: 17, SECURITY_ERR: 18, NETWORK_ERR: 19, ABORT_ERR: 20, URL_MISMATCH_ERR: 21, QUOTA_EXCEEDED_ERR: 22, 
TIMEOUT_ERR: 23, INVALID_NODE_TYPE_ERR: 24, DATA_CLONE_ERR: 25, toString: 'Function<toString>', __defineGetter__: 
'Function<__defineGetter__>', __defineSetter__: 'Function<__defineSetter__>', hasOwnProperty: 
'Function<hasOwnProperty>', __lookupGetter__: 'Function<__lookupGetter__>', __lookupSetter__: 
'Function<__lookupSetter__>', isPrototypeOf: 'Function<isPrototypeOf>', propertyIsEnumerable: 
'Function<propertyIsEnumerable>', valueOf: 'Function<valueOf>', __proto__: { constructor: 'Function<Error>', name: 
'Error', message: '', toString: 'Function<toString>', __defineGetter__: 'Function<__defineGetter__>', 
__defineSetter__: 'Function<__defineSetter__>', hasOwnProperty: 'Function<hasOwnProperty>', __lookupGetter__: 
'Function<__lookupGetter__>', __lookupSetter__: 'Function<__lookupSetter__>', isPrototypeOf: 
'Function<isPrototypeOf>', propertyIsEnumerable: 'Function<propertyIsEnumerable>', valueOf: 'Function<valueOf>', 
__proto__: { constructor: 'Function<Object>', __defineGetter__: 'Function<__defineGetter__>', __defineSetter__: 
'Function<__defineSetter__>', hasOwnProperty: 'Function<hasOwnProperty>', __lookupGetter__: 
'Function<__lookupGetter__>', __lookupSetter__: 'Function<__lookupSetter__>', isPrototypeOf: 
'Function<isPrototypeOf>', propertyIsEnumerable: 'Function<propertyIsEnumerable>', toString: 'Function<toString>', 
valueOf: 'Function<valueOf>', __proto__: null, toLocaleString: 'Function<toLocaleString>' }, toLocaleString: 
'Function<toLocaleString>' }, toLocaleString: 'Function<toLocaleString>' }, toLocaleString: 'Function<toLocaleString>' 
}, toLocaleString: 'Function<toLocaleString>' }, { stack: 'ConstraintError: A mutation operation in the transaction 
failed because a constraint was not satisfied. For example, an object such as an object store or index already exists 
and a request attempted to create a new one.\n    at BinarySearchTree._put (file:///C:/Users/ClaudioHig%C3%B3n/.gemini/
antigravity/scratch/calendar/node_modules/fake-indexeddb/build/esm/lib/binarySearchTree.js:121:13)\n    at 
BinarySearchTree._put (file:///C:/Users/ClaudioHig%C3%B3n/.gemini/antigravity/scratch/calendar/node_modules/fake-indexe
ddb/build/esm/lib/binarySearchTree.js:88:21)\n    at BinarySearchTree._put (file:///C:/Users/ClaudioHig%C3%B3n/.gemini/
antigravity/scratch/calendar/node_modules/fake-indexeddb/build/esm/lib/binarySearchTree.js:102:21)\n    at 
BinarySearchTree._put (file:///C:/Users/ClaudioHig%C3%B3n/.gemini/antigravity/scratch/calendar/node_modules/fake-indexe
ddb/build/esm/lib/binarySearchTree.js:102:21)\n    at BinarySearchTree.put (file:///C:/Users/ClaudioHig%C3%B3n/.gemini/
antigravity/scratch/calendar/node_modules/fake-indexeddb/build/esm/lib/binarySearchTree.js:82:17)\n    at 
RecordStore.put (file:///C:/Users/ClaudioHig%C3%B3n/.gemini/antigravity/scratch/calendar/node_modules/fake-indexeddb/bu
ild/esm/lib/RecordStore.js:20:25)\n    at ObjectStore.storeRecord (file:///C:/Users/ClaudioHig%C3%B3n/.gemini/antigravi
ty/scratch/calendar/node_modules/fake-indexeddb/build/esm/lib/ObjectStore.js:149:41)\n    at FDBTransaction._start (fil
e:///C:/Users/ClaudioHig%C3%B3n/.gemini/antigravity/scratch/calendar/node_modules/fake-indexeddb/build/esm/FDBTransacti
on.js:193:26)\n    at processImmediate (node:internal/timers:485:21)', constructor: 'Function<ConstraintError>', name: 
'ConstraintError', message: 'A mutation operation in the transaction failed because a constraint was not satisfied. 
For example, an object such as an object store or index already exists and a request attempted to create a new one.', 
code: +0, INDEX_SIZE_ERR: 1, DOMSTRING_SIZE_ERR: 2, HIERARCHY_REQUEST_ERR: 3, WRONG_DOCUMENT_ERR: 4, 
INVALID_CHARACTER_ERR: 5, NO_DATA_ALLOWED_ERR: 6, NO_MODIFICATION_ALLOWED_ERR: 7, NOT_FOUND_ERR: 8, NOT_SUPPORTED_ERR: 
9, INUSE_ATTRIBUTE_ERR: 10, INVALID_STATE_ERR: 11, SYNTAX_ERR: 12, INVALID_MODIFICATION_ERR: 13, NAMESPACE_ERR: 14, 
INVALID_ACCESS_ERR: 15, VALIDATION_ERR: 16, TYPE_MISMATCH_ERR: 17, SECURITY_ERR: 18, NETWORK_ERR: 19, ABORT_ERR: 20, 
URL_MISMATCH_ERR: 21, QUOTA_EXCEEDED_ERR: 22, TIMEOUT_ERR: 23, INVALID_NODE_TYPE_ERR: 24, DATA_CLONE_ERR: 25, 
toString: 'Function<toString>', __defineGetter__: 'Function<__defineGetter__>', __defineSetter__: 
'Function<__defineSetter__>', hasOwnProperty: 'Function<hasOwnProperty>', __lookupGetter__: 
'Function<__lookupGetter__>', __lookupSetter__: 'Function<__lookupSetter__>', isPrototypeOf: 
'Function<isPrototypeOf>', propertyIsEnumerable: 'Function<propertyIsEnumerable>', valueOf: 'Function<valueOf>', 
__proto__: { constructor: 'Function<ConstraintError>', name: '<unserializable>', message: '<unserializable>', code: 
'<unserializable>', INDEX_SIZE_ERR: 1, DOMSTRING_SIZE_ERR: 2, HIERARCHY_REQUEST_ERR: 3, WRONG_DOCUMENT_ERR: 4, 
INVALID_CHARACTER_ERR: 5, NO_DATA_ALLOWED_ERR: 6, NO_MODIFICATION_ALLOWED_ERR: 7, NOT_FOUND_ERR: 8, NOT_SUPPORTED_ERR: 
9, INUSE_ATTRIBUTE_ERR: 10, INVALID_STATE_ERR: 11, SYNTAX_ERR: 12, INVALID_MODIFICATION_ERR: 13, NAMESPACE_ERR: 14, 
INVALID_ACCESS_ERR: 15, VALIDATION_ERR: 16, TYPE_MISMATCH_ERR: 17, SECURITY_ERR: 18, NETWORK_ERR: 19, ABORT_ERR: 20, 
URL_MISMATCH_ERR: 21, QUOTA_EXCEEDED_ERR: 22, TIMEOUT_ERR: 23, INVALID_NODE_TYPE_ERR: 24, DATA_CLONE_ERR: 25, 
toString: 'Function<toString>', __defineGetter__: 'Function<__defineGetter__>', __defineSetter__: 
'Function<__defineSetter__>', hasOwnProperty: 'Function<hasOwnProperty>', __lookupGetter__: 
'Function<__lookupGetter__>', __lookupSetter__: 'Function<__lookupSetter__>', isPrototypeOf: 
'Function<isPrototypeOf>', propertyIsEnumerable: 'Function<propertyIsEnumerable>', valueOf: 'Function<valueOf>', 
__proto__: { constructor: 'Function<DOMException>', name: '<unserializable>', message: '<unserializable>', code: 
'<unserializable>', INDEX_SIZE_ERR: 1, DOMSTRING_SIZE_ERR: 2, HIERARCHY_REQUEST_ERR: 3, WRONG_DOCUMENT_ERR: 4, 
INVALID_CHARACTER_ERR: 5, NO_DATA_ALLOWED_ERR: 6, NO_MODIFICATION_ALLOWED_ERR: 7, NOT_FOUND_ERR: 8, NOT_SUPPORTED_ERR: 
9, INUSE_ATTRIBUTE_ERR: 10, INVALID_STATE_ERR: 11, SYNTAX_ERR: 12, INVALID_MODIFICATION_ERR: 13, NAMESPACE_ERR: 14, 
INVALID_ACCESS_ERR: 15, VALIDATION_ERR: 16, TYPE_MISMATCH_ERR: 17, SECURITY_ERR: 18, NETWORK_ERR: 19, ABORT_ERR: 20, 
URL_MISMATCH_ERR: 21, QUOTA_EXCEEDED_ERR: 22, TIMEOUT_ERR: 23, INVALID_NODE_TYPE_ERR: 24, DATA_CLONE_ERR: 25, 
toString: 'Function<toString>', __defineGetter__: 'Function<__defineGetter__>', __defineSetter__: 
'Function<__defineSetter__>', hasOwnProperty: 'Function<hasOwnProperty>', __lookupGetter__: 
'Function<__lookupGetter__>', __lookupSetter__: 'Function<__lookupSetter__>', isPrototypeOf: 
'Function<isPrototypeOf>', propertyIsEnumerable: 'Function<propertyIsEnumerable>', valueOf: 'Function<valueOf>', 
__proto__: { constructor: 'Function<Error>', name: 'Error', message: '', toString: 'Function<toString>', 
__defineGetter__: 'Function<__defineGetter__>', __defineSetter__: 'Function<__defineSetter__>', hasOwnProperty: 
'Function<hasOwnProperty>', __lookupGetter__: 'Function<__lookupGetter__>', __lookupSetter__: 
'Function<__lookupSetter__>', isPrototypeOf: 'Function<isPrototypeOf>', propertyIsEnumerable: 
'Function<propertyIsEnumerable>', valueOf: 'Function<valueOf>', __proto__: { constructor: 'Function<Object>', 
__defineGetter__: 'Function<__defineGetter__>', __defineSetter__: 'Function<__defineSetter__>', hasOwnProperty: 
'Function<hasOwnProperty>', __lookupGetter__: 'Function<__lookupGetter__>', __lookupSetter__: 
'Function<__lookupSetter__>', isPrototypeOf: 'Function<isPrototypeOf>', propertyIsEnumerable: 
'Function<propertyIsEnumerable>', toString: 'Function<toString>', valueOf: 'Function<valueOf>', __proto__: null, 
toLocaleString: 'Function<toLocaleString>' }, toLocaleString: 'Function<toLocaleString>' }, toLocaleString: 
'Function<toLocaleString>' }, toLocaleString: 'Function<toLocaleString>' }, toLocaleString: 'Function<toLocaleString>' 
}, { stack: 'ConstraintError: A mutation operation in the transaction failed because a constraint was not satisfied. 
For example, an object such as an object store or index already exists and a request attempted to create a new one.\n  
  at BinarySearchTree._put (file:///C:/Users/ClaudioHig%C3%B3n/.gemini/antigravity/scratch/calendar/node_modules/fake-i
ndexeddb/build/esm/lib/binarySearchTree.js:121:13)\n    at BinarySearchTree._put (file:///C:/Users/ClaudioHig%C3%B3n/.g
emini/antigravity/scratch/calendar/node_modules/fake-indexeddb/build/esm/lib/binarySearchTree.js:102:21)\n    at 
BinarySearchTree._put (file:///C:/Users/ClaudioHig%C3%B3n/.gemini/antigravity/scratch/calendar/node_modules/fake-indexe
ddb/build/esm/lib/binarySearchTree.js:102:21)\n    at BinarySearchTree.put (file:///C:/Users/ClaudioHig%C3%B3n/.gemini/
antigravity/scratch/calendar/node_modules/fake-indexeddb/build/esm/lib/binarySearchTree.js:82:17)\n    at 
RecordStore.put (file:///C:/Users/ClaudioHig%C3%B3n/.gemini/antigravity/scratch/calendar/node_modules/fake-indexeddb/bu
ild/esm/lib/RecordStore.js:20:25)\n    at ObjectStore.storeRecord (file:///C:/Users/ClaudioHig%C3%B3n/.gemini/antigravi
ty/scratch/calendar/node_modules/fake-indexeddb/build/esm/lib/ObjectStore.js:149:41)\n    at FDBTransaction._start (fil
e:///C:/Users/ClaudioHig%C3%B3n/.gemini/antigravity/scratch/calendar/node_modules/fake-indexeddb/build/esm/FDBTransacti
on.js:193:26)\n    at processImmediate (node:internal/timers:485:21)', constructor: 'Function<ConstraintError>', name: 
'ConstraintError', message: 'A mutation operation in the transaction failed because a constraint was not satisfied. 
For example, an object such as an object store or index already exists and a request attempted to create a new one.', 
code: +0, INDEX_SIZE_ERR: 1, DOMSTRING_SIZE_ERR: 2, HIERARCHY_REQUEST_ERR: 3, WRONG_DOCUMENT_ERR: 4, 
INVALID_CHARACTER_ERR: 5, NO_DATA_ALLOWED_ERR: 6, NO_MODIFICATION_ALLOWED_ERR: 7, NOT_FOUND_ERR: 8, NOT_SUPPORTED_ERR: 
9, INUSE_ATTRIBUTE_ERR: 10, INVALID_STATE_ERR: 11, SYNTAX_ERR: 12, INVALID_MODIFICATION_ERR: 13, NAMESPACE_ERR: 14, 
INVALID_ACCESS_ERR: 15, VALIDATION_ERR: 16, TYPE_MISMATCH_ERR: 17, SECURITY_ERR: 18, NETWORK_ERR: 19, ABORT_ERR: 20, 
URL_MISMATCH_ERR: 21, QUOTA_EXCEEDED_ERR: 22, TIMEOUT_ERR: 23, INVALID_NODE_TYPE_ERR: 24, DATA_CLONE_ERR: 25, 
toString: 'Function<toString>', __defineGetter__: 'Function<__defineGetter__>', __defineSetter__: 
'Function<__defineSetter__>', hasOwnProperty: 'Function<hasOwnProperty>', __lookupGetter__: 
'Function<__lookupGetter__>', __lookupSetter__: 'Function<__lookupSetter__>', isPrototypeOf: 
'Function<isPrototypeOf>', propertyIsEnumerable: 'Function<propertyIsEnumerable>', valueOf: 'Function<valueOf>', 
__proto__: { constructor: 'Function<ConstraintError>', name: '<unserializable>', message: '<unserializable>', code: 
'<unserializable>', INDEX_SIZE_ERR: 1, DOMSTRING_SIZE_ERR: 2, HIERARCHY_REQUEST_ERR: 3, WRONG_DOCUMENT_ERR: 4, 
INVALID_CHARACTER_ERR: 5, NO_DATA_ALLOWED_ERR: 6, NO_MODIFICATION_ALLOWED_ERR: 7, NOT_FOUND_ERR: 8, NOT_SUPPORTED_ERR: 
9, INUSE_ATTRIBUTE_ERR: 10, INVALID_STATE_ERR: 11, SYNTAX_ERR: 12, INVALID_MODIFICATION_ERR: 13, NAMESPACE_ERR: 14, 
INVALID_ACCESS_ERR: 15, VALIDATION_ERR: 16, TYPE_MISMATCH_ERR: 17, SECURITY_ERR: 18, NETWORK_ERR: 19, ABORT_ERR: 20, 
URL_MISMATCH_ERR: 21, QUOTA_EXCEEDED_ERR: 22, TIMEOUT_ERR: 23, INVALID_NODE_TYPE_ERR: 24, DATA_CLONE_ERR: 25, 
toString: 'Function<toString>', __defineGetter__: 'Function<__defineGetter__>', __defineSetter__: 
'Function<__defineSetter__>', hasOwnProperty: 'Function<hasOwnProperty>', __lookupGetter__: 
'Function<__lookupGetter__>', __lookupSetter__: 'Function<__lookupSetter__>', isPrototypeOf: 
'Function<isPrototypeOf>', propertyIsEnumerable: 'Function<propertyIsEnumerable>', valueOf: 'Function<valueOf>', 
__proto__: { constructor: 'Function<DOMException>', name: '<unserializable>', message: '<unserializable>', code: 
'<unserializable>', INDEX_SIZE_ERR: 1, DOMSTRING_SIZE_ERR: 2, HIERARCHY_REQUEST_ERR: 3, WRONG_DOCUMENT_ERR: 4, 
INVALID_CHARACTER_ERR: 5, NO_DATA_ALLOWED_ERR: 6, NO_MODIFICATION_ALLOWED_ERR: 7, NOT_FOUND_ERR: 8, NOT_SUPPORTED_ERR: 
9, INUSE_ATTRIBUTE_ERR: 10, INVALID_STATE_ERR: 11, SYNTAX_ERR: 12, INVALID_MODIFICATION_ERR: 13, NAMESPACE_ERR: 14, 
INVALID_ACCESS_ERR: 15, VALIDATION_ERR: 16, TYPE_MISMATCH_ERR: 17, SECURITY_ERR: 18, NETWORK_ERR: 19, ABORT_ERR: 20, 
URL_MISMATCH_ERR: 21, QUOTA_EXCEEDED_ERR: 22, TIMEOUT_ERR: 23, INVALID_NODE_TYPE_ERR: 24, DATA_CLONE_ERR: 25, 
toString: 'Function<toString>', __defineGetter__: 'Function<__defineGetter__>', __defineSetter__: 
'Function<__defineSetter__>', hasOwnProperty: 'Function<hasOwnProperty>', __lookupGetter__: 
'Function<__lookupGetter__>', __lookupSetter__: 'Function<__lookupSetter__>', isPrototypeOf: 
'Function<isPrototypeOf>', propertyIsEnumerable: 'Function<propertyIsEnumerable>', valueOf: 'Function<valueOf>', 
__proto__: { constructor: 'Function<Error>', name: 'Error', message: '', toString: 'Function<toString>', 
__defineGetter__: 'Function<__defineGetter__>', __defineSetter__: 'Function<__defineSetter__>', hasOwnProperty: 
'Function<hasOwnProperty>', __lookupGetter__: 'Function<__lookupGetter__>', __lookupSetter__: 
'Function<__lookupSetter__>', isPrototypeOf: 'Function<isPrototypeOf>', propertyIsEnumerable: 
'Function<propertyIsEnumerable>', valueOf: 'Function<valueOf>', __proto__: { constructor: 'Function<Object>', 
__defineGetter__: 'Function<__defineGetter__>', __defineSetter__: 'Function<__defineSetter__>', hasOwnProperty: 
'Function<hasOwnProperty>', __lookupGetter__: 'Function<__lookupGetter__>', __lookupSetter__: 
'Function<__lookupSetter__>', isPrototypeOf: 'Function<isPrototypeOf>', propertyIsEnumerable: 
'Function<propertyIsEnumerable>', toString: 'Function<toString>', valueOf: 'Function<valueOf>', __proto__: null, 
toLocaleString: 'Function<toLocaleString>' }, toLocaleString: 'Function<toLocaleString>' }, toLocaleString: 
'Function<toLocaleString>' }, toLocaleString: 'Function<toLocaleString>' }, toLocaleString: 'Function<toLocaleString>' 
}, { stack: 'ConstraintError: A mutation operation in the transaction failed because a constraint was not satisfied. 
For example, an object such as an object store or index already exists and a request attempted to create a new one.\n  
  at BinarySearchTree._put (file:///C:/Users/ClaudioHig%C3%B3n/.gemini/antigravity/scratch/calendar/node_modules/fake-i
ndexeddb/build/esm/lib/binarySearchTree.js:121:13)\n    at BinarySearchTree._put (file:///C:/Users/ClaudioHig%C3%B3n/.g
emini/antigravity/scratch/calendar/node_modules/fake-indexeddb/build/esm/lib/binarySearchTree.js:102:21)\n    at 
BinarySearchTree._put (file:///C:/Users/ClaudioHig%C3%B3n/.gemini/antigravity/scratch/calendar/node_modules/fake-indexe
ddb/build/esm/lib/binarySearchTree.js:102:21)\n    at BinarySearchTree._put (file:///C:/Users/ClaudioHig%C3%B3n/.gemini
/antigravity/scratch/calendar/node_modules/fake-indexeddb/build/esm/lib/binarySearchTree.js:102:21)\n    at 
BinarySearchTree.put (file:///C:/Users/ClaudioHig%C3%B3n/.gemini/antigravity/scratch/calendar/node_modules/fake-indexed
db/build/esm/lib/binarySearchTree.js:82:17)\n    at RecordStore.put (file:///C:/Users/ClaudioHig%C3%B3n/.gemini/antigra
vity/scratch/calendar/node_modules/fake-indexeddb/build/esm/lib/RecordStore.js:20:25)\n    at ObjectStore.storeRecord (
file:///C:/Users/ClaudioHig%C3%B3n/.gemini/antigravity/scratch/calendar/node_modules/fake-indexeddb/build/esm/lib/Objec
tStore.js:149:41)\n    at FDBTransaction._start (file:///C:/Users/ClaudioHig%C3%B3n/.gemini/antigravity/scratch/calenda
r/node_modules/fake-indexeddb/build/esm/FDBTransaction.js:193:26)\n    at processImmediate 
(node:internal/timers:485:21)', constructor: 'Function<ConstraintError>', name: 'ConstraintError', message: 'A 
mutation operation in the transaction failed because a constraint was not satisfied. For example, an object such as an 
object store or index already exists and a request attempted to create a new one.', code: +0, INDEX_SIZE_ERR: 1, 
DOMSTRING_SIZE_ERR: 2, HIERARCHY_REQUEST_ERR: 3, WRONG_DOCUMENT_ERR: 4, INVALID_CHARACTER_ERR: 5, NO_DATA_ALLOWED_ERR: 
6, NO_MODIFICATION_ALLOWED_ERR: 7, NOT_FOUND_ERR: 8, NOT_SUPPORTED_ERR: 9, INUSE_ATTRIBUTE_ERR: 10, INVALID_STATE_ERR: 
11, SYNTAX_ERR: 12, INVALID_MODIFICATION_ERR: 13, NAMESPACE_ERR: 14, INVALID_ACCESS_ERR: 15, VALIDATION_ERR: 16, 
TYPE_MISMATCH_ERR: 17, SECURITY_ERR: 18, NETWORK_ERR: 19, ABORT_ERR: 20, URL_MISMATCH_ERR: 21, QUOTA_EXCEEDED_ERR: 22, 
TIMEOUT_ERR: 23, INVALID_NODE_TYPE_ERR: 24, DATA_CLONE_ERR: 25, toString: 'Function<toString>', __defineGetter__: 
'Function<__defineGetter__>', __defineSetter__: 'Function<__defineSetter__>', hasOwnProperty: 
'Function<hasOwnProperty>', __lookupGetter__: 'Function<__lookupGetter__>', __lookupSetter__: 
'Function<__lookupSetter__>', isPrototypeOf: 'Function<isPrototypeOf>', propertyIsEnumerable: 
'Function<propertyIsEnumerable>', valueOf: 'Function<valueOf>', __proto__: { constructor: 'Function<ConstraintError>', 
name: '<unserializable>', message: '<unserializable>', code: '<unserializable>', INDEX_SIZE_ERR: 1, 
DOMSTRING_SIZE_ERR: 2, HIERARCHY_REQUEST_ERR: 3, WRONG_DOCUMENT_ERR: 4, INVALID_CHARACTER_ERR: 5, NO_DATA_ALLOWED_ERR: 
6, NO_MODIFICATION_ALLOWED_ERR: 7, NOT_FOUND_ERR: 8, NOT_SUPPORTED_ERR: 9, INUSE_ATTRIBUTE_ERR: 10, INVALID_STATE_ERR: 
11, SYNTAX_ERR: 12, INVALID_MODIFICATION_ERR: 13, NAMESPACE_ERR: 14, INVALID_ACCESS_ERR: 15, VALIDATION_ERR: 16, 
TYPE_MISMATCH_ERR: 17, SECURITY_ERR: 18, NETWORK_ERR: 19, ABORT_ERR: 20, URL_MISMATCH_ERR: 21, QUOTA_EXCEEDED_ERR: 22, 
TIMEOUT_ERR: 23, INVALID_NODE_TYPE_ERR: 24, DATA_CLONE_ERR: 25, toString: 'Function<toString>', __defineGetter__: 
'Function<__defineGetter__>', __defineSetter__: 'Function<__defineSetter__>', hasOwnProperty: 
'Function<hasOwnProperty>', __lookupGetter__: 'Function<__lookupGetter__>', __lookupSetter__: 
'Function<__lookupSetter__>', isPrototypeOf: 'Function<isPrototypeOf>', propertyIsEnumerable: 
'Function<propertyIsEnumerable>', valueOf: 'Function<valueOf>', __proto__: { constructor: 'Function<DOMException>', 
name: '<unserializable>', message: '<unserializable>', code: '<unserializable>', INDEX_SIZE_ERR: 1, 
DOMSTRING_SIZE_ERR: 2, HIERARCHY_REQUEST_ERR: 3, WRONG_DOCUMENT_ERR: 4, INVALID_CHARACTER_ERR: 5, NO_DATA_ALLOWED_ERR: 
6, NO_MODIFICATION_ALLOWED_ERR: 7, NOT_FOUND_ERR: 8, NOT_SUPPORTED_ERR: 9, INUSE_ATTRIBUTE_ERR: 10, INVALID_STATE_ERR: 
11, SYNTAX_ERR: 12, INVALID_MODIFICATION_ERR: 13, NAMESPACE_ERR: 14, INVALID_ACCESS_ERR: 15, VALIDATION_ERR: 16, 
TYPE_MISMATCH_ERR: 17, SECURITY_ERR: 18, NETWORK_ERR: 19, ABORT_ERR: 20, URL_MISMATCH_ERR: 21, QUOTA_EXCEEDED_ERR: 22, 
TIMEOUT_ERR: 23, INVALID_NODE_TYPE_ERR: 24, DATA_CLONE_ERR: 25, toString: 'Function<toString>', __defineGetter__: 
'Function<__defineGetter__>', __defineSetter__: 'Function<__defineSetter__>', hasOwnProperty: 
'Function<hasOwnProperty>', __lookupGetter__: 'Function<__lookupGetter__>', __lookupSetter__: 
'Function<__lookupSetter__>', isPrototypeOf: 'Function<isPrototypeOf>', propertyIsEnumerable: 
'Function<propertyIsEnumerable>', valueOf: 'Function<valueOf>', __proto__: { constructor: 'Function<Error>', name: 
'Error', message: '', toString: 'Function<toString>', __defineGetter__: 'Function<__defineGetter__>', 
__defineSetter__: 'Function<__defineSetter__>', hasOwnProperty: 'Function<hasOwnProperty>', __lookupGetter__: 
'Function<__lookupGetter__>', __lookupSetter__: 'Function<__lookupSetter__>', isPrototypeOf: 
'Function<isPrototypeOf>', propertyIsEnumerable: 'Function<propertyIsEnumerable>', valueOf: 'Function<valueOf>', 
__proto__: { constructor: 'Function<Object>', __defineGetter__: 'Function<__defineGetter__>', __defineSetter__: 
'Function<__defineSetter__>', hasOwnProperty: 'Function<hasOwnProperty>', __lookupGetter__: 
'Function<__lookupGetter__>', __lookupSetter__: 'Function<__lookupSetter__>', isPrototypeOf: 
'Function<isPrototypeOf>', propertyIsEnumerable: 'Function<propertyIsEnumerable>', toString: 'Function<toString>', 
valueOf: 'Function<valueOf>', __proto__: null, toLocaleString: 'Function<toLocaleString>' }, toLocaleString: 
'Function<toLocaleString>' }, toLocaleString: 'Function<toLocaleString>' }, toLocaleString: 'Function<toLocaleString>' 
}, toLocaleString: 'Function<toLocaleString>' } ], failuresByPos: [ { stack: 'ConstraintError: A mutation operation in 
the transaction failed because a constraint was not satisfied. For example, an object such as an object store or index 
already exists and a request attempted to create a new one.\n    at BinarySearchTree._put (file:///C:/Users/ClaudioHig%
C3%B3n/.gemini/antigravity/scratch/calendar/node_modules/fake-indexeddb/build/esm/lib/binarySearchTree.js:121:13)\n    
at BinarySearchTree._put (file:///C:/Users/ClaudioHig%C3%B3n/.gemini/antigravity/scratch/calendar/node_modules/fake-ind
exeddb/build/esm/lib/binarySearchTree.js:88:21)\n    at BinarySearchTree._put (file:///C:/Users/ClaudioHig%C3%B3n/.gemi
ni/antigravity/scratch/calendar/node_modules/fake-indexeddb/build/esm/lib/binarySearchTree.js:88:21)\n    at 
BinarySearchTree.put (file:///C:/Users/ClaudioHig%C3%B3n/.gemini/antigravity/scratch/calendar/node_modules/fake-indexed
db/build/esm/lib/binarySearchTree.js:82:17)\n    at RecordStore.put (file:///C:/Users/ClaudioHig%C3%B3n/.gemini/antigra
vity/scratch/calendar/node_modules/fake-indexeddb/build/esm/lib/RecordStore.js:20:25)\n    at ObjectStore.storeRecord (
file:///C:/Users/ClaudioHig%C3%B3n/.gemini/antigravity/scratch/calendar/node_modules/fake-indexeddb/build/esm/lib/Objec
tStore.js:149:41)\n    at FDBTransaction._start (file:///C:/Users/ClaudioHig%C3%B3n/.gemini/antigravity/scratch/calenda
r/node_modules/fake-indexeddb/build/esm/FDBTransaction.js:193:26)\n    at Immediate.<anonymous> (file:///C:/Users/Claud
ioHig%C3%B3n/.gemini/antigravity/scratch/calendar/node_modules/fake-indexeddb/build/esm/lib/Database.js:39:14)\n    at 
processImmediate (node:internal/timers:485:21)', constructor: 'Function<ConstraintError>', name: 'ConstraintError', 
message: 'A mutation operation in the transaction failed because a constraint was not satisfied. For example, an 
object such as an object store or index already exists and a request attempted to create a new one.', code: +0, 
INDEX_SIZE_ERR: 1, DOMSTRING_SIZE_ERR: 2, HIERARCHY_REQUEST_ERR: 3, WRONG_DOCUMENT_ERR: 4, INVALID_CHARACTER_ERR: 5, 
NO_DATA_ALLOWED_ERR: 6, NO_MODIFICATION_ALLOWED_ERR: 7, NOT_FOUND_ERR: 8, NOT_SUPPORTED_ERR: 9, INUSE_ATTRIBUTE_ERR: 
10, INVALID_STATE_ERR: 11, SYNTAX_ERR: 12, INVALID_MODIFICATION_ERR: 13, NAMESPACE_ERR: 14, INVALID_ACCESS_ERR: 15, 
VALIDATION_ERR: 16, TYPE_MISMATCH_ERR: 17, SECURITY_ERR: 18, NETWORK_ERR: 19, ABORT_ERR: 20, URL_MISMATCH_ERR: 21, 
QUOTA_EXCEEDED_ERR: 22, TIMEOUT_ERR: 23, INVALID_NODE_TYPE_ERR: 24, DATA_CLONE_ERR: 25, toString: 
'Function<toString>', __defineGetter__: 'Function<__defineGetter__>', __defineSetter__: 'Function<__defineSetter__>', 
hasOwnProperty: 'Function<hasOwnProperty>', __lookupGetter__: 'Function<__lookupGetter__>', __lookupSetter__: 
'Function<__lookupSetter__>', isPrototypeOf: 'Function<isPrototypeOf>', propertyIsEnumerable: 
'Function<propertyIsEnumerable>', valueOf: 'Function<valueOf>', __proto__: { constructor: 'Function<ConstraintError>', 
name: '<unserializable>', message: '<unserializable>', code: '<unserializable>', INDEX_SIZE_ERR: 1, 
DOMSTRING_SIZE_ERR: 2, HIERARCHY_REQUEST_ERR: 3, WRONG_DOCUMENT_ERR: 4, INVALID_CHARACTER_ERR: 5, NO_DATA_ALLOWED_ERR: 
6, NO_MODIFICATION_ALLOWED_ERR: 7, NOT_FOUND_ERR: 8, NOT_SUPPORTED_ERR: 9, INUSE_ATTRIBUTE_ERR: 10, INVALID_STATE_ERR: 
11, SYNTAX_ERR: 12, INVALID_MODIFICATION_ERR: 13, NAMESPACE_ERR: 14, INVALID_ACCESS_ERR: 15, VALIDATION_ERR: 16, 
TYPE_MISMATCH_ERR: 17, SECURITY_ERR: 18, NETWORK_ERR: 19, ABORT_ERR: 20, URL_MISMATCH_ERR: 21, QUOTA_EXCEEDED_ERR: 22, 
TIMEOUT_ERR: 23, INVALID_NODE_TYPE_ERR: 24, DATA_CLONE_ERR: 25, toString: 'Function<toString>', __defineGetter__: 
'Function<__defineGetter__>', __defineSetter__: 'Function<__defineSetter__>', hasOwnProperty: 
'Function<hasOwnProperty>', __lookupGetter__: 'Function<__lookupGetter__>', __lookupSetter__: 
'Function<__lookupSetter__>', isPrototypeOf: 'Function<isPrototypeOf>', propertyIsEnumerable: 
'Function<propertyIsEnumerable>', valueOf: 'Function<valueOf>', __proto__: { constructor: 'Function<DOMException>', 
name: '<unserializable>', message: '<unserializable>', code: '<unserializable>', INDEX_SIZE_ERR: 1, 
DOMSTRING_SIZE_ERR: 2, HIERARCHY_REQUEST_ERR: 3, WRONG_DOCUMENT_ERR: 4, INVALID_CHARACTER_ERR: 5, NO_DATA_ALLOWED_ERR: 
6, NO_MODIFICATION_ALLOWED_ERR: 7, NOT_FOUND_ERR: 8, NOT_SUPPORTED_ERR: 9, INUSE_ATTRIBUTE_ERR: 10, INVALID_STATE_ERR: 
11, SYNTAX_ERR: 12, INVALID_MODIFICATION_ERR: 13, NAMESPACE_ERR: 14, INVALID_ACCESS_ERR: 15, VALIDATION_ERR: 16, 
TYPE_MISMATCH_ERR: 17, SECURITY_ERR: 18, NETWORK_ERR: 19, ABORT_ERR: 20, URL_MISMATCH_ERR: 21, QUOTA_EXCEEDED_ERR: 22, 
TIMEOUT_ERR: 23, INVALID_NODE_TYPE_ERR: 24, DATA_CLONE_ERR: 25, toString: 'Function<toString>', __defineGetter__: 
'Function<__defineGetter__>', __defineSetter__: 'Function<__defineSetter__>', hasOwnProperty: 
'Function<hasOwnProperty>', __lookupGetter__: 'Function<__lookupGetter__>', __lookupSetter__: 
'Function<__lookupSetter__>', isPrototypeOf: 'Function<isPrototypeOf>', propertyIsEnumerable: 
'Function<propertyIsEnumerable>', valueOf: 'Function<valueOf>', __proto__: { constructor: 'Function<Error>', name: 
'Error', message: '', toString: 'Function<toString>', __defineGetter__: 'Function<__defineGetter__>', 
__defineSetter__: 'Function<__defineSetter__>', hasOwnProperty: 'Function<hasOwnProperty>', __lookupGetter__: 
'Function<__lookupGetter__>', __lookupSetter__: 'Function<__lookupSetter__>', isPrototypeOf: 
'Function<isPrototypeOf>', propertyIsEnumerable: 'Function<propertyIsEnumerable>', valueOf: 'Function<valueOf>', 
__proto__: { constructor: 'Function<Object>', __defineGetter__: 'Function<__defineGetter__>', __defineSetter__: 
'Function<__defineSetter__>', hasOwnProperty: 'Function<hasOwnProperty>', __lookupGetter__: 
'Function<__lookupGetter__>', __lookupSetter__: 'Function<__lookupSetter__>', isPrototypeOf: 
'Function<isPrototypeOf>', propertyIsEnumerable: 'Function<propertyIsEnumerable>', toString: 'Function<toString>', 
valueOf: 'Function<valueOf>', __proto__: null, toLocaleString: 'Function<toLocaleString>' }, toLocaleString: 
'Function<toLocaleString>' }, toLocaleString: 'Function<toLocaleString>' }, toLocaleString: 'Function<toLocaleString>' 
}, toLocaleString: 'Function<toLocaleString>' }, { stack: 'ConstraintError: A mutation operation in the transaction 
failed because a constraint was not satisfied. For example, an object such as an object store or index already exists 
and a request attempted to create a new one.\n    at BinarySearchTree._put (file:///C:/Users/ClaudioHig%C3%B3n/.gemini/
antigravity/scratch/calendar/node_modules/fake-indexeddb/build/esm/lib/binarySearchTree.js:121:13)\n    at 
BinarySearchTree._put (file:///C:/Users/ClaudioHig%C3%B3n/.gemini/antigravity/scratch/calendar/node_modules/fake-indexe
ddb/build/esm/lib/binarySearchTree.js:88:21)\n    at BinarySearchTree.put (file:///C:/Users/ClaudioHig%C3%B3n/.gemini/a
ntigravity/scratch/calendar/node_modules/fake-indexeddb/build/esm/lib/binarySearchTree.js:82:17)\n    at 
RecordStore.put (file:///C:/Users/ClaudioHig%C3%B3n/.gemini/antigravity/scratch/calendar/node_modules/fake-indexeddb/bu
ild/esm/lib/RecordStore.js:20:25)\n    at ObjectStore.storeRecord (file:///C:/Users/ClaudioHig%C3%B3n/.gemini/antigravi
ty/scratch/calendar/node_modules/fake-indexeddb/build/esm/lib/ObjectStore.js:149:41)\n    at FDBTransaction._start (fil
e:///C:/Users/ClaudioHig%C3%B3n/.gemini/antigravity/scratch/calendar/node_modules/fake-indexeddb/build/esm/FDBTransacti
on.js:193:26)\n    at processImmediate (node:internal/timers:485:21)', constructor: 'Function<ConstraintError>', name: 
'ConstraintError', message: 'A mutation operation in the transaction failed because a constraint was not satisfied. 
For example, an object such as an object store or index already exists and a request attempted to create a new one.', 
code: +0, INDEX_SIZE_ERR: 1, DOMSTRING_SIZE_ERR: 2, HIERARCHY_REQUEST_ERR: 3, WRONG_DOCUMENT_ERR: 4, 
INVALID_CHARACTER_ERR: 5, NO_DATA_ALLOWED_ERR: 6, NO_MODIFICATION_ALLOWED_ERR: 7, NOT_FOUND_ERR: 8, NOT_SUPPORTED_ERR: 
9, INUSE_ATTRIBUTE_ERR: 10, INVALID_STATE_ERR: 11, SYNTAX_ERR: 12, INVALID_MODIFICATION_ERR: 13, NAMESPACE_ERR: 14, 
INVALID_ACCESS_ERR: 15, VALIDATION_ERR: 16, TYPE_MISMATCH_ERR: 17, SECURITY_ERR: 18, NETWORK_ERR: 19, ABORT_ERR: 20, 
URL_MISMATCH_ERR: 21, QUOTA_EXCEEDED_ERR: 22, TIMEOUT_ERR: 23, INVALID_NODE_TYPE_ERR: 24, DATA_CLONE_ERR: 25, 
toString: 'Function<toString>', __defineGetter__: 'Function<__defineGetter__>', __defineSetter__: 
'Function<__defineSetter__>', hasOwnProperty: 'Function<hasOwnProperty>', __lookupGetter__: 
'Function<__lookupGetter__>', __lookupSetter__: 'Function<__lookupSetter__>', isPrototypeOf: 
'Function<isPrototypeOf>', propertyIsEnumerable: 'Function<propertyIsEnumerable>', valueOf: 'Function<valueOf>', 
__proto__: { constructor: 'Function<ConstraintError>', name: '<unserializable>', message: '<unserializable>', code: 
'<unserializable>', INDEX_SIZE_ERR: 1, DOMSTRING_SIZE_ERR: 2, HIERARCHY_REQUEST_ERR: 3, WRONG_DOCUMENT_ERR: 4, 
INVALID_CHARACTER_ERR: 5, NO_DATA_ALLOWED_ERR: 6, NO_MODIFICATION_ALLOWED_ERR: 7, NOT_FOUND_ERR: 8, NOT_SUPPORTED_ERR: 
9, INUSE_ATTRIBUTE_ERR: 10, INVALID_STATE_ERR: 11, SYNTAX_ERR: 12, INVALID_MODIFICATION_ERR: 13, NAMESPACE_ERR: 14, 
INVALID_ACCESS_ERR: 15, VALIDATION_ERR: 16, TYPE_MISMATCH_ERR: 17, SECURITY_ERR: 18, NETWORK_ERR: 19, ABORT_ERR: 20, 
URL_MISMATCH_ERR: 21, QUOTA_EXCEEDED_ERR: 22, TIMEOUT_ERR: 23, INVALID_NODE_TYPE_ERR: 24, DATA_CLONE_ERR: 25, 
toString: 'Function<toString>', __defineGetter__: 'Function<__defineGetter__>', __defineSetter__: 
'Function<__defineSetter__>', hasOwnProperty: 'Function<hasOwnProperty>', __lookupGetter__: 
'Function<__lookupGetter__>', __lookupSetter__: 'Function<__lookupSetter__>', isPrototypeOf: 
'Function<isPrototypeOf>', propertyIsEnumerable: 'Function<propertyIsEnumerable>', valueOf: 'Function<valueOf>', 
__proto__: { constructor: 'Function<DOMException>', name: '<unserializable>', message: '<unserializable>', code: 
'<unserializable>', INDEX_SIZE_ERR: 1, DOMSTRING_SIZE_ERR: 2, HIERARCHY_REQUEST_ERR: 3, WRONG_DOCUMENT_ERR: 4, 
INVALID_CHARACTER_ERR: 5, NO_DATA_ALLOWED_ERR: 6, NO_MODIFICATION_ALLOWED_ERR: 7, NOT_FOUND_ERR: 8, NOT_SUPPORTED_ERR: 
9, INUSE_ATTRIBUTE_ERR: 10, INVALID_STATE_ERR: 11, SYNTAX_ERR: 12, INVALID_MODIFICATION_ERR: 13, NAMESPACE_ERR: 14, 
INVALID_ACCESS_ERR: 15, VALIDATION_ERR: 16, TYPE_MISMATCH_ERR: 17, SECURITY_ERR: 18, NETWORK_ERR: 19, ABORT_ERR: 20, 
URL_MISMATCH_ERR: 21, QUOTA_EXCEEDED_ERR: 22, TIMEOUT_ERR: 23, INVALID_NODE_TYPE_ERR: 24, DATA_CLONE_ERR: 25, 
toString: 'Function<toString>', __defineGetter__: 'Function<__defineGetter__>', __defineSetter__: 
'Function<__defineSetter__>', hasOwnProperty: 'Function<hasOwnProperty>', __lookupGetter__: 
'Function<__lookupGetter__>', __lookupSetter__: 'Function<__lookupSetter__>', isPrototypeOf: 
'Function<isPrototypeOf>', propertyIsEnumerable: 'Function<propertyIsEnumerable>', valueOf: 'Function<valueOf>', 
__proto__: { constructor: 'Function<Error>', name: 'Error', message: '', toString: 'Function<toString>', 
__defineGetter__: 'Function<__defineGetter__>', __defineSetter__: 'Function<__defineSetter__>', hasOwnProperty: 
'Function<hasOwnProperty>', __lookupGetter__: 'Function<__lookupGetter__>', __lookupSetter__: 
'Function<__lookupSetter__>', isPrototypeOf: 'Function<isPrototypeOf>', propertyIsEnumerable: 
'Function<propertyIsEnumerable>', valueOf: 'Function<valueOf>', __proto__: { constructor: 'Function<Object>', 
__defineGetter__: 'Function<__defineGetter__>', __defineSetter__: 'Function<__defineSetter__>', hasOwnProperty: 
'Function<hasOwnProperty>', __lookupGetter__: 'Function<__lookupGetter__>', __lookupSetter__: 
'Function<__lookupSetter__>', isPrototypeOf: 'Function<isPrototypeOf>', propertyIsEnumerable: 
'Function<propertyIsEnumerable>', toString: 'Function<toString>', valueOf: 'Function<valueOf>', __proto__: null, 
toLocaleString: 'Function<toLocaleString>' }, toLocaleString: 'Function<toLocaleString>' }, toLocaleString: 
'Function<toLocaleString>' }, toLocaleString: 'Function<toLocaleString>' }, toLocaleString: 'Function<toLocaleString>' 
}, { stack: 'ConstraintError: A mutation operation in the transaction failed because a constraint was not satisfied. 
For example, an object such as an object store or index already exists and a request attempted to create a new one.\n  
  at BinarySearchTree._put (file:///C:/Users/ClaudioHig%C3%B3n/.gemini/antigravity/scratch/calendar/node_modules/fake-i
ndexeddb/build/esm/lib/binarySearchTree.js:121:13)\n    at BinarySearchTree._put (file:///C:/Users/ClaudioHig%C3%B3n/.g
emini/antigravity/scratch/calendar/node_modules/fake-indexeddb/build/esm/lib/binarySearchTree.js:102:21)\n    at 
BinarySearchTree._put (file:///C:/Users/ClaudioHig%C3%B3n/.gemini/antigravity/scratch/calendar/node_modules/fake-indexe
ddb/build/esm/lib/binarySearchTree.js:88:21)\n    at BinarySearchTree.put (file:///C:/Users/ClaudioHig%C3%B3n/.gemini/a
ntigravity/scratch/calendar/node_modules/fake-indexeddb/build/esm/lib/binarySearchTree.js:82:17)\n    at 
RecordStore.put (file:///C:/Users/ClaudioHig%C3%B3n/.gemini/antigravity/scratch/calendar/node_modules/fake-indexeddb/bu
ild/esm/lib/RecordStore.js:20:25)\n    at ObjectStore.storeRecord (file:///C:/Users/ClaudioHig%C3%B3n/.gemini/antigravi
ty/scratch/calendar/node_modules/fake-indexeddb/build/esm/lib/ObjectStore.js:149:41)\n    at FDBTransaction._start (fil
e:///C:/Users/ClaudioHig%C3%B3n/.gemini/antigravity/scratch/calendar/node_modules/fake-indexeddb/build/esm/FDBTransacti
on.js:193:26)\n    at processImmediate (node:internal/timers:485:21)', constructor: 'Function<ConstraintError>', name: 
'ConstraintError', message: 'A mutation operation in the transaction failed because a constraint was not satisfied. 
For example, an object such as an object store or index already exists and a request attempted to create a new one.', 
code: +0, INDEX_SIZE_ERR: 1, DOMSTRING_SIZE_ERR: 2, HIERARCHY_REQUEST_ERR: 3, WRONG_DOCUMENT_ERR: 4, 
INVALID_CHARACTER_ERR: 5, NO_DATA_ALLOWED_ERR: 6, NO_MODIFICATION_ALLOWED_ERR: 7, NOT_FOUND_ERR: 8, NOT_SUPPORTED_ERR: 
9, INUSE_ATTRIBUTE_ERR: 10, INVALID_STATE_ERR: 11, SYNTAX_ERR: 12, INVALID_MODIFICATION_ERR: 13, NAMESPACE_ERR: 14, 
INVALID_ACCESS_ERR: 15, VALIDATION_ERR: 16, TYPE_MISMATCH_ERR: 17, SECURITY_ERR: 18, NETWORK_ERR: 19, ABORT_ERR: 20, 
URL_MISMATCH_ERR: 21, QUOTA_EXCEEDED_ERR: 22, TIMEOUT_ERR: 23, INVALID_NODE_TYPE_ERR: 24, DATA_CLONE_ERR: 25, 
toString: 'Function<toString>', __defineGetter__: 'Function<__defineGetter__>', __defineSetter__: 
'Function<__defineSetter__>', hasOwnProperty: 'Function<hasOwnProperty>', __lookupGetter__: 
'Function<__lookupGetter__>', __lookupSetter__: 'Function<__lookupSetter__>', isPrototypeOf: 
'Function<isPrototypeOf>', propertyIsEnumerable: 'Function<propertyIsEnumerable>', valueOf: 'Function<valueOf>', 
__proto__: { constructor: 'Function<ConstraintError>', name: '<unserializable>', message: '<unserializable>', code: 
'<unserializable>', INDEX_SIZE_ERR: 1, DOMSTRING_SIZE_ERR: 2, HIERARCHY_REQUEST_ERR: 3, WRONG_DOCUMENT_ERR: 4, 
INVALID_CHARACTER_ERR: 5, NO_DATA_ALLOWED_ERR: 6, NO_MODIFICATION_ALLOWED_ERR: 7, NOT_FOUND_ERR: 8, NOT_SUPPORTED_ERR: 
9, INUSE_ATTRIBUTE_ERR: 10, INVALID_STATE_ERR: 11, SYNTAX_ERR: 12, INVALID_MODIFICATION_ERR: 13, NAMESPACE_ERR: 14, 
INVALID_ACCESS_ERR: 15, VALIDATION_ERR: 16, TYPE_MISMATCH_ERR: 17, SECURITY_ERR: 18, NETWORK_ERR: 19, ABORT_ERR: 20, 
URL_MISMATCH_ERR: 21, QUOTA_EXCEEDED_ERR: 22, TIMEOUT_ERR: 23, INVALID_NODE_TYPE_ERR: 24, DATA_CLONE_ERR: 25, 
toString: 'Function<toString>', __defineGetter__: 'Function<__defineGetter__>', __defineSetter__: 
'Function<__defineSetter__>', hasOwnProperty: 'Function<hasOwnProperty>', __lookupGetter__: 
'Function<__lookupGetter__>', __lookupSetter__: 'Function<__lookupSetter__>', isPrototypeOf: 
'Function<isPrototypeOf>', propertyIsEnumerable: 'Function<propertyIsEnumerable>', valueOf: 'Function<valueOf>', 
__proto__: { constructor: 'Function<DOMException>', name: '<unserializable>', message: '<unserializable>', code: 
'<unserializable>', INDEX_SIZE_ERR: 1, DOMSTRING_SIZE_ERR: 2, HIERARCHY_REQUEST_ERR: 3, WRONG_DOCUMENT_ERR: 4, 
INVALID_CHARACTER_ERR: 5, NO_DATA_ALLOWED_ERR: 6, NO_MODIFICATION_ALLOWED_ERR: 7, NOT_FOUND_ERR: 8, NOT_SUPPORTED_ERR: 
9, INUSE_ATTRIBUTE_ERR: 10, INVALID_STATE_ERR: 11, SYNTAX_ERR: 12, INVALID_MODIFICATION_ERR: 13, NAMESPACE_ERR: 14, 
INVALID_ACCESS_ERR: 15, VALIDATION_ERR: 16, TYPE_MISMATCH_ERR: 17, SECURITY_ERR: 18, NETWORK_ERR: 19, ABORT_ERR: 20, 
URL_MISMATCH_ERR: 21, QUOTA_EXCEEDED_ERR: 22, TIMEOUT_ERR: 23, INVALID_NODE_TYPE_ERR: 24, DATA_CLONE_ERR: 25, 
toString: 'Function<toString>', __defineGetter__: 'Function<__defineGetter__>', __defineSetter__: 
'Function<__defineSetter__>', hasOwnProperty: 'Function<hasOwnProperty>', __lookupGetter__: 
'Function<__lookupGetter__>', __lookupSetter__: 'Function<__lookupSetter__>', isPrototypeOf: 
'Function<isPrototypeOf>', propertyIsEnumerable: 'Function<propertyIsEnumerable>', valueOf: 'Function<valueOf>', 
__proto__: { constructor: 'Function<Error>', name: 'Error', message: '', toString: 'Function<toString>', 
__defineGetter__: 'Function<__defineGetter__>', __defineSetter__: 'Function<__defineSetter__>', hasOwnProperty: 
'Function<hasOwnProperty>', __lookupGetter__: 'Function<__lookupGetter__>', __lookupSetter__: 
'Function<__lookupSetter__>', isPrototypeOf: 'Function<isPrototypeOf>', propertyIsEnumerable: 
'Function<propertyIsEnumerable>', valueOf: 'Function<valueOf>', __proto__: { constructor: 'Function<Object>', 
__defineGetter__: 'Function<__defineGetter__>', __defineSetter__: 'Function<__defineSetter__>', hasOwnProperty: 
'Function<hasOwnProperty>', __lookupGetter__: 'Function<__lookupGetter__>', __lookupSetter__: 
'Function<__lookupSetter__>', isPrototypeOf: 'Function<isPrototypeOf>', propertyIsEnumerable: 
'Function<propertyIsEnumerable>', toString: 'Function<toString>', valueOf: 'Function<valueOf>', __proto__: null, 
toLocaleString: 'Function<toLocaleString>' }, toLocaleString: 'Function<toLocaleString>' }, toLocaleString: 
'Function<toLocaleString>' }, toLocaleString: 'Function<toLocaleString>' }, toLocaleString: 'Function<toLocaleString>' 
}, { stack: 'ConstraintError: A mutation operation in the transaction failed because a constraint was not satisfied. 
For example, an object such as an object store or index already exists and a request attempted to create a new one.\n  
  at BinarySearchTree._put (file:///C:/Users/ClaudioHig%C3%B3n/.gemini/antigravity/scratch/calendar/node_modules/fake-i
ndexeddb/build/esm/lib/binarySearchTree.js:121:13)\n    at BinarySearchTree.put (file:///C:/Users/ClaudioHig%C3%B3n/.ge
mini/antigravity/scratch/calendar/node_modules/fake-indexeddb/build/esm/lib/binarySearchTree.js:82:17)\n    at 
RecordStore.put (file:///C:/Users/ClaudioHig%C3%B3n/.gemini/antigravity/scratch/calendar/node_modules/fake-indexeddb/bu
ild/esm/lib/RecordStore.js:20:25)\n    at ObjectStore.storeRecord (file:///C:/Users/ClaudioHig%C3%B3n/.gemini/antigravi
ty/scratch/calendar/node_modules/fake-indexeddb/build/esm/lib/ObjectStore.js:149:41)\n    at FDBTransaction._start (fil
e:///C:/Users/ClaudioHig%C3%B3n/.gemini/antigravity/scratch/calendar/node_modules/fake-indexeddb/build/esm/FDBTransacti
on.js:193:26)\n    at processImmediate (node:internal/timers:485:21)', constructor: 'Function<ConstraintError>', name: 
'ConstraintError', message: 'A mutation operation in the transaction failed because a constraint was not satisfied. 
For example, an object such as an object store or index already exists and a request attempted to create a new one.', 
code: +0, INDEX_SIZE_ERR: 1, DOMSTRING_SIZE_ERR: 2, HIERARCHY_REQUEST_ERR: 3, WRONG_DOCUMENT_ERR: 4, 
INVALID_CHARACTER_ERR: 5, NO_DATA_ALLOWED_ERR: 6, NO_MODIFICATION_ALLOWED_ERR: 7, NOT_FOUND_ERR: 8, NOT_SUPPORTED_ERR: 
9, INUSE_ATTRIBUTE_ERR: 10, INVALID_STATE_ERR: 11, SYNTAX_ERR: 12, INVALID_MODIFICATION_ERR: 13, NAMESPACE_ERR: 14, 
INVALID_ACCESS_ERR: 15, VALIDATION_ERR: 16, TYPE_MISMATCH_ERR: 17, SECURITY_ERR: 18, NETWORK_ERR: 19, ABORT_ERR: 20, 
URL_MISMATCH_ERR: 21, QUOTA_EXCEEDED_ERR: 22, TIMEOUT_ERR: 23, INVALID_NODE_TYPE_ERR: 24, DATA_CLONE_ERR: 25, 
toString: 'Function<toString>', __defineGetter__: 'Function<__defineGetter__>', __defineSetter__: 
'Function<__defineSetter__>', hasOwnProperty: 'Function<hasOwnProperty>', __lookupGetter__: 
'Function<__lookupGetter__>', __lookupSetter__: 'Function<__lookupSetter__>', isPrototypeOf: 
'Function<isPrototypeOf>', propertyIsEnumerable: 'Function<propertyIsEnumerable>', valueOf: 'Function<valueOf>', 
__proto__: { constructor: 'Function<ConstraintError>', name: '<unserializable>', message: '<unserializable>', code: 
'<unserializable>', INDEX_SIZE_ERR: 1, DOMSTRING_SIZE_ERR: 2, HIERARCHY_REQUEST_ERR: 3, WRONG_DOCUMENT_ERR: 4, 
INVALID_CHARACTER_ERR: 5, NO_DATA_ALLOWED_ERR: 6, NO_MODIFICATION_ALLOWED_ERR: 7, NOT_FOUND_ERR: 8, NOT_SUPPORTED_ERR: 
9, INUSE_ATTRIBUTE_ERR: 10, INVALID_STATE_ERR: 11, SYNTAX_ERR: 12, INVALID_MODIFICATION_ERR: 13, NAMESPACE_ERR: 14, 
INVALID_ACCESS_ERR: 15, VALIDATION_ERR: 16, TYPE_MISMATCH_ERR: 17, SECURITY_ERR: 18, NETWORK_ERR: 19, ABORT_ERR: 20, 
URL_MISMATCH_ERR: 21, QUOTA_EXCEEDED_ERR: 22, TIMEOUT_ERR: 23, INVALID_NODE_TYPE_ERR: 24, DATA_CLONE_ERR: 25, 
toString: 'Function<toString>', __defineGetter__: 'Function<__defineGetter__>', __defineSetter__: 
'Function<__defineSetter__>', hasOwnProperty: 'Function<hasOwnProperty>', __lookupGetter__: 
'Function<__lookupGetter__>', __lookupSetter__: 'Function<__lookupSetter__>', isPrototypeOf: 
'Function<isPrototypeOf>', propertyIsEnumerable: 'Function<propertyIsEnumerable>', valueOf: 'Function<valueOf>', 
__proto__: { constructor: 'Function<DOMException>', name: '<unserializable>', message: '<unserializable>', code: 
'<unserializable>', INDEX_SIZE_ERR: 1, DOMSTRING_SIZE_ERR: 2, HIERARCHY_REQUEST_ERR: 3, WRONG_DOCUMENT_ERR: 4, 
INVALID_CHARACTER_ERR: 5, NO_DATA_ALLOWED_ERR: 6, NO_MODIFICATION_ALLOWED_ERR: 7, NOT_FOUND_ERR: 8, NOT_SUPPORTED_ERR: 
9, INUSE_ATTRIBUTE_ERR: 10, INVALID_STATE_ERR: 11, SYNTAX_ERR: 12, INVALID_MODIFICATION_ERR: 13, NAMESPACE_ERR: 14, 
INVALID_ACCESS_ERR: 15, VALIDATION_ERR: 16, TYPE_MISMATCH_ERR: 17, SECURITY_ERR: 18, NETWORK_ERR: 19, ABORT_ERR: 20, 
URL_MISMATCH_ERR: 21, QUOTA_EXCEEDED_ERR: 22, TIMEOUT_ERR: 23, INVALID_NODE_TYPE_ERR: 24, DATA_CLONE_ERR: 25, 
toString: 'Function<toString>', __defineGetter__: 'Function<__defineGetter__>', __defineSetter__: 
'Function<__defineSetter__>', hasOwnProperty: 'Function<hasOwnProperty>', __lookupGetter__: 
'Function<__lookupGetter__>', __lookupSetter__: 'Function<__lookupSetter__>', isPrototypeOf: 
'Function<isPrototypeOf>', propertyIsEnumerable: 'Function<propertyIsEnumerable>', valueOf: 'Function<valueOf>', 
__proto__: { constructor: 'Function<Error>', name: 'Error', message: '', toString: 'Function<toString>', 
__defineGetter__: 'Function<__defineGetter__>', __defineSetter__: 'Function<__defineSetter__>', hasOwnProperty: 
'Function<hasOwnProperty>', __lookupGetter__: 'Function<__lookupGetter__>', __lookupSetter__: 
'Function<__lookupSetter__>', isPrototypeOf: 'Function<isPrototypeOf>', propertyIsEnumerable: 
'Function<propertyIsEnumerable>', valueOf: 'Function<valueOf>', __proto__: { constructor: 'Function<Object>', 
__defineGetter__: 'Function<__defineGetter__>', __defineSetter__: 'Function<__defineSetter__>', hasOwnProperty: 
'Function<hasOwnProperty>', __lookupGetter__: 'Function<__lookupGetter__>', __lookupSetter__: 
'Function<__lookupSetter__>', isPrototypeOf: 'Function<isPrototypeOf>', propertyIsEnumerable: 
'Function<propertyIsEnumerable>', toString: 'Function<toString>', valueOf: 'Function<valueOf>', __proto__: null, 
toLocaleString: 'Function<toLocaleString>' }, toLocaleString: 'Function<toLocaleString>' }, toLocaleString: 
'Function<toLocaleString>' }, toLocaleString: 'Function<toLocaleString>' }, toLocaleString: 'Function<toLocaleString>' 
}, { stack: 'ConstraintError: A mutation operation in the transaction failed because a constraint was not satisfied. 
For example, an object such as an object store or index already exists and a request attempted to create a new one.\n  
  at BinarySearchTree._put (file:///C:/Users/ClaudioHig%C3%B3n/.gemini/antigravity/scratch/calendar/node_modules/fake-i
ndexeddb/build/esm/lib/binarySearchTree.js:121:13)\n    at BinarySearchTree._put (file:///C:/Users/ClaudioHig%C3%B3n/.g
emini/antigravity/scratch/calendar/node_modules/fake-indexeddb/build/esm/lib/binarySearchTree.js:88:21)\n    at 
BinarySearchTree._put (file:///C:/Users/ClaudioHig%C3%B3n/.gemini/antigravity/scratch/calendar/node_modules/fake-indexe
ddb/build/esm/lib/binarySearchTree.js:102:21)\n    at BinarySearchTree.put (file:///C:/Users/ClaudioHig%C3%B3n/.gemini/
antigravity/scratch/calendar/node_modules/fake-indexeddb/build/esm/lib/binarySearchTree.js:82:17)\n    at 
RecordStore.put (file:///C:/Users/ClaudioHig%C3%B3n/.gemini/antigravity/scratch/calendar/node_modules/fake-indexeddb/bu
ild/esm/lib/RecordStore.js:20:25)\n    at ObjectStore.storeRecord (file:///C:/Users/ClaudioHig%C3%B3n/.gemini/antigravi
ty/scratch/calendar/node_modules/fake-indexeddb/build/esm/lib/ObjectStore.js:149:41)\n    at FDBTransaction._start (fil
e:///C:/Users/ClaudioHig%C3%B3n/.gemini/antigravity/scratch/calendar/node_modules/fake-indexeddb/build/esm/FDBTransacti
on.js:193:26)\n    at processImmediate (node:internal/timers:485:21)', constructor: 'Function<ConstraintError>', name: 
'ConstraintError', message: 'A mutation operation in the transaction failed because a constraint was not satisfied. 
For example, an object such as an object store or index already exists and a request attempted to create a new one.', 
code: +0, INDEX_SIZE_ERR: 1, DOMSTRING_SIZE_ERR: 2, HIERARCHY_REQUEST_ERR: 3, WRONG_DOCUMENT_ERR: 4, 
INVALID_CHARACTER_ERR: 5, NO_DATA_ALLOWED_ERR: 6, NO_MODIFICATION_ALLOWED_ERR: 7, NOT_FOUND_ERR: 8, NOT_SUPPORTED_ERR: 
9, INUSE_ATTRIBUTE_ERR: 10, INVALID_STATE_ERR: 11, SYNTAX_ERR: 12, INVALID_MODIFICATION_ERR: 13, NAMESPACE_ERR: 14, 
INVALID_ACCESS_ERR: 15, VALIDATION_ERR: 16, TYPE_MISMATCH_ERR: 17, SECURITY_ERR: 18, NETWORK_ERR: 19, ABORT_ERR: 20, 
URL_MISMATCH_ERR: 21, QUOTA_EXCEEDED_ERR: 22, TIMEOUT_ERR: 23, INVALID_NODE_TYPE_ERR: 24, DATA_CLONE_ERR: 25, 
toString: 'Function<toString>', __defineGetter__: 'Function<__defineGetter__>', __defineSetter__: 
'Function<__defineSetter__>', hasOwnProperty: 'Function<hasOwnProperty>', __lookupGetter__: 
'Function<__lookupGetter__>', __lookupSetter__: 'Function<__lookupSetter__>', isPrototypeOf: 
'Function<isPrototypeOf>', propertyIsEnumerable: 'Function<propertyIsEnumerable>', valueOf: 'Function<valueOf>', 
__proto__: { constructor: 'Function<ConstraintError>', name: '<unserializable>', message: '<unserializable>', code: 
'<unserializable>', INDEX_SIZE_ERR: 1, DOMSTRING_SIZE_ERR: 2, HIERARCHY_REQUEST_ERR: 3, WRONG_DOCUMENT_ERR: 4, 
INVALID_CHARACTER_ERR: 5, NO_DATA_ALLOWED_ERR: 6, NO_MODIFICATION_ALLOWED_ERR: 7, NOT_FOUND_ERR: 8, NOT_SUPPORTED_ERR: 
9, INUSE_ATTRIBUTE_ERR: 10, INVALID_STATE_ERR: 11, SYNTAX_ERR: 12, INVALID_MODIFICATION_ERR: 13, NAMESPACE_ERR: 14, 
INVALID_ACCESS_ERR: 15, VALIDATION_ERR: 16, TYPE_MISMATCH_ERR: 17, SECURITY_ERR: 18, NETWORK_ERR: 19, ABORT_ERR: 20, 
URL_MISMATCH_ERR: 21, QUOTA_EXCEEDED_ERR: 22, TIMEOUT_ERR: 23, INVALID_NODE_TYPE_ERR: 24, DATA_CLONE_ERR: 25, 
toString: 'Function<toString>', __defineGetter__: 'Function<__defineGetter__>', __defineSetter__: 
'Function<__defineSetter__>', hasOwnProperty: 'Function<hasOwnProperty>', __lookupGetter__: 
'Function<__lookupGetter__>', __lookupSetter__: 'Function<__lookupSetter__>', isPrototypeOf: 
'Function<isPrototypeOf>', propertyIsEnumerable: 'Function<propertyIsEnumerable>', valueOf: 'Function<valueOf>', 
__proto__: { constructor: 'Function<DOMException>', name: '<unserializable>', message: '<unserializable>', code: 
'<unserializable>', INDEX_SIZE_ERR: 1, DOMSTRING_SIZE_ERR: 2, HIERARCHY_REQUEST_ERR: 3, WRONG_DOCUMENT_ERR: 4, 
INVALID_CHARACTER_ERR: 5, NO_DATA_ALLOWED_ERR: 6, NO_MODIFICATION_ALLOWED_ERR: 7, NOT_FOUND_ERR: 8, NOT_SUPPORTED_ERR: 
9, INUSE_ATTRIBUTE_ERR: 10, INVALID_STATE_ERR: 11, SYNTAX_ERR: 12, INVALID_MODIFICATION_ERR: 13, NAMESPACE_ERR: 14, 
INVALID_ACCESS_ERR: 15, VALIDATION_ERR: 16, TYPE_MISMATCH_ERR: 17, SECURITY_ERR: 18, NETWORK_ERR: 19, ABORT_ERR: 20, 
URL_MISMATCH_ERR: 21, QUOTA_EXCEEDED_ERR: 22, TIMEOUT_ERR: 23, INVALID_NODE_TYPE_ERR: 24, DATA_CLONE_ERR: 25, 
toString: 'Function<toString>', __defineGetter__: 'Function<__defineGetter__>', __defineSetter__: 
'Function<__defineSetter__>', hasOwnProperty: 'Function<hasOwnProperty>', __lookupGetter__: 
'Function<__lookupGetter__>', __lookupSetter__: 'Function<__lookupSetter__>', isPrototypeOf: 
'Function<isPrototypeOf>', propertyIsEnumerable: 'Function<propertyIsEnumerable>', valueOf: 'Function<valueOf>', 
__proto__: { constructor: 'Function<Error>', name: 'Error', message: '', toString: 'Function<toString>', 
__defineGetter__: 'Function<__defineGetter__>', __defineSetter__: 'Function<__defineSetter__>', hasOwnProperty: 
'Function<hasOwnProperty>', __lookupGetter__: 'Function<__lookupGetter__>', __lookupSetter__: 
'Function<__lookupSetter__>', isPrototypeOf: 'Function<isPrototypeOf>', propertyIsEnumerable: 
'Function<propertyIsEnumerable>', valueOf: 'Function<valueOf>', __proto__: { constructor: 'Function<Object>', 
__defineGetter__: 'Function<__defineGetter__>', __defineSetter__: 'Function<__defineSetter__>', hasOwnProperty: 
'Function<hasOwnProperty>', __lookupGetter__: 'Function<__lookupGetter__>', __lookupSetter__: 
'Function<__lookupSetter__>', isPrototypeOf: 'Function<isPrototypeOf>', propertyIsEnumerable: 
'Function<propertyIsEnumerable>', toString: 'Function<toString>', valueOf: 'Function<valueOf>', __proto__: null, 
toLocaleString: 'Function<toLocaleString>' }, toLocaleString: 'Function<toLocaleString>' }, toLocaleString: 
'Function<toLocaleString>' }, toLocaleString: 'Function<toLocaleString>' }, toLocaleString: 'Function<toLocaleString>' 
}, { stack: 'ConstraintError: A mutation operation in the transaction failed because a constraint was not satisfied. 
For example, an object such as an object store or index already exists and a request attempted to create a new one.\n  
  at BinarySearchTree._put (file:///C:/Users/ClaudioHig%C3%B3n/.gemini/antigravity/scratch/calendar/node_modules/fake-i
ndexeddb/build/esm/lib/binarySearchTree.js:121:13)\n    at BinarySearchTree._put (file:///C:/Users/ClaudioHig%C3%B3n/.g
emini/antigravity/scratch/calendar/node_modules/fake-indexeddb/build/esm/lib/binarySearchTree.js:102:21)\n    at 
BinarySearchTree.put (file:///C:/Users/ClaudioHig%C3%B3n/.gemini/antigravity/scratch/calendar/node_modules/fake-indexed
db/build/esm/lib/binarySearchTree.js:82:17)\n    at RecordStore.put (file:///C:/Users/ClaudioHig%C3%B3n/.gemini/antigra
vity/scratch/calendar/node_modules/fake-indexeddb/build/esm/lib/RecordStore.js:20:25)\n    at ObjectStore.storeRecord (
file:///C:/Users/ClaudioHig%C3%B3n/.gemini/antigravity/scratch/calendar/node_modules/fake-indexeddb/build/esm/lib/Objec
tStore.js:149:41)\n    at FDBTransaction._start (file:///C:/Users/ClaudioHig%C3%B3n/.gemini/antigravity/scratch/calenda
r/node_modules/fake-indexeddb/build/esm/FDBTransaction.js:193:26)\n    at processImmediate 
(node:internal/timers:485:21)', constructor: 'Function<ConstraintError>', name: 'ConstraintError', message: 'A 
mutation operation in the transaction failed because a constraint was not satisfied. For example, an object such as an 
object store or index already exists and a request attempted to create a new one.', code: +0, INDEX_SIZE_ERR: 1, 
DOMSTRING_SIZE_ERR: 2, HIERARCHY_REQUEST_ERR: 3, WRONG_DOCUMENT_ERR: 4, INVALID_CHARACTER_ERR: 5, NO_DATA_ALLOWED_ERR: 
6, NO_MODIFICATION_ALLOWED_ERR: 7, NOT_FOUND_ERR: 8, NOT_SUPPORTED_ERR: 9, INUSE_ATTRIBUTE_ERR: 10, INVALID_STATE_ERR: 
11, SYNTAX_ERR: 12, INVALID_MODIFICATION_ERR: 13, NAMESPACE_ERR: 14, INVALID_ACCESS_ERR: 15, VALIDATION_ERR: 16, 
TYPE_MISMATCH_ERR: 17, SECURITY_ERR: 18, NETWORK_ERR: 19, ABORT_ERR: 20, URL_MISMATCH_ERR: 21, QUOTA_EXCEEDED_ERR: 22, 
TIMEOUT_ERR: 23, INVALID_NODE_TYPE_ERR: 24, DATA_CLONE_ERR: 25, toString: 'Function<toString>', __defineGetter__: 
'Function<__defineGetter__>', __defineSetter__: 'Function<__defineSetter__>', hasOwnProperty: 
'Function<hasOwnProperty>', __lookupGetter__: 'Function<__lookupGetter__>', __lookupSetter__: 
'Function<__lookupSetter__>', isPrototypeOf: 'Function<isPrototypeOf>', propertyIsEnumerable: 
'Function<propertyIsEnumerable>', valueOf: 'Function<valueOf>', __proto__: { constructor: 'Function<ConstraintError>', 
name: '<unserializable>', message: '<unserializable>', code: '<unserializable>', INDEX_SIZE_ERR: 1, 
DOMSTRING_SIZE_ERR: 2, HIERARCHY_REQUEST_ERR: 3, WRONG_DOCUMENT_ERR: 4, INVALID_CHARACTER_ERR: 5, NO_DATA_ALLOWED_ERR: 
6, NO_MODIFICATION_ALLOWED_ERR: 7, NOT_FOUND_ERR: 8, NOT_SUPPORTED_ERR: 9, INUSE_ATTRIBUTE_ERR: 10, INVALID_STATE_ERR: 
11, SYNTAX_ERR: 12, INVALID_MODIFICATION_ERR: 13, NAMESPACE_ERR: 14, INVALID_ACCESS_ERR: 15, VALIDATION_ERR: 16, 
TYPE_MISMATCH_ERR: 17, SECURITY_ERR: 18, NETWORK_ERR: 19, ABORT_ERR: 20, URL_MISMATCH_ERR: 21, QUOTA_EXCEEDED_ERR: 22, 
TIMEOUT_ERR: 23, INVALID_NODE_TYPE_ERR: 24, DATA_CLONE_ERR: 25, toString: 'Function<toString>', __defineGetter__: 
'Function<__defineGetter__>', __defineSetter__: 'Function<__defineSetter__>', hasOwnProperty: 
'Function<hasOwnProperty>', __lookupGetter__: 'Function<__lookupGetter__>', __lookupSetter__: 
'Function<__lookupSetter__>', isPrototypeOf: 'Function<isPrototypeOf>', propertyIsEnumerable: 
'Function<propertyIsEnumerable>', valueOf: 'Function<valueOf>', __proto__: { constructor: 'Function<DOMException>', 
name: '<unserializable>', message: '<unserializable>', code: '<unserializable>', INDEX_SIZE_ERR: 1, 
DOMSTRING_SIZE_ERR: 2, HIERARCHY_REQUEST_ERR: 3, WRONG_DOCUMENT_ERR: 4, INVALID_CHARACTER_ERR: 5, NO_DATA_ALLOWED_ERR: 
6, NO_MODIFICATION_ALLOWED_ERR: 7, NOT_FOUND_ERR: 8, NOT_SUPPORTED_ERR: 9, INUSE_ATTRIBUTE_ERR: 10, INVALID_STATE_ERR: 
11, SYNTAX_ERR: 12, INVALID_MODIFICATION_ERR: 13, NAMESPACE_ERR: 14, INVALID_ACCESS_ERR: 15, VALIDATION_ERR: 16, 
TYPE_MISMATCH_ERR: 17, SECURITY_ERR: 18, NETWORK_ERR: 19, ABORT_ERR: 20, URL_MISMATCH_ERR: 21, QUOTA_EXCEEDED_ERR: 22, 
TIMEOUT_ERR: 23, INVALID_NODE_TYPE_ERR: 24, DATA_CLONE_ERR: 25, toString: 'Function<toString>', __defineGetter__: 
'Function<__defineGetter__>', __defineSetter__: 'Function<__defineSetter__>', hasOwnProperty: 
'Function<hasOwnProperty>', __lookupGetter__: 'Function<__lookupGetter__>', __lookupSetter__: 
'Function<__lookupSetter__>', isPrototypeOf: 'Function<isPrototypeOf>', propertyIsEnumerable: 
'Function<propertyIsEnumerable>', valueOf: 'Function<valueOf>', __proto__: { constructor: 'Function<Error>', name: 
'Error', message: '', toString: 'Function<toString>', __defineGetter__: 'Function<__defineGetter__>', 
__defineSetter__: 'Function<__defineSetter__>', hasOwnProperty: 'Function<hasOwnProperty>', __lookupGetter__: 
'Function<__lookupGetter__>', __lookupSetter__: 'Function<__lookupSetter__>', isPrototypeOf: 
'Function<isPrototypeOf>', propertyIsEnumerable: 'Function<propertyIsEnumerable>', valueOf: 'Function<valueOf>', 
__proto__: { constructor: 'Function<Object>', __defineGetter__: 'Function<__defineGetter__>', __defineSetter__: 
'Function<__defineSetter__>', hasOwnProperty: 'Function<hasOwnProperty>', __lookupGetter__: 
'Function<__lookupGetter__>', __lookupSetter__: 'Function<__lookupSetter__>', isPrototypeOf: 
'Function<isPrototypeOf>', propertyIsEnumerable: 'Function<propertyIsEnumerable>', toString: 'Function<toString>', 
valueOf: 'Function<valueOf>', __proto__: null, toLocaleString: 'Function<toLocaleString>' }, toLocaleString: 
'Function<toLocaleString>' }, toLocaleString: 'Function<toLocaleString>' }, toLocaleString: 'Function<toLocaleString>' 
}, toLocaleString: 'Function<toLocaleString>' }, { stack: 'ConstraintError: A mutation operation in the transaction 
failed because a constraint was not satisfied. For example, an object such as an object store or index already exists 
and a request attempted to create a new one.\n    at BinarySearchTree._put (file:///C:/Users/ClaudioHig%C3%B3n/.gemini/
antigravity/scratch/calendar/node_modules/fake-indexeddb/build/esm/lib/binarySearchTree.js:121:13)\n    at 
BinarySearchTree._put (file:///C:/Users/ClaudioHig%C3%B3n/.gemini/antigravity/scratch/calendar/node_modules/fake-indexe
ddb/build/esm/lib/binarySearchTree.js:88:21)\n    at BinarySearchTree._put (file:///C:/Users/ClaudioHig%C3%B3n/.gemini/
antigravity/scratch/calendar/node_modules/fake-indexeddb/build/esm/lib/binarySearchTree.js:102:21)\n    at 
BinarySearchTree._put (file:///C:/Users/ClaudioHig%C3%B3n/.gemini/antigravity/scratch/calendar/node_modules/fake-indexe
ddb/build/esm/lib/binarySearchTree.js:102:21)\n    at BinarySearchTree.put (file:///C:/Users/ClaudioHig%C3%B3n/.gemini/
antigravity/scratch/calendar/node_modules/fake-indexeddb/build/esm/lib/binarySearchTree.js:82:17)\n    at 
RecordStore.put (file:///C:/Users/ClaudioHig%C3%B3n/.gemini/antigravity/scratch/calendar/node_modules/fake-indexeddb/bu
ild/esm/lib/RecordStore.js:20:25)\n    at ObjectStore.storeRecord (file:///C:/Users/ClaudioHig%C3%B3n/.gemini/antigravi
ty/scratch/calendar/node_modules/fake-indexeddb/build/esm/lib/ObjectStore.js:149:41)\n    at FDBTransaction._start (fil
e:///C:/Users/ClaudioHig%C3%B3n/.gemini/antigravity/scratch/calendar/node_modules/fake-indexeddb/build/esm/FDBTransacti
on.js:193:26)\n    at processImmediate (node:internal/timers:485:21)', constructor: 'Function<ConstraintError>', name: 
'ConstraintError', message: 'A mutation operation in the transaction failed because a constraint was not satisfied. 
For example, an object such as an object store or index already exists and a request attempted to create a new one.', 
code: +0, INDEX_SIZE_ERR: 1, DOMSTRING_SIZE_ERR: 2, HIERARCHY_REQUEST_ERR: 3, WRONG_DOCUMENT_ERR: 4, 
INVALID_CHARACTER_ERR: 5, NO_DATA_ALLOWED_ERR: 6, NO_MODIFICATION_ALLOWED_ERR: 7, NOT_FOUND_ERR: 8, NOT_SUPPORTED_ERR: 
9, INUSE_ATTRIBUTE_ERR: 10, INVALID_STATE_ERR: 11, SYNTAX_ERR: 12, INVALID_MODIFICATION_ERR: 13, NAMESPACE_ERR: 14, 
INVALID_ACCESS_ERR: 15, VALIDATION_ERR: 16, TYPE_MISMATCH_ERR: 17, SECURITY_ERR: 18, NETWORK_ERR: 19, ABORT_ERR: 20, 
URL_MISMATCH_ERR: 21, QUOTA_EXCEEDED_ERR: 22, TIMEOUT_ERR: 23, INVALID_NODE_TYPE_ERR: 24, DATA_CLONE_ERR: 25, 
toString: 'Function<toString>', __defineGetter__: 'Function<__defineGetter__>', __defineSetter__: 
'Function<__defineSetter__>', hasOwnProperty: 'Function<hasOwnProperty>', __lookupGetter__: 
'Function<__lookupGetter__>', __lookupSetter__: 'Function<__lookupSetter__>', isPrototypeOf: 
'Function<isPrototypeOf>', propertyIsEnumerable: 'Function<propertyIsEnumerable>', valueOf: 'Function<valueOf>', 
__proto__: { constructor: 'Function<ConstraintError>', name: '<unserializable>', message: '<unserializable>', code: 
'<unserializable>', INDEX_SIZE_ERR: 1, DOMSTRING_SIZE_ERR: 2, HIERARCHY_REQUEST_ERR: 3, WRONG_DOCUMENT_ERR: 4, 
INVALID_CHARACTER_ERR: 5, NO_DATA_ALLOWED_ERR: 6, NO_MODIFICATION_ALLOWED_ERR: 7, NOT_FOUND_ERR: 8, NOT_SUPPORTED_ERR: 
9, INUSE_ATTRIBUTE_ERR: 10, INVALID_STATE_ERR: 11, SYNTAX_ERR: 12, INVALID_MODIFICATION_ERR: 13, NAMESPACE_ERR: 14, 
INVALID_ACCESS_ERR: 15, VALIDATION_ERR: 16, TYPE_MISMATCH_ERR: 17, SECURITY_ERR: 18, NETWORK_ERR: 19, ABORT_ERR: 20, 
URL_MISMATCH_ERR: 21, QUOTA_EXCEEDED_ERR: 22, TIMEOUT_ERR: 23, INVALID_NODE_TYPE_ERR: 24, DATA_CLONE_ERR: 25, 
toString: 'Function<toString>', __defineGetter__: 'Function<__defineGetter__>', __defineSetter__: 
'Function<__defineSetter__>', hasOwnProperty: 'Function<hasOwnProperty>', __lookupGetter__: 
'Function<__lookupGetter__>', __lookupSetter__: 'Function<__lookupSetter__>', isPrototypeOf: 
'Function<isPrototypeOf>', propertyIsEnumerable: 'Function<propertyIsEnumerable>', valueOf: 'Function<valueOf>', 
__proto__: { constructor: 'Function<DOMException>', name: '<unserializable>', message: '<unserializable>', code: 
'<unserializable>', INDEX_SIZE_ERR: 1, DOMSTRING_SIZE_ERR: 2, HIERARCHY_REQUEST_ERR: 3, WRONG_DOCUMENT_ERR: 4, 
INVALID_CHARACTER_ERR: 5, NO_DATA_ALLOWED_ERR: 6, NO_MODIFICATION_ALLOWED_ERR: 7, NOT_FOUND_ERR: 8, NOT_SUPPORTED_ERR: 
9, INUSE_ATTRIBUTE_ERR: 10, INVALID_STATE_ERR: 11, SYNTAX_ERR: 12, INVALID_MODIFICATION_ERR: 13, NAMESPACE_ERR: 14, 
INVALID_ACCESS_ERR: 15, VALIDATION_ERR: 16, TYPE_MISMATCH_ERR: 17, SECURITY_ERR: 18, NETWORK_ERR: 19, ABORT_ERR: 20, 
URL_MISMATCH_ERR: 21, QUOTA_EXCEEDED_ERR: 22, TIMEOUT_ERR: 23, INVALID_NODE_TYPE_ERR: 24, DATA_CLONE_ERR: 25, 
toString: 'Function<toString>', __defineGetter__: 'Function<__defineGetter__>', __defineSetter__: 
'Function<__defineSetter__>', hasOwnProperty: 'Function<hasOwnProperty>', __lookupGetter__: 
'Function<__lookupGetter__>', __lookupSetter__: 'Function<__lookupSetter__>', isPrototypeOf: 
'Function<isPrototypeOf>', propertyIsEnumerable: 'Function<propertyIsEnumerable>', valueOf: 'Function<valueOf>', 
__proto__: { constructor: 'Function<Error>', name: 'Error', message: '', toString: 'Function<toString>', 
__defineGetter__: 'Function<__defineGetter__>', __defineSetter__: 'Function<__defineSetter__>', hasOwnProperty: 
'Function<hasOwnProperty>', __lookupGetter__: 'Function<__lookupGetter__>', __lookupSetter__: 
'Function<__lookupSetter__>', isPrototypeOf: 'Function<isPrototypeOf>', propertyIsEnumerable: 
'Function<propertyIsEnumerable>', valueOf: 'Function<valueOf>', __proto__: { constructor: 'Function<Object>', 
__defineGetter__: 'Function<__defineGetter__>', __defineSetter__: 'Function<__defineSetter__>', hasOwnProperty: 
'Function<hasOwnProperty>', __lookupGetter__: 'Function<__lookupGetter__>', __lookupSetter__: 
'Function<__lookupSetter__>', isPrototypeOf: 'Function<isPrototypeOf>', propertyIsEnumerable: 
'Function<propertyIsEnumerable>', toString: 'Function<toString>', valueOf: 'Function<valueOf>', __proto__: null, 
toLocaleString: 'Function<toLocaleString>' }, toLocaleString: 'Function<toLocaleString>' }, toLocaleString: 
'Function<toLocaleString>' }, toLocaleString: 'Function<toLocaleString>' }, toLocaleString: 'Function<toLocaleString>' 
}, { stack: 'ConstraintError: A mutation operation in the transaction failed because a constraint was not satisfied. 
For example, an object such as an object store or index already exists and a request attempted to create a new one.\n  
  at BinarySearchTree._put (file:///C:/Users/ClaudioHig%C3%B3n/.gemini/antigravity/scratch/calendar/node_modules/fake-i
ndexeddb/build/esm/lib/binarySearchTree.js:121:13)\n    at BinarySearchTree._put (file:///C:/Users/ClaudioHig%C3%B3n/.g
emini/antigravity/scratch/calendar/node_modules/fake-indexeddb/build/esm/lib/binarySearchTree.js:102:21)\n    at 
BinarySearchTree._put (file:///C:/Users/ClaudioHig%C3%B3n/.gemini/antigravity/scratch/calendar/node_modules/fake-indexe
ddb/build/esm/lib/binarySearchTree.js:102:21)\n    at BinarySearchTree.put (file:///C:/Users/ClaudioHig%C3%B3n/.gemini/
antigravity/scratch/calendar/node_modules/fake-indexeddb/build/esm/lib/binarySearchTree.js:82:17)\n    at 
RecordStore.put (file:///C:/Users/ClaudioHig%C3%B3n/.gemini/antigravity/scratch/calendar/node_modules/fake-indexeddb/bu
ild/esm/lib/RecordStore.js:20:25)\n    at ObjectStore.storeRecord (file:///C:/Users/ClaudioHig%C3%B3n/.gemini/antigravi
ty/scratch/calendar/node_modules/fake-indexeddb/build/esm/lib/ObjectStore.js:149:41)\n    at FDBTransaction._start (fil
e:///C:/Users/ClaudioHig%C3%B3n/.gemini/antigravity/scratch/calendar/node_modules/fake-indexeddb/build/esm/FDBTransacti
on.js:193:26)\n    at processImmediate (node:internal/timers:485:21)', constructor: 'Function<ConstraintError>', name: 
'ConstraintError', message: 'A mutation operation in the transaction failed because a constraint was not satisfied. 
For example, an object such as an object store or index already exists and a request attempted to create a new one.', 
code: +0, INDEX_SIZE_ERR: 1, DOMSTRING_SIZE_ERR: 2, HIERARCHY_REQUEST_ERR: 3, WRONG_DOCUMENT_ERR: 4, 
INVALID_CHARACTER_ERR: 5, NO_DATA_ALLOWED_ERR: 6, NO_MODIFICATION_ALLOWED_ERR: 7, NOT_FOUND_ERR: 8, NOT_SUPPORTED_ERR: 
9, INUSE_ATTRIBUTE_ERR: 10, INVALID_STATE_ERR: 11, SYNTAX_ERR: 12, INVALID_MODIFICATION_ERR: 13, NAMESPACE_ERR: 14, 
INVALID_ACCESS_ERR: 15, VALIDATION_ERR: 16, TYPE_MISMATCH_ERR: 17, SECURITY_ERR: 18, NETWORK_ERR: 19, ABORT_ERR: 20, 
URL_MISMATCH_ERR: 21, QUOTA_EXCEEDED_ERR: 22, TIMEOUT_ERR: 23, INVALID_NODE_TYPE_ERR: 24, DATA_CLONE_ERR: 25, 
toString: 'Function<toString>', __defineGetter__: 'Function<__defineGetter__>', __defineSetter__: 
'Function<__defineSetter__>', hasOwnProperty: 'Function<hasOwnProperty>', __lookupGetter__: 
'Function<__lookupGetter__>', __lookupSetter__: 'Function<__lookupSetter__>', isPrototypeOf: 
'Function<isPrototypeOf>', propertyIsEnumerable: 'Function<propertyIsEnumerable>', valueOf: 'Function<valueOf>', 
__proto__: { constructor: 'Function<ConstraintError>', name: '<unserializable>', message: '<unserializable>', code: 
'<unserializable>', INDEX_SIZE_ERR: 1, DOMSTRING_SIZE_ERR: 2, HIERARCHY_REQUEST_ERR: 3, WRONG_DOCUMENT_ERR: 4, 
INVALID_CHARACTER_ERR: 5, NO_DATA_ALLOWED_ERR: 6, NO_MODIFICATION_ALLOWED_ERR: 7, NOT_FOUND_ERR: 8, NOT_SUPPORTED_ERR: 
9, INUSE_ATTRIBUTE_ERR: 10, INVALID_STATE_ERR: 11, SYNTAX_ERR: 12, INVALID_MODIFICATION_ERR: 13, NAMESPACE_ERR: 14, 
INVALID_ACCESS_ERR: 15, VALIDATION_ERR: 16, TYPE_MISMATCH_ERR: 17, SECURITY_ERR: 18, NETWORK_ERR: 19, ABORT_ERR: 20, 
URL_MISMATCH_ERR: 21, QUOTA_EXCEEDED_ERR: 22, TIMEOUT_ERR: 23, INVALID_NODE_TYPE_ERR: 24, DATA_CLONE_ERR: 25, 
toString: 'Function<toString>', __defineGetter__: 'Function<__defineGetter__>', __defineSetter__: 
'Function<__defineSetter__>', hasOwnProperty: 'Function<hasOwnProperty>', __lookupGetter__: 
'Function<__lookupGetter__>', __lookupSetter__: 'Function<__lookupSetter__>', isPrototypeOf: 
'Function<isPrototypeOf>', propertyIsEnumerable: 'Function<propertyIsEnumerable>', valueOf: 'Function<valueOf>', 
__proto__: { constructor: 'Function<DOMException>', name: '<unserializable>', message: '<unserializable>', code: 
'<unserializable>', INDEX_SIZE_ERR: 1, DOMSTRING_SIZE_ERR: 2, HIERARCHY_REQUEST_ERR: 3, WRONG_DOCUMENT_ERR: 4, 
INVALID_CHARACTER_ERR: 5, NO_DATA_ALLOWED_ERR: 6, NO_MODIFICATION_ALLOWED_ERR: 7, NOT_FOUND_ERR: 8, NOT_SUPPORTED_ERR: 
9, INUSE_ATTRIBUTE_ERR: 10, INVALID_STATE_ERR: 11, SYNTAX_ERR: 12, INVALID_MODIFICATION_ERR: 13, NAMESPACE_ERR: 14, 
INVALID_ACCESS_ERR: 15, VALIDATION_ERR: 16, TYPE_MISMATCH_ERR: 17, SECURITY_ERR: 18, NETWORK_ERR: 19, ABORT_ERR: 20, 
URL_MISMATCH_ERR: 21, QUOTA_EXCEEDED_ERR: 22, TIMEOUT_ERR: 23, INVALID_NODE_TYPE_ERR: 24, DATA_CLONE_ERR: 25, 
toString: 'Function<toString>', __defineGetter__: 'Function<__defineGetter__>', __defineSetter__: 
'Function<__defineSetter__>', hasOwnProperty: 'Function<hasOwnProperty>', __lookupGetter__: 
'Function<__lookupGetter__>', __lookupSetter__: 'Function<__lookupSetter__>', isPrototypeOf: 
'Function<isPrototypeOf>', propertyIsEnumerable: 'Function<propertyIsEnumerable>', valueOf: 'Function<valueOf>', 
__proto__: { constructor: 'Function<Error>', name: 'Error', message: '', toString: 'Function<toString>', 
__defineGetter__: 'Function<__defineGetter__>', __defineSetter__: 'Function<__defineSetter__>', hasOwnProperty: 
'Function<hasOwnProperty>', __lookupGetter__: 'Function<__lookupGetter__>', __lookupSetter__: 
'Function<__lookupSetter__>', isPrototypeOf: 'Function<isPrototypeOf>', propertyIsEnumerable: 
'Function<propertyIsEnumerable>', valueOf: 'Function<valueOf>', __proto__: { constructor: 'Function<Object>', 
__defineGetter__: 'Function<__defineGetter__>', __defineSetter__: 'Function<__defineSetter__>', hasOwnProperty: 
'Function<hasOwnProperty>', __lookupGetter__: 'Function<__lookupGetter__>', __lookupSetter__: 
'Function<__lookupSetter__>', isPrototypeOf: 'Function<isPrototypeOf>', propertyIsEnumerable: 
'Function<propertyIsEnumerable>', toString: 'Function<toString>', valueOf: 'Function<valueOf>', __proto__: null, 
toLocaleString: 'Function<toLocaleString>' }, toLocaleString: 'Function<toLocaleString>' }, toLocaleString: 
'Function<toLocaleString>' }, toLocaleString: 'Function<toLocaleString>' }, toLocaleString: 'Function<toLocaleString>' 
}, { stack: 'ConstraintError: A mutation operation in the transaction failed because a constraint was not satisfied. 
For example, an object such as an object store or index already exists and a request attempted to create a new one.\n  
  at BinarySearchTree._put (file:///C:/Users/ClaudioHig%C3%B3n/.gemini/antigravity/scratch/calendar/node_modules/fake-i
ndexeddb/build/esm/lib/binarySearchTree.js:121:13)\n    at BinarySearchTree._put (file:///C:/Users/ClaudioHig%C3%B3n/.g
emini/antigravity/scratch/calendar/node_modules/fake-indexeddb/build/esm/lib/binarySearchTree.js:102:21)\n    at 
BinarySearchTree._put (file:///C:/Users/ClaudioHig%C3%B3n/.gemini/antigravity/scratch/calendar/node_modules/fake-indexe
ddb/build/esm/lib/binarySearchTree.js:102:21)\n    at BinarySearchTree._put (file:///C:/Users/ClaudioHig%C3%B3n/.gemini
/antigravity/scratch/calendar/node_modules/fake-indexeddb/build/esm/lib/binarySearchTree.js:102:21)\n    at 
BinarySearchTree.put (file:///C:/Users/ClaudioHig%C3%B3n/.gemini/antigravity/scratch/calendar/node_modules/fake-indexed
db/build/esm/lib/binarySearchTree.js:82:17)\n    at RecordStore.put (file:///C:/Users/ClaudioHig%C3%B3n/.gemini/antigra
vity/scratch/calendar/node_modules/fake-indexeddb/build/esm/lib/RecordStore.js:20:25)\n    at ObjectStore.storeRecord (
file:///C:/Users/ClaudioHig%C3%B3n/.gemini/antigravity/scratch/calendar/node_modules/fake-indexeddb/build/esm/lib/Objec
tStore.js:149:41)\n    at FDBTransaction._start (file:///C:/Users/ClaudioHig%C3%B3n/.gemini/antigravity/scratch/calenda
r/node_modules/fake-indexeddb/build/esm/FDBTransaction.js:193:26)\n    at processImmediate 
(node:internal/timers:485:21)', constructor: 'Function<ConstraintError>', name: 'ConstraintError', message: 'A 
mutation operation in the transaction failed because a constraint was not satisfied. For example, an object such as an 
object store or index already exists and a request attempted to create a new one.', code: +0, INDEX_SIZE_ERR: 1, 
DOMSTRING_SIZE_ERR: 2, HIERARCHY_REQUEST_ERR: 3, WRONG_DOCUMENT_ERR: 4, INVALID_CHARACTER_ERR: 5, NO_DATA_ALLOWED_ERR: 
6, NO_MODIFICATION_ALLOWED_ERR: 7, NOT_FOUND_ERR: 8, NOT_SUPPORTED_ERR: 9, INUSE_ATTRIBUTE_ERR: 10, INVALID_STATE_ERR: 
11, SYNTAX_ERR: 12, INVALID_MODIFICATION_ERR: 13, NAMESPACE_ERR: 14, INVALID_ACCESS_ERR: 15, VALIDATION_ERR: 16, 
TYPE_MISMATCH_ERR: 17, SECURITY_ERR: 18, NETWORK_ERR: 19, ABORT_ERR: 20, URL_MISMATCH_ERR: 21, QUOTA_EXCEEDED_ERR: 22, 
TIMEOUT_ERR: 23, INVALID_NODE_TYPE_ERR: 24, DATA_CLONE_ERR: 25, toString: 'Function<toString>', __defineGetter__: 
'Function<__defineGetter__>', __defineSetter__: 'Function<__defineSetter__>', hasOwnProperty: 
'Function<hasOwnProperty>', __lookupGetter__: 'Function<__lookupGetter__>', __lookupSetter__: 
'Function<__lookupSetter__>', isPrototypeOf: 'Function<isPrototypeOf>', propertyIsEnumerable: 
'Function<propertyIsEnumerable>', valueOf: 'Function<valueOf>', __proto__: { constructor: 'Function<ConstraintError>', 
name: '<unserializable>', message: '<unserializable>', code: '<unserializable>', INDEX_SIZE_ERR: 1, 
DOMSTRING_SIZE_ERR: 2, HIERARCHY_REQUEST_ERR: 3, WRONG_DOCUMENT_ERR: 4, INVALID_CHARACTER_ERR: 5, NO_DATA_ALLOWED_ERR: 
6, NO_MODIFICATION_ALLOWED_ERR: 7, NOT_FOUND_ERR: 8, NOT_SUPPORTED_ERR: 9, INUSE_ATTRIBUTE_ERR: 10, INVALID_STATE_ERR: 
11, SYNTAX_ERR: 12, INVALID_MODIFICATION_ERR: 13, NAMESPACE_ERR: 14, INVALID_ACCESS_ERR: 15, VALIDATION_ERR: 16, 
TYPE_MISMATCH_ERR: 17, SECURITY_ERR: 18, NETWORK_ERR: 19, ABORT_ERR: 20, URL_MISMATCH_ERR: 21, QUOTA_EXCEEDED_ERR: 22, 
TIMEOUT_ERR: 23, INVALID_NODE_TYPE_ERR: 24, DATA_CLONE_ERR: 25, toString: 'Function<toString>', __defineGetter__: 
'Function<__defineGetter__>', __defineSetter__: 'Function<__defineSetter__>', hasOwnProperty: 
'Function<hasOwnProperty>', __lookupGetter__: 'Function<__lookupGetter__>', __lookupSetter__: 
'Function<__lookupSetter__>', isPrototypeOf: 'Function<isPrototypeOf>', propertyIsEnumerable: 
'Function<propertyIsEnumerable>', valueOf: 'Function<valueOf>', __proto__: { constructor: 'Function<DOMException>', 
name: '<unserializable>', message: '<unserializable>', code: '<unserializable>', INDEX_SIZE_ERR: 1, 
DOMSTRING_SIZE_ERR: 2, HIERARCHY_REQUEST_ERR: 3, WRONG_DOCUMENT_ERR: 4, INVALID_CHARACTER_ERR: 5, NO_DATA_ALLOWED_ERR: 
6, NO_MODIFICATION_ALLOWED_ERR: 7, NOT_FOUND_ERR: 8, NOT_SUPPORTED_ERR: 9, INUSE_ATTRIBUTE_ERR: 10, INVALID_STATE_ERR: 
11, SYNTAX_ERR: 12, INVALID_MODIFICATION_ERR: 13, NAMESPACE_ERR: 14, INVALID_ACCESS_ERR: 15, VALIDATION_ERR: 16, 
TYPE_MISMATCH_ERR: 17, SECURITY_ERR: 18, NETWORK_ERR: 19, ABORT_ERR: 20, URL_MISMATCH_ERR: 21, QUOTA_EXCEEDED_ERR: 22, 
TIMEOUT_ERR: 23, INVALID_NODE_TYPE_ERR: 24, DATA_CLONE_ERR: 25, toString: 'Function<toString>', __defineGetter__: 
'Function<__defineGetter__>', __defineSetter__: 'Function<__defineSetter__>', hasOwnProperty: 
'Function<hasOwnProperty>', __lookupGetter__: 'Function<__lookupGetter__>', __lookupSetter__: 
'Function<__lookupSetter__>', isPrototypeOf: 'Function<isPrototypeOf>', propertyIsEnumerable: 
'Function<propertyIsEnumerable>', valueOf: 'Function<valueOf>', __proto__: { constructor: 'Function<Error>', name: 
'Error', message: '', toString: 'Function<toString>', __defineGetter__: 'Function<__defineGetter__>', 
__defineSetter__: 'Function<__defineSetter__>', hasOwnProperty: 'Function<hasOwnProperty>', __lookupGetter__: 
'Function<__lookupGetter__>', __lookupSetter__: 'Function<__lookupSetter__>', isPrototypeOf: 
'Function<isPrototypeOf>', propertyIsEnumerable: 'Function<propertyIsEnumerable>', valueOf: 'Function<valueOf>', 
__proto__: { constructor: 'Function<Object>', __defineGetter__: 'Function<__defineGetter__>', __defineSetter__: 
'Function<__defineSetter__>', hasOwnProperty: 'Function<hasOwnProperty>', __lookupGetter__: 
'Function<__lookupGetter__>', __lookupSetter__: 'Function<__lookupSetter__>', isPrototypeOf: 
'Function<isPrototypeOf>', propertyIsEnumerable: 'Function<propertyIsEnumerable>', toString: 'Function<toString>', 
valueOf: 'Function<valueOf>', __proto__: null, toLocaleString: 'Function<toLocaleString>' }, toLocaleString: 
'Function<toLocaleString>' }, toLocaleString: 'Function<toLocaleString>' }, toLocaleString: 'Function<toLocaleString>' 
}, toLocaleString: 'Function<toLocaleString>' } ] }[39m
[31mThis error originated in "[1msrc/App.test.tsx[22m" test file. It doesn't mean the error was thrown inside the 
file itself, but while it was running.[39m
[31mÔÄ»ÔÄ»ÔÄ»ÔÄ»ÔÄ»ÔÄ»ÔÄ»ÔÄ»ÔÄ»ÔÄ»ÔÄ»ÔÄ»ÔÄ»ÔÄ»ÔÄ»ÔÄ»ÔÄ»ÔÄ»ÔÄ»ÔÄ»ÔÄ»ÔÄ»ÔÄ»ÔÄ»ÔÄ»ÔÄ»ÔÄ»ÔÄ»ÔÄ»ÔÄ»[39m


[2m Test Files [22m [1m[31m1 failed[39m[22m[2m | [22m[1m[32m8 passed[39m[22m[90m (9)[39m
[2m      Tests [22m [1m[31m1 failed[39m[22m[2m | [22m[1m[32m32 passed[39m[22m[90m (33)[39m
[2m     Errors [22m [1m[31m2 errors[39m[22m
[2m   Start at [22m 15:47:36
[2m   Duration [22m 9.08s[2m (transform 9.19s, setup 6.43s, import 17.14s, tests 4.31s, environment 36.46s)[22m

